
Allocating common symbols
Common symbol       size              file

JumpAddress         0x4               target/src/main.o
Jump_To_Application
                    0x4               target/src/main.o

Discarded input sections

 .text          0x00000000        0x0 /home/z80/programs/code-sourcery/2011.03-42/bin/../lib/gcc/arm-none-eabi/4.5.2/thumb2/crti.o
 .data          0x00000000        0x0 /home/z80/programs/code-sourcery/2011.03-42/bin/../lib/gcc/arm-none-eabi/4.5.2/thumb2/crti.o
 .bss           0x00000000        0x0 /home/z80/programs/code-sourcery/2011.03-42/bin/../lib/gcc/arm-none-eabi/4.5.2/thumb2/crti.o
 .data          0x00000000        0x4 /home/z80/programs/code-sourcery/2011.03-42/bin/../lib/gcc/arm-none-eabi/4.5.2/thumb2/crtbegin.o
 .text          0x00000000        0x0 target/cmsis/src/core_cm3.o
 .data          0x00000000        0x0 target/cmsis/src/core_cm3.o
 .bss           0x00000000        0x0 target/cmsis/src/core_cm3.o
 .text.__get_PSP
                0x00000000        0x8 target/cmsis/src/core_cm3.o
 .text.__set_PSP
                0x00000000        0x6 target/cmsis/src/core_cm3.o
 .text.__get_MSP
                0x00000000        0x8 target/cmsis/src/core_cm3.o
 .text.__set_MSP
                0x00000000        0x6 target/cmsis/src/core_cm3.o
 .text.__get_BASEPRI
                0x00000000        0x6 target/cmsis/src/core_cm3.o
 .text.__set_BASEPRI
                0x00000000        0x6 target/cmsis/src/core_cm3.o
 .text.__get_PRIMASK
                0x00000000        0x6 target/cmsis/src/core_cm3.o
 .text.__set_PRIMASK
                0x00000000        0x6 target/cmsis/src/core_cm3.o
 .text.__get_FAULTMASK
                0x00000000        0x6 target/cmsis/src/core_cm3.o
 .text.__set_FAULTMASK
                0x00000000        0x6 target/cmsis/src/core_cm3.o
 .text.__get_CONTROL
                0x00000000        0x6 target/cmsis/src/core_cm3.o
 .text.__set_CONTROL
                0x00000000        0x6 target/cmsis/src/core_cm3.o
 .text.__REV    0x00000000        0x4 target/cmsis/src/core_cm3.o
 .text.__REV16  0x00000000        0x4 target/cmsis/src/core_cm3.o
 .text.__REVSH  0x00000000        0x4 target/cmsis/src/core_cm3.o
 .text.__RBIT   0x00000000        0x6 target/cmsis/src/core_cm3.o
 .text.__LDREXB
                0x00000000        0x8 target/cmsis/src/core_cm3.o
 .text.__LDREXH
                0x00000000        0x8 target/cmsis/src/core_cm3.o
 .text.__LDREXW
                0x00000000        0x6 target/cmsis/src/core_cm3.o
 .text.__STREXB
                0x00000000        0x6 target/cmsis/src/core_cm3.o
 .text.__STREXH
                0x00000000        0x6 target/cmsis/src/core_cm3.o
 .text.__STREXW
                0x00000000        0x6 target/cmsis/src/core_cm3.o
 .text          0x00000000        0x0 target/fatfs/ff.o
 .data          0x00000000        0x0 target/fatfs/ff.o
 .bss           0x00000000        0x0 target/fatfs/ff.o
 .text.f_gets   0x00000000       0x46 target/fatfs/ff.o
 .text          0x00000000        0x0 target/fatfs/sd_spi_stm32.o
 .data          0x00000000        0x0 target/fatfs/sd_spi_stm32.o
 .bss           0x00000000        0x0 target/fatfs/sd_spi_stm32.o
 .text.disk_timerproc
                0x00000000       0x44 target/fatfs/sd_spi_stm32.o
 .bss.pv.6396   0x00000000        0x4 target/fatfs/sd_spi_stm32.o
 .text          0x00000000        0x0 target/src/main.o
 .data          0x00000000        0x0 target/src/main.o
 .bss           0x00000000        0x0 target/src/main.o
 .text.get_fattime
                0x00000000        0x8 target/src/main.o
 .bss.do_report_failure
                0x00000000        0x1 target/src/main.o
 COMMON         0x00000000        0x8 target/src/main.o
 .text          0x00000000        0x0 target/src/stm32f10x_it.o
 .data          0x00000000        0x0 target/src/stm32f10x_it.o
 .bss           0x00000000        0x0 target/src/stm32f10x_it.o
 .text          0x00000000        0x0 target/src/system_stm32f10x.o
 .data          0x00000000        0x0 target/src/system_stm32f10x.o
 .bss           0x00000000        0x0 target/src/system_stm32f10x.o
 .text.SystemCoreClockUpdate
                0x00000000       0x68 target/src/system_stm32f10x.o
 .data.AHBPrescTable
                0x00000000       0x10 target/src/system_stm32f10x.o
 .data.SystemCoreClock
                0x00000000        0x4 target/src/system_stm32f10x.o
 .text          0x00000000        0x0 target/stdperiph/misc.o
 .data          0x00000000        0x0 target/stdperiph/misc.o
 .bss           0x00000000        0x0 target/stdperiph/misc.o
 .text.NVIC_PriorityGroupConfig
                0x00000000       0x14 target/stdperiph/misc.o
 .text.NVIC_Init
                0x00000000       0x60 target/stdperiph/misc.o
 .text.NVIC_SetVectorTable
                0x00000000       0x14 target/stdperiph/misc.o
 .text.NVIC_SystemLPConfig
                0x00000000       0x18 target/stdperiph/misc.o
 .text.SysTick_CLKSourceConfig
[...]
Memory Configuration

Name             Origin             Length             Attributes
FLASH            0x08000000         0x00020000         xr
RAM              0x20000000         0x00002000         xrw
MEMORY_B1        0x60000000         0x00000000         xr
*default*        0x00000000         0xffffffff

Linker script and memory map

LOAD /home/z80/programs/code-sourcery/2011.03-42/bin/../lib/gcc/arm-none-eabi/4.5.2/thumb2/crti.o
LOAD /home/z80/programs/code-sourcery/2011.03-42/bin/../lib/gcc/arm-none-eabi/4.5.2/thumb2/crtbegin.o
LOAD target/cmsis/src/core_cm3.o
LOAD target/fatfs/ff.o
LOAD target/fatfs/sd_spi_stm32.o
LOAD target/src/main.o
LOAD target/src/stm32f10x_it.o
LOAD target/src/system_stm32f10x.o
LOAD target/stdperiph/misc.o
LOAD target/stdperiph/stm32f10x_adc.o
LOAD target/stdperiph/stm32f10x_bkp.o
LOAD target/stdperiph/stm32f10x_can.o
LOAD target/stdperiph/stm32f10x_cec.o
LOAD target/stdperiph/stm32f10x_crc.o
LOAD target/stdperiph/stm32f10x_dac.o
LOAD target/stdperiph/stm32f10x_dbgmcu.o
LOAD target/stdperiph/stm32f10x_dma.o
LOAD target/stdperiph/stm32f10x_exti.o
LOAD target/stdperiph/stm32f10x_flash.o
LOAD target/stdperiph/stm32f10x_fsmc.o
LOAD target/stdperiph/stm32f10x_gpio.o
LOAD target/stdperiph/stm32f10x_i2c.o
LOAD target/stdperiph/stm32f10x_iwdg.o
LOAD target/stdperiph/stm32f10x_pwr.o
LOAD target/stdperiph/stm32f10x_rcc.o
LOAD target/stdperiph/stm32f10x_rtc.o
LOAD target/stdperiph/stm32f10x_sdio.o
LOAD target/stdperiph/stm32f10x_spi.o
LOAD target/stdperiph/stm32f10x_tim.o
LOAD target/stdperiph/stm32f10x_usart.o
LOAD target/stdperiph/stm32f10x_wwdg.o
LOAD target/cmsis/startup/startup_stm32f10x_md.o
LOAD /home/z80/programs/code-sourcery/2011.03-42/bin/../lib/gcc/arm-none-eabi/4.5.2/../../../../arm-none-eabi/lib/thumb2/libm.a
                0x00001000                malloc_getpagesize_P = 0x1000
START GROUP
LOAD /home/z80/programs/code-sourcery/2011.03-42/bin/../lib/gcc/arm-none-eabi/4.5.2/thumb2/libgcc.a
LOAD /home/z80/programs/code-sourcery/2011.03-42/bin/../lib/gcc/arm-none-eabi/4.5.2/../../../../arm-none-eabi/lib/thumb2/libc.a
END GROUP
LOAD /home/z80/programs/code-sourcery/2011.03-42/bin/../lib/gcc/arm-none-eabi/4.5.2/thumb2/crtend.o
LOAD /home/z80/programs/code-sourcery/2011.03-42/bin/../lib/gcc/arm-none-eabi/4.5.2/thumb2/crtn.o
                0x20002000                _estack = 0x20002000
                0x00000000                _Min_Heap_Size = 0x0
                0x00000080                _Min_Stack_Size = 0x80

.isr_vector     0x08000000      0x10c
                0x08000000                . = ALIGN (0x4)
 *(.isr_vector)
 .isr_vector    0x08000000      0x10c target/cmsis/startup/startup_stm32f10x_md.o
                0x08000000                g_pfnVectors
                0x0800010c                . = ALIGN (0x4)

.text           0x0800010c     0x112c
                0x0800010c                . = ALIGN (0x4)
 *(.text)
 .text          0x0800010c       0x30 /home/z80/programs/code-sourcery/2011.03-42/bin/../lib/gcc/arm-none-eabi/4.5.2/thumb2/crtbegin.o
 *(.text*)
 .text.validate
                0x0800013c       0x26 target/fatfs/ff.o
 .text.move_window
                0x08000162       0x2e target/fatfs/ff.o
 .text.check_fs
                0x08000190       0x88 target/fatfs/ff.o
 .text.clust2sect
                0x08000218       0x18 target/fatfs/ff.o
                0x08000218                clust2sect
 .text.get_fat  0x08000230       0xd2 target/fatfs/ff.o
                0x08000230                get_fat
 .text.dir_sdi.clone.3
                0x08000302       0x6e target/fatfs/ff.o
 .text.f_mount  0x08000370       0x20 target/fatfs/ff.o
                0x08000370                f_mount
 .text.f_open   0x08000390      0x488 target/fatfs/ff.o
                0x08000390                f_open
 .text.f_read   0x08000818      0x124 target/fatfs/ff.o
                0x08000818                f_read
 .text.f_close  0x0800093c       0x12 target/fatfs/ff.o
                0x0800093c                f_close
 *fill*         0x0800094e        0x2 00
 .text.interface_speed
                0x08000950       0x20 target/fatfs/sd_spi_stm32.o
 .text.stm32_spi_rw
                0x08000970       0x24 target/fatfs/sd_spi_stm32.o
 .text.rcvr_spi
                0x08000994        0x6 target/fatfs/sd_spi_stm32.o
 *fill*         0x0800099a        0x2 00
 .text.wait_ready
                0x0800099c       0x20 target/fatfs/sd_spi_stm32.o
 .text.release_spi
                0x080009bc       0x18 target/fatfs/sd_spi_stm32.o
 .text.send_cmd
                0x080009d4       0x94 target/fatfs/sd_spi_stm32.o
 .text.rcvr_datablock.clone.1
                0x08000a68       0x5c target/fatfs/sd_spi_stm32.o
 .text.disk_initialize
                0x08000ac4      0x260 target/fatfs/sd_spi_stm32.o
                0x08000ac4                disk_initialize
 .text.disk_status
                0x08000d24       0x10 target/fatfs/sd_spi_stm32.o
                0x08000d24                disk_status
 .text.disk_read
                0x08000d34       0x84 target/fatfs/sd_spi_stm32.o
                0x08000d34                disk_read
 .text.dfu      0x08000db8       0x70 target/src/main.o
 .text.main     0x08000e28        0x8 target/src/main.o
                0x08000e28                main
 .text.NMI_Handler
                0x08000e30        0x2 target/src/stm32f10x_it.o
                0x08000e30                NMI_Handler
 .text.HardFault_Handler
                0x08000e32        0x2 target/src/stm32f10x_it.o
                0x08000e32                HardFault_Handler
 .text.MemManage_Handler
                0x08000e34        0x2 target/src/stm32f10x_it.o
                0x08000e34                MemManage_Handler
 .text.BusFault_Handler
                0x08000e36        0x2 target/src/stm32f10x_it.o
                0x08000e36                BusFault_Handler
 .text.UsageFault_Handler
                0x08000e38        0x2 target/src/stm32f10x_it.o
                0x08000e38                UsageFault_Handler
 .text.SVC_Handler
                0x08000e3a        0x2 target/src/stm32f10x_it.o
                0x08000e3a                SVC_Handler
 .text.DebugMon_Handler
                0x08000e3c        0x2 target/src/stm32f10x_it.o
                0x08000e3c                DebugMon_Handler
 .text.PendSV_Handler
                0x08000e3e        0x2 target/src/stm32f10x_it.o
                0x08000e3e                PendSV_Handler
 .text.SysTick_Handler
                0x08000e40        0x2 target/src/stm32f10x_it.o
                0x08000e40                SysTick_Handler
 .text.USB_HP_CAN1_TX_IRQHandler
                0x08000e42        0x2 target/src/stm32f10x_it.o
                0x08000e42                USB_HP_CAN1_TX_IRQHandler
 .text.USB_LP_CAN1_RX0_IRQHandler
                0x08000e44        0x2 target/src/stm32f10x_it.o
                0x08000e44                USB_LP_CAN1_RX0_IRQHandler
 *fill*         0x08000e46        0x2 00
 .text.SystemInit
                0x08000e48       0xfc target/src/system_stm32f10x.o
                0x08000e48                SystemInit
 .text.GPIO_Init
                0x08000f44       0x9e target/stdperiph/stm32f10x_gpio.o
                0x08000f44                GPIO_Init
 .text.GPIO_SetBits
                0x08000fe2        0x4 target/stdperiph/stm32f10x_gpio.o
                0x08000fe2                GPIO_SetBits
 .text.GPIO_ResetBits
                0x08000fe6        0x4 target/stdperiph/stm32f10x_gpio.o
                0x08000fe6                GPIO_ResetBits
 *fill*         0x08000fea        0x2 00
 .text.RCC_APB2PeriphClockCmd
                0x08000fec       0x18 target/stdperiph/stm32f10x_rcc.o
                0x08000fec                RCC_APB2PeriphClockCmd
 .text.RCC_APB1PeriphClockCmd
                0x08001004       0x18 target/stdperiph/stm32f10x_rcc.o
                0x08001004                RCC_APB1PeriphClockCmd
 .text.RCC_APB2PeriphResetCmd
                0x0800101c       0x18 target/stdperiph/stm32f10x_rcc.o
                0x0800101c                RCC_APB2PeriphResetCmd
 .text.RCC_APB1PeriphResetCmd
                0x08001034       0x18 target/stdperiph/stm32f10x_rcc.o
                0x08001034                RCC_APB1PeriphResetCmd
 .text.SPI_I2S_DeInit
                0x0800104c       0x64 target/stdperiph/stm32f10x_spi.o
                0x0800104c                SPI_I2S_DeInit
 .text.SPI_Init
                0x080010b0       0x40 target/stdperiph/stm32f10x_spi.o
                0x080010b0                SPI_Init
 .text.SPI_Cmd  0x080010f0       0x1a target/stdperiph/stm32f10x_spi.o
                0x080010f0                SPI_Cmd
 .text.SPI_I2S_SendData
                0x0800110a        0x4 target/stdperiph/stm32f10x_spi.o
                0x0800110a                SPI_I2S_SendData
 .text.SPI_I2S_ReceiveData
                0x0800110e        0x6 target/stdperiph/stm32f10x_spi.o
                0x0800110e                SPI_I2S_ReceiveData
 .text.SPI_CalculateCRC
                0x08001114       0x1a target/stdperiph/stm32f10x_spi.o
                0x08001114                SPI_CalculateCRC
 .text.SPI_I2S_GetFlagStatus
                0x0800112e        0xc target/stdperiph/stm32f10x_spi.o
                0x0800112e                SPI_I2S_GetFlagStatus
 *fill*         0x0800113a        0x2 00
 .text.Reset_Handler
                0x0800113c       0x44 target/cmsis/startup/startup_stm32f10x_md.o
                0x0800113c                Reset_Handler
 .text.Default_Handler
                0x08001180        0x2 target/cmsis/startup/startup_stm32f10x_md.o
                0x08001180                EXTI2_IRQHandler
                0x08001180                TIM1_CC_IRQHandler
                0x08001180                PVD_IRQHandler
                0x08001180                EXTI3_IRQHandler
                0x08001180                EXTI0_IRQHandler
                0x08001180                I2C2_EV_IRQHandler
                0x08001180                ADC1_2_IRQHandler
                0x08001180                SPI1_IRQHandler
                0x08001180                TAMPER_IRQHandler
                0x08001180                DMA1_Channel4_IRQHandler
                0x08001180                USART3_IRQHandler
                0x08001180                RTC_IRQHandler
                0x08001180                DMA1_Channel7_IRQHandler
                0x08001180                CAN1_RX1_IRQHandler
                0x08001180                TIM4_IRQHandler
                0x08001180                I2C1_EV_IRQHandler
                0x08001180                DMA1_Channel6_IRQHandler
                0x08001180                TIM3_IRQHandler
                0x08001180                RCC_IRQHandler
                0x08001180                TIM1_TRG_COM_IRQHandler
                0x08001180                DMA1_Channel1_IRQHandler
                0x08001180                Default_Handler
                0x08001180                EXTI15_10_IRQHandler
                0x08001180                EXTI9_5_IRQHandler
                0x08001180                SPI2_IRQHandler
                0x08001180                DMA1_Channel5_IRQHandler
                0x08001180                EXTI4_IRQHandler
                0x08001180                DMA1_Channel3_IRQHandler
                0x08001180                TIM1_UP_IRQHandler
                0x08001180                WWDG_IRQHandler
                0x08001180                TIM2_IRQHandler
                0x08001180                TIM1_BRK_IRQHandler
                0x08001180                EXTI1_IRQHandler
                0x08001180                RTCAlarm_IRQHandler
                0x08001180                USART2_IRQHandler
                0x08001180                I2C2_ER_IRQHandler
                0x08001180                DMA1_Channel2_IRQHandler
                0x08001180                CAN1_SCE_IRQHandler
                0x08001180                FLASH_IRQHandler
                0x08001180                USART1_IRQHandler
                0x08001180                I2C1_ER_IRQHandler
                0x08001180                USBWakeUp_IRQHandler
 *(.rodata)
 *(.rodata*)
 .rodata.excvt.4209
                0x08001182       0x80 target/fatfs/ff.o
 .rodata.str1.1
                0x08001202        0xf target/fatfs/ff.o
 .rodata.str1.1
                0x08001211        0xd target/src/main.o
 *(.glue_7)
 .glue_7        0x00000000        0x0 linker stubs
 *(.glue_7t)
 .glue_7t       0x00000000        0x0 linker stubs
 *(.init)
 *fill*         0x0800121e        0x2 00
 .init          0x08001220        0x4 /home/z80/programs/code-sourcery/2011.03-42/bin/../lib/gcc/arm-none-eabi/4.5.2/thumb2/crti.o
                0x08001220                _init
 .init          0x08001224        0x8 /home/z80/programs/code-sourcery/2011.03-42/bin/../lib/gcc/arm-none-eabi/4.5.2/thumb2/crtn.o
 *(.fini)
 .fini          0x0800122c        0x4 /home/z80/programs/code-sourcery/2011.03-42/bin/../lib/gcc/arm-none-eabi/4.5.2/thumb2/crti.o
                0x0800122c                _fini
 .fini          0x08001230        0x8 /home/z80/programs/code-sourcery/2011.03-42/bin/../lib/gcc/arm-none-eabi/4.5.2/thumb2/crtn.o
                0x08001238                . = ALIGN (0x4)
                0x08001238                _etext = .

.vfp11_veneer   0x08001238        0x0
 .vfp11_veneer  0x00000000        0x0 linker stubs

.v4_bx          0x08001238        0x0
 .v4_bx         0x00000000        0x0 linker stubs

.ARM.extab
 *(.ARM.extab* .gnu.linkonce.armextab.*)

.ARM            0x08001238        0x0
                0x08001238                __exidx_start = .
 *(.ARM.exidx*)
                0x08001238                __exidx_end = .

.ARM.attributes
                0x08001238       0x25
 *(.ARM.attributes)
 .ARM.attributes
                0x08001238       0x19 /home/z80/programs/code-sourcery/2011.03-42/bin/../lib/gcc/arm-none-eabi/4.5.2/thumb2/crti.o
 .ARM.attributes
                0x08001251       0x29 /home/z80/programs/code-sourcery/2011.03-42/bin/../lib/gcc/arm-none-eabi/4.5.2/thumb2/crtbegin.o
 .ARM.attributes
                0x0800127a       0x31 target/cmsis/src/core_cm3.o
 .ARM.attributes
                0x080012ab       0x31 target/fatfs/ff.o
 .ARM.attributes
                0x080012dc       0x31 target/fatfs/sd_spi_stm32.o
 .ARM.attributes
                0x0800130d       0x31 target/src/main.o
 .ARM.attributes
                0x0800133e       0x31 target/src/stm32f10x_it.o
 .ARM.attributes
                0x0800136f       0x31 target/src/system_stm32f10x.o
 .ARM.attributes
                0x080013a0       0x31 target/stdperiph/misc.o
 .ARM.attributes
                0x080013d1       0x31 target/stdperiph/stm32f10x_adc.o
 .ARM.attributes
                0x08001402       0x31 target/stdperiph/stm32f10x_bkp.o
 .ARM.attributes
                0x08001433       0x31 target/stdperiph/stm32f10x_can.o
 .ARM.attributes
                0x08001464       0x31 target/stdperiph/stm32f10x_cec.o
 .ARM.attributes
                0x08001495       0x31 target/stdperiph/stm32f10x_crc.o
 .ARM.attributes
                0x080014c6       0x31 target/stdperiph/stm32f10x_dac.o
 .ARM.attributes
                0x080014f7       0x31 target/stdperiph/stm32f10x_dbgmcu.o
 .ARM.attributes
                0x08001528       0x31 target/stdperiph/stm32f10x_dma.o
 .ARM.attributes
                0x08001559       0x31 target/stdperiph/stm32f10x_exti.o
 .ARM.attributes
                0x0800158a       0x31 target/stdperiph/stm32f10x_flash.o
 .ARM.attributes
                0x080015bb       0x31 target/stdperiph/stm32f10x_fsmc.o
 .ARM.attributes
                0x080015ec       0x31 target/stdperiph/stm32f10x_gpio.o
 .ARM.attributes
                0x0800161d       0x31 target/stdperiph/stm32f10x_i2c.o
 .ARM.attributes
                0x0800164e       0x31 target/stdperiph/stm32f10x_iwdg.o
 .ARM.attributes
                0x0800167f       0x31 target/stdperiph/stm32f10x_pwr.o
 .ARM.attributes
                0x080016b0       0x31 target/stdperiph/stm32f10x_rcc.o
 .ARM.attributes
                0x080016e1       0x31 target/stdperiph/stm32f10x_rtc.o
 .ARM.attributes
                0x08001712       0x31 target/stdperiph/stm32f10x_sdio.o
 .ARM.attributes
                0x08001743       0x31 target/stdperiph/stm32f10x_spi.o
 .ARM.attributes
                0x08001774       0x31 target/stdperiph/stm32f10x_tim.o
 .ARM.attributes
                0x080017a5       0x31 target/stdperiph/stm32f10x_usart.o
 .ARM.attributes
                0x080017d6       0x31 target/stdperiph/stm32f10x_wwdg.o
 .ARM.attributes
                0x08001807       0x21 target/cmsis/startup/startup_stm32f10x_md.o
 .ARM.attributes
                0x08001828       0x29 /home/z80/programs/code-sourcery/2011.03-42/bin/../lib/gcc/arm-none-eabi/4.5.2/thumb2/crtend.o
 .ARM.attributes
                0x08001851       0x19 /home/z80/programs/code-sourcery/2011.03-42/bin/../lib/gcc/arm-none-eabi/4.5.2/thumb2/crtn.o

.preinit_array  0x0800186a        0x0
                0x0800186a                PROVIDE (__preinit_array_start, .)
 *(.preinit_array*)
                0x0800186a                PROVIDE (__preinit_array_end, .)

.init_array     0x0800186c        0x4
                0x0800186c                PROVIDE (__init_array_start, .)
 *(SORT(.init_array.*))
 *(.init_array*)
 .init_array    0x0800186c        0x4 /home/z80/programs/code-sourcery/2011.03-42/bin/../lib/gcc/arm-none-eabi/4.5.2/thumb2/crtbegin.o
                0x08001870                PROVIDE (__init_array_end, .)

.fini_array     0x08001870        0x4
                0x08001870                PROVIDE (__fini_array_start, .)
 *(.fini_array*)
 .fini_array    0x08001870        0x4 /home/z80/programs/code-sourcery/2011.03-42/bin/../lib/gcc/arm-none-eabi/4.5.2/thumb2/crtbegin.o
 *(SORT(.fini_array.*))
                0x08001874                PROVIDE (__fini_array_end, .)
                0x08001874                _sidata = .

.data           0x20000000        0x4 load address 0x08001874
                0x20000000                . = ALIGN (0x4)
                0x20000000                _sdata = .
 *(.data)
 *(.data*)
 .data.Stat     0x20000000        0x1 target/fatfs/sd_spi_stm32.o
                0x20000004                . = ALIGN (0x4)
 *fill*         0x20000001        0x3 00
                0x20000004                _edata = .

.jcr            0x20000004        0x0 load address 0x08001878
 .jcr           0x20000004        0x0 /home/z80/programs/code-sourcery/2011.03-42/bin/../lib/gcc/arm-none-eabi/4.5.2/thumb2/crtbegin.o
                0x20000004                . = ALIGN (0x4)

.bss            0x20000004       0x14 load address 0x08001878
                0x20000004                _sbss = .
                0x20000004                __bss_start__ = _sbss
 *(.bss)
 .bss           0x20000004        0x1 /home/z80/programs/code-sourcery/2011.03-42/bin/../lib/gcc/arm-none-eabi/4.5.2/thumb2/crtbegin.o
 *(.bss*)
 *fill*         0x20000005        0x1 00
 .bss.Fsid      0x20000006        0x2 target/fatfs/ff.o
 .bss.FatFs     0x20000008        0x4 target/fatfs/ff.o
 .bss.Timer1    0x2000000c        0x4 target/fatfs/sd_spi_stm32.o
 .bss.Timer2    0x20000010        0x4 target/fatfs/sd_spi_stm32.o
 .bss.CardType  0x20000014        0x1 target/fatfs/sd_spi_stm32.o
 *(COMMON)
                0x20000018                . = ALIGN (0x4)
 *fill*         0x20000015        0x3 00
                0x20000018                _ebss = .
                0x20000018                __bss_end__ = _ebss
                0x20000018                PROVIDE (end, _ebss)
                0x20000018                PROVIDE (_end, _ebss)

._user_heap_stack
                0x20000018       0x80 load address 0x0800188c
                0x20000018                . = ALIGN (0x4)
                0x20000018                . = (. + _Min_Heap_Size)
                0x20000098                . = (. + _Min_Stack_Size)
 *fill*         0x20000018       0x80 00
                0x20000098                . = ALIGN (0x4)

.memory_b1_text
 *(.mb1text)
 *(.mb1text*)
 *(.mb1rodata)
 *(.mb1rodata*)

/DISCARD/
 libc.a(*)
 libm.a(*)
 libgcc.a(*)
OUTPUT(target/target.elf elf32-littlearm)

.debug_abbrev   0x00000000     0x2f1a
 .debug_abbrev  0x00000000       0xb6 target/cmsis/src/core_cm3.o
 .debug_abbrev  0x000000b6      0x26f target/fatfs/ff.o
 .debug_abbrev  0x00000325      0x302 target/fatfs/sd_spi_stm32.o
 .debug_abbrev  0x00000627      0x1ca target/src/main.o
 .debug_abbrev  0x000007f1       0x59 target/src/stm32f10x_it.o
 .debug_abbrev  0x0000084a      0x1a8 target/src/system_stm32f10x.o
 .debug_abbrev  0x000009f2      0x15d target/stdperiph/misc.o
 .debug_abbrev  0x00000b4f      0x1d1 target/stdperiph/stm32f10x_adc.o
 .debug_abbrev  0x00000d20      0x17e target/stdperiph/stm32f10x_bkp.o
 .debug_abbrev  0x00000e9e      0x1fc target/stdperiph/stm32f10x_can.o
 .debug_abbrev  0x0000109a      0x1c6 target/stdperiph/stm32f10x_cec.o
 .debug_abbrev  0x00001260      0x134 target/stdperiph/stm32f10x_crc.o
 .debug_abbrev  0x00001394      0x1b7 target/stdperiph/stm32f10x_dac.o
 .debug_abbrev  0x0000154b       0xeb target/stdperiph/stm32f10x_dbgmcu.o
 .debug_abbrev  0x00001636      0x176 target/stdperiph/stm32f10x_dma.o
 .debug_abbrev  0x000017ac      0x172 target/stdperiph/stm32f10x_exti.o
 .debug_abbrev  0x0000191e      0x199 target/stdperiph/stm32f10x_flash.o
 .debug_abbrev  0x00001ab7      0x1b4 target/stdperiph/stm32f10x_fsmc.o
 .debug_abbrev  0x00001c6b      0x1db target/stdperiph/stm32f10x_gpio.o
 .debug_abbrev  0x00001e46      0x196 target/stdperiph/stm32f10x_i2c.o
 .debug_abbrev  0x00001fdc      0x10b target/stdperiph/stm32f10x_iwdg.o
 .debug_abbrev  0x000020e7      0x1ec target/stdperiph/stm32f10x_pwr.o
 .debug_abbrev  0x000022d3      0x1d2 target/stdperiph/stm32f10x_rcc.o
 .debug_abbrev  0x000024a5      0x19d target/stdperiph/stm32f10x_rtc.o
 .debug_abbrev  0x00002642      0x1fa target/stdperiph/stm32f10x_sdio.o
 .debug_abbrev  0x0000283c      0x1b2 target/stdperiph/stm32f10x_spi.o
 .debug_abbrev  0x000029ee      0x23a target/stdperiph/stm32f10x_tim.o
 .debug_abbrev  0x00002c28      0x1ab target/stdperiph/stm32f10x_usart.o
 .debug_abbrev  0x00002dd3      0x135 target/stdperiph/stm32f10x_wwdg.o
 .debug_abbrev  0x00002f08       0x12 target/cmsis/startup/startup_stm32f10x_md.o

.debug_info     0x00000000     0xd6e6
 .debug_info    0x00000000      0x54f target/cmsis/src/core_cm3.o
 .debug_info    0x0000054f      0xf30 target/fatfs/ff.o
 .debug_info    0x0000147f      0x89b target/fatfs/sd_spi_stm32.o
 .debug_info    0x00001d1a      0x460 target/src/main.o
 .debug_info    0x0000217a      0x16d target/src/stm32f10x_it.o
 .debug_info    0x000022e7      0x4cb target/src/system_stm32f10x.o
 .debug_info    0x000027b2      0x548 target/stdperiph/misc.o
 .debug_info    0x00002cfa      0xbed target/stdperiph/stm32f10x_adc.o
 .debug_info    0x000038e7      0x872 target/stdperiph/stm32f10x_bkp.o
 .debug_info    0x00004159      0xc4f target/stdperiph/stm32f10x_can.o
 .debug_info    0x00004da8      0x439 target/stdperiph/stm32f10x_cec.o
 .debug_info    0x000051e1      0x200 target/stdperiph/stm32f10x_crc.o
 .debug_info    0x000053e1      0x4db target/stdperiph/stm32f10x_dac.o
 .debug_info    0x000058bc      0x15b target/stdperiph/stm32f10x_dbgmcu.o
 .debug_info    0x00005a17      0x499 target/stdperiph/stm32f10x_dma.o
 .debug_info    0x00005eb0      0x35f target/stdperiph/stm32f10x_exti.o
 .debug_info    0x0000620f      0x824 target/stdperiph/stm32f10x_flash.o
 .debug_info    0x00006a33      0x997 target/stdperiph/stm32f10x_fsmc.o
 .debug_info    0x000073ca      0x71d target/stdperiph/stm32f10x_gpio.o
 .debug_info    0x00007ae7      0xb72 target/stdperiph/stm32f10x_i2c.o
 .debug_info    0x00008659      0x1fd target/stdperiph/stm32f10x_iwdg.o
 .debug_info    0x00008856      0x45c target/stdperiph/stm32f10x_pwr.o
 .debug_info    0x00008cb2      0x8e6 target/stdperiph/stm32f10x_rcc.o
 .debug_info    0x00009598      0x46a target/stdperiph/stm32f10x_rtc.o
 .debug_info    0x00009a02      0x874 target/stdperiph/stm32f10x_sdio.o
 .debug_info    0x0000a276      0x95c target/stdperiph/stm32f10x_spi.o
 .debug_info    0x0000abd2     0x1e16 target/stdperiph/stm32f10x_tim.o
 .debug_info    0x0000c9e8      0xa4e target/stdperiph/stm32f10x_usart.o
 .debug_info    0x0000d436      0x237 target/stdperiph/stm32f10x_wwdg.o
 .debug_info    0x0000d66d       0x79 target/cmsis/startup/startup_stm32f10x_md.o

.debug_line     0x00000000     0x4f73
 .debug_line    0x00000000      0x246 target/cmsis/src/core_cm3.o
 .debug_line    0x00000246      0x33d target/fatfs/ff.o
 .debug_line    0x00000583      0x334 target/fatfs/sd_spi_stm32.o
 .debug_line    0x000008b7      0x11c target/src/main.o
 .debug_line    0x000009d3      0x100 target/src/stm32f10x_it.o
 .debug_line    0x00000ad3      0x150 target/src/system_stm32f10x.o
 .debug_line    0x00000c23      0x153 target/stdperiph/misc.o
 .debug_line    0x00000d76      0x42f target/stdperiph/stm32f10x_adc.o
 .debug_line    0x000011a5      0x1c6 target/stdperiph/stm32f10x_bkp.o
 .debug_line    0x0000136b      0x464 target/stdperiph/stm32f10x_can.o
 .debug_line    0x000017cf      0x21a target/stdperiph/stm32f10x_cec.o
 .debug_line    0x000019e9      0x160 target/stdperiph/stm32f10x_crc.o
 .debug_line    0x00001b49      0x1fa target/stdperiph/stm32f10x_dac.o
 .debug_line    0x00001d43      0x118 target/stdperiph/stm32f10x_dbgmcu.o
 .debug_line    0x00001e5b      0x208 target/stdperiph/stm32f10x_dma.o
 .debug_line    0x00002063      0x1a8 target/stdperiph/stm32f10x_exti.o
 .debug_line    0x0000220b      0x42c target/stdperiph/stm32f10x_flash.o
 .debug_line    0x00002637      0x35d target/stdperiph/stm32f10x_fsmc.o
 .debug_line    0x00002994      0x2c3 target/stdperiph/stm32f10x_gpio.o
 .debug_line    0x00002c57      0x3fa target/stdperiph/stm32f10x_i2c.o
 .debug_line    0x00003051      0x14c target/stdperiph/stm32f10x_iwdg.o
 .debug_line    0x0000319d      0x1c9 target/stdperiph/stm32f10x_pwr.o
 .debug_line    0x00003366      0x3aa target/stdperiph/stm32f10x_rcc.o
 .debug_line    0x00003710      0x204 target/stdperiph/stm32f10x_rtc.o
 .debug_line    0x00003914      0x37e target/stdperiph/stm32f10x_sdio.o
 .debug_line    0x00003c92      0x357 target/stdperiph/stm32f10x_spi.o
 .debug_line    0x00003fe9      0x9b8 target/stdperiph/stm32f10x_tim.o
 .debug_line    0x000049a1      0x3df target/stdperiph/stm32f10x_usart.o
 .debug_line    0x00004d80      0x17a target/stdperiph/stm32f10x_wwdg.o
 .debug_line    0x00004efa       0x79 target/cmsis/startup/startup_stm32f10x_md.o

.debug_loc      0x00000000     0x6de0
 .debug_loc     0x00000000      0x280 target/cmsis/src/core_cm3.o
 .debug_loc     0x00000280      0xf51 target/fatfs/ff.o
 .debug_loc     0x000011d1      0x4de target/fatfs/sd_spi_stm32.o
 .debug_loc     0x000016af       0xa0 target/src/main.o
 .debug_loc     0x0000174f       0xb2 target/src/system_stm32f10x.o
 .debug_loc     0x00001801      0x112 target/stdperiph/misc.o
 .debug_loc     0x00001913      0x820 target/stdperiph/stm32f10x_adc.o
 .debug_loc     0x00002133      0x11d target/stdperiph/stm32f10x_bkp.o
 .debug_loc     0x00002250      0x66c target/stdperiph/stm32f10x_can.o
 .debug_loc     0x000028bc      0x1f9 target/stdperiph/stm32f10x_cec.o
 .debug_loc     0x00002ab5       0x89 target/stdperiph/stm32f10x_crc.o
 .debug_loc     0x00002b3e      0x2ae target/stdperiph/stm32f10x_dac.o
 .debug_loc     0x00002dec       0x1e target/stdperiph/stm32f10x_dbgmcu.o
 .debug_loc     0x00002e0a      0x142 target/stdperiph/stm32f10x_dma.o
 .debug_loc     0x00002f4c      0x12b target/stdperiph/stm32f10x_exti.o
 .debug_loc     0x00003077      0x792 target/stdperiph/stm32f10x_flash.o
 .debug_loc     0x00003809      0x356 target/stdperiph/stm32f10x_fsmc.o
 .debug_loc     0x00003b5f      0x4bd target/stdperiph/stm32f10x_gpio.o
 .debug_loc     0x0000401c      0x5e6 target/stdperiph/stm32f10x_i2c.o
 .debug_loc     0x00004602       0x3d target/stdperiph/stm32f10x_iwdg.o
 .debug_loc     0x0000463f      0x13d target/stdperiph/stm32f10x_pwr.o
 .debug_loc     0x0000477c      0x49f target/stdperiph/stm32f10x_rcc.o
 .debug_loc     0x00004c1b      0x1b4 target/stdperiph/stm32f10x_rtc.o
 .debug_loc     0x00004dcf      0x236 target/stdperiph/stm32f10x_sdio.o
 .debug_loc     0x00005005      0x432 target/stdperiph/stm32f10x_spi.o
 .debug_loc     0x00005437     0x13a8 target/stdperiph/stm32f10x_tim.o
 .debug_loc     0x000067df      0x51c target/stdperiph/stm32f10x_usart.o
 .debug_loc     0x00006cfb       0xe5 target/stdperiph/stm32f10x_wwdg.o

.debug_pubnames
                0x00000000     0x2e3a
 .debug_pubnames
                0x00000000      0x159 target/cmsis/src/core_cm3.o
 .debug_pubnames
                0x00000159       0x66 target/fatfs/ff.o
 .debug_pubnames
                0x000001bf       0x57 target/fatfs/sd_spi_stm32.o
 .debug_pubnames
                0x00000216       0x69 target/src/main.o
 .debug_pubnames
                0x0000027f      0x103 target/src/stm32f10x_it.o
 .debug_pubnames
                0x00000382       0x61 target/src/system_stm32f10x.o
 .debug_pubnames
                0x000003e3       0x89 target/stdperiph/misc.o
 .debug_pubnames
                0x0000046c      0x401 target/stdperiph/stm32f10x_adc.o
 .debug_pubnames
                0x0000086d      0x128 target/stdperiph/stm32f10x_bkp.o
 .debug_pubnames
                0x00000995      0x208 target/stdperiph/stm32f10x_can.o
 .debug_pubnames
                0x00000b9d      0x12b target/stdperiph/stm32f10x_cec.o
 .debug_pubnames
                0x00000cc8       0x82 target/stdperiph/stm32f10x_crc.o
 .debug_pubnames
                0x00000d4a      0x116 target/stdperiph/stm32f10x_dac.o
 .debug_pubnames
                0x00000e60       0x4c target/stdperiph/stm32f10x_dbgmcu.o
 .debug_pubnames
                0x00000eac       0xea target/stdperiph/stm32f10x_dma.o
 .debug_pubnames
                0x00000f96       0xbb target/stdperiph/stm32f10x_exti.o
 .debug_pubnames
                0x00001051      0x2f2 target/stdperiph/stm32f10x_flash.o
 .debug_pubnames
                0x00001343      0x1a3 target/stdperiph/stm32f10x_fsmc.o
 .debug_pubnames
                0x000014e6      0x19d target/stdperiph/stm32f10x_gpio.o
 .debug_pubnames
                0x00001683      0x2cb target/stdperiph/stm32f10x_i2c.o
 .debug_pubnames
                0x0000194e       0x91 target/stdperiph/stm32f10x_iwdg.o
 .debug_pubnames
                0x000019df       0xcb target/stdperiph/stm32f10x_pwr.o
 .debug_pubnames
                0x00001aaa      0x2c4 target/stdperiph/stm32f10x_rcc.o
 .debug_pubnames
                0x00001d6e      0x136 target/stdperiph/stm32f10x_rtc.o
 .debug_pubnames
                0x00001ea4      0x2ac target/stdperiph/stm32f10x_sdio.o
 .debug_pubnames
                0x00002150      0x1f6 target/stdperiph/stm32f10x_spi.o
 .debug_pubnames
                0x00002346      0x7b0 target/stdperiph/stm32f10x_tim.o
 .debug_pubnames
                0x00002af6      0x294 target/stdperiph/stm32f10x_usart.o
 .debug_pubnames
                0x00002d8a       0xb0 target/stdperiph/stm32f10x_wwdg.o

.debug_pubtypes
                0x00000000     0x10a9
 .debug_pubtypes
                0x00000000       0x50 target/cmsis/src/core_cm3.o
 .debug_pubtypes
                0x00000050       0x73 target/fatfs/ff.o
 .debug_pubtypes
                0x000000c3       0xf0 target/fatfs/sd_spi_stm32.o
 .debug_pubtypes
                0x000001b3       0x7c target/src/main.o
 .debug_pubtypes
                0x0000022f       0x12 target/src/stm32f10x_it.o
 .debug_pubtypes
                0x00000241       0x67 target/src/system_stm32f10x.o
 .debug_pubtypes
                0x000002a8       0x80 target/stdperiph/misc.o
 .debug_pubtypes
                0x00000328       0x8c target/stdperiph/stm32f10x_adc.o
 .debug_pubtypes
                0x000003b4       0x78 target/stdperiph/stm32f10x_bkp.o
 .debug_pubtypes
                0x0000042c      0x115 target/stdperiph/stm32f10x_can.o
 .debug_pubtypes
                0x00000541       0x8c target/stdperiph/stm32f10x_cec.o
 .debug_pubtypes
                0x000005cd       0x48 target/stdperiph/stm32f10x_crc.o
 .debug_pubtypes
                0x00000615       0x70 target/stdperiph/stm32f10x_dac.o
 .debug_pubtypes
                0x00000685       0x46 target/stdperiph/stm32f10x_dbgmcu.o
 .debug_pubtypes
                0x000006cb       0x98 target/stdperiph/stm32f10x_dma.o
 .debug_pubtypes
                0x00000763       0xa2 target/stdperiph/stm32f10x_exti.o
 .debug_pubtypes
                0x00000805       0x8d target/stdperiph/stm32f10x_flash.o
 .debug_pubtypes
                0x00000892      0x168 target/stdperiph/stm32f10x_fsmc.o
 .debug_pubtypes
                0x000009fa       0xc3 target/stdperiph/stm32f10x_gpio.o
 .debug_pubtypes
                0x00000abd       0xb2 target/stdperiph/stm32f10x_i2c.o
 .debug_pubtypes
                0x00000b6f       0x58 target/stdperiph/stm32f10x_iwdg.o
 .debug_pubtypes
                0x00000bc7       0x78 target/stdperiph/stm32f10x_pwr.o
 .debug_pubtypes
                0x00000c3f       0x9e target/stdperiph/stm32f10x_rcc.o
 .debug_pubtypes
                0x00000cdd       0x78 target/stdperiph/stm32f10x_rtc.o
 .debug_pubtypes
                0x00000d55       0xb2 target/stdperiph/stm32f10x_sdio.o
 .debug_pubtypes
                0x00000e07       0xb6 target/stdperiph/stm32f10x_spi.o
 .debug_pubtypes
                0x00000ebd       0xd8 target/stdperiph/stm32f10x_tim.o
 .debug_pubtypes
                0x00000f95       0xc9 target/stdperiph/stm32f10x_usart.o
 .debug_pubtypes
                0x0000105e       0x4b target/stdperiph/stm32f10x_wwdg.o

.debug_aranges  0x00000000     0x1378
 .debug_aranges
                0x00000000       0xc8 target/cmsis/src/core_cm3.o
 .debug_aranges
                0x000000c8       0x70 target/fatfs/ff.o
 .debug_aranges
                0x00000138       0x70 target/fatfs/sd_spi_stm32.o
 .debug_aranges
                0x000001a8       0x30 target/src/main.o
 .debug_aranges
                0x000001d8       0x70 target/src/stm32f10x_it.o
 .debug_aranges
                0x00000248       0x28 target/src/system_stm32f10x.o
 .debug_aranges
                0x00000270       0x40 target/stdperiph/misc.o
 .debug_aranges
                0x000002b0      0x138 target/stdperiph/stm32f10x_adc.o
 .debug_aranges
                0x000003e8       0x78 target/stdperiph/stm32f10x_bkp.o
 .debug_aranges
                0x00000460       0xe0 target/stdperiph/stm32f10x_can.o
 .debug_aranges
                0x00000540       0x88 target/stdperiph/stm32f10x_cec.o
 .debug_aranges
                0x000005c8       0x48 target/stdperiph/stm32f10x_crc.o
 .debug_aranges
                0x00000610       0x78 target/stdperiph/stm32f10x_dac.o
 .debug_aranges
                0x00000688       0x30 target/stdperiph/stm32f10x_dbgmcu.o
 .debug_aranges
                0x000006b8       0x70 target/stdperiph/stm32f10x_dma.o
 .debug_aranges
                0x00000728       0x58 target/stdperiph/stm32f10x_exti.o
 .debug_aranges
                0x00000780       0xf8 target/stdperiph/stm32f10x_flash.o
 .debug_aranges
                0x00000878       0xb0 target/stdperiph/stm32f10x_fsmc.o
 .debug_aranges
                0x00000928       0xa8 target/stdperiph/stm32f10x_gpio.o
 .debug_aranges
                0x000009d0      0x120 target/stdperiph/stm32f10x_i2c.o
 .debug_aranges
                0x00000af0       0x48 target/stdperiph/stm32f10x_iwdg.o
 .debug_aranges
                0x00000b38       0x68 target/stdperiph/stm32f10x_pwr.o
 .debug_aranges
                0x00000ba0      0x118 target/stdperiph/stm32f10x_rcc.o
 .debug_aranges
                0x00000cb8       0x88 target/stdperiph/stm32f10x_rtc.o
 .debug_aranges
                0x00000d40      0x108 target/stdperiph/stm32f10x_sdio.o
 .debug_aranges
                0x00000e48       0xd0 target/stdperiph/stm32f10x_spi.o
 .debug_aranges
                0x00000f18      0x2e0 target/stdperiph/stm32f10x_tim.o
 .debug_aranges
                0x000011f8      0x100 target/stdperiph/stm32f10x_usart.o
 .debug_aranges
                0x000012f8       0x58 target/stdperiph/stm32f10x_wwdg.o
 .debug_aranges
                0x00001350       0x28 target/cmsis/startup/startup_stm32f10x_md.o

.debug_ranges   0x00000000     0x1290
 .debug_ranges  0x00000000       0xb8 target/cmsis/src/core_cm3.o
 .debug_ranges  0x000000b8       0xf0 target/fatfs/ff.o
 .debug_ranges  0x000001a8       0x60 target/fatfs/sd_spi_stm32.o
 .debug_ranges  0x00000208       0x20 target/src/main.o
 .debug_ranges  0x00000228       0x60 target/src/stm32f10x_it.o
 .debug_ranges  0x00000288       0x18 target/src/system_stm32f10x.o
 .debug_ranges  0x000002a0       0x30 target/stdperiph/misc.o
 .debug_ranges  0x000002d0      0x128 target/stdperiph/stm32f10x_adc.o
 .debug_ranges  0x000003f8       0x68 target/stdperiph/stm32f10x_bkp.o
 .debug_ranges  0x00000460       0xd0 target/stdperiph/stm32f10x_can.o
 .debug_ranges  0x00000530       0x78 target/stdperiph/stm32f10x_cec.o
 .debug_ranges  0x000005a8       0x38 target/stdperiph/stm32f10x_crc.o
 .debug_ranges  0x000005e0       0x68 target/stdperiph/stm32f10x_dac.o
 .debug_ranges  0x00000648       0x20 target/stdperiph/stm32f10x_dbgmcu.o
 .debug_ranges  0x00000668       0x60 target/stdperiph/stm32f10x_dma.o
 .debug_ranges  0x000006c8       0x48 target/stdperiph/stm32f10x_exti.o
 .debug_ranges  0x00000710       0xe8 target/stdperiph/stm32f10x_flash.o
 .debug_ranges  0x000007f8       0xa0 target/stdperiph/stm32f10x_fsmc.o
 .debug_ranges  0x00000898       0x98 target/stdperiph/stm32f10x_gpio.o
 .debug_ranges  0x00000930      0x110 target/stdperiph/stm32f10x_i2c.o
 .debug_ranges  0x00000a40       0x38 target/stdperiph/stm32f10x_iwdg.o
 .debug_ranges  0x00000a78       0x58 target/stdperiph/stm32f10x_pwr.o
 .debug_ranges  0x00000ad0      0x108 target/stdperiph/stm32f10x_rcc.o
 .debug_ranges  0x00000bd8       0x78 target/stdperiph/stm32f10x_rtc.o
 .debug_ranges  0x00000c50       0xf8 target/stdperiph/stm32f10x_sdio.o
 .debug_ranges  0x00000d48       0xc0 target/stdperiph/stm32f10x_spi.o
 .debug_ranges  0x00000e08      0x330 target/stdperiph/stm32f10x_tim.o
 .debug_ranges  0x00001138       0xf0 target/stdperiph/stm32f10x_usart.o
 .debug_ranges  0x00001228       0x48 target/stdperiph/stm32f10x_wwdg.o
 .debug_ranges  0x00001270       0x20 target/cmsis/startup/startup_stm32f10x_md.o

.debug_str      0x00000000     0x4fac
 .debug_str     0x00000000      0x1f3 target/cmsis/src/core_cm3.o
                                0x237 (size before relaxing)
 .debug_str     0x000001f3      0x32a target/fatfs/ff.o
                                0x3e6 (size before relaxing)
 .debug_str     0x0000051d      0x403 target/fatfs/sd_spi_stm32.o
                                0x53a (size before relaxing)
 .debug_str     0x00000920       0x7e target/src/main.o
                                0x325 (size before relaxing)
 .debug_str     0x0000099e       0xd8 target/src/stm32f10x_it.o
                                0x1a4 (size before relaxing)
 .debug_str     0x00000a76      0x13b target/src/system_stm32f10x.o
                                0x23f (size before relaxing)
 .debug_str     0x00000bb1      0x1b0 target/stdperiph/misc.o
                                0x328 (size before relaxing)
 .debug_str     0x00000d61      0x519 target/stdperiph/stm32f10x_adc.o
                                0x660 (size before relaxing)
 .debug_str     0x0000127a      0x37b target/stdperiph/stm32f10x_bkp.o
                                0x51a (size before relaxing)
 .debug_str     0x000015f5      0x503 target/stdperiph/stm32f10x_can.o
                                0x693 (size before relaxing)
 .debug_str     0x00001af8      0x18b target/stdperiph/stm32f10x_cec.o
                                0x2db (size before relaxing)
 .debug_str     0x00001c83       0x9b target/stdperiph/stm32f10x_crc.o
                                0x1a0 (size before relaxing)
 .debug_str     0x00001d1e      0x1f1 target/stdperiph/stm32f10x_dac.o
                                0x314 (size before relaxing)
 .debug_str     0x00001f0f       0x6f target/stdperiph/stm32f10x_dbgmcu.o
                                0x16c (size before relaxing)
 .debug_str     0x00001f7e      0x1f5 target/stdperiph/stm32f10x_dma.o
                                0x326 (size before relaxing)
 .debug_str     0x00002173      0x19e target/stdperiph/stm32f10x_exti.o
                                0x2c3 (size before relaxing)
 .debug_str     0x00002311      0x3da target/stdperiph/stm32f10x_flash.o
                                0x54d (size before relaxing)
 .debug_str     0x000026eb      0x5ac target/stdperiph/stm32f10x_fsmc.o
                                0x6e9 (size before relaxing)
 .debug_str     0x00002c97      0x238 target/stdperiph/stm32f10x_gpio.o
                                0x47e (size before relaxing)
 .debug_str     0x00002ecf      0x40a target/stdperiph/stm32f10x_i2c.o
                                0x5cb (size before relaxing)
 .debug_str     0x000032d9       0xb9 target/stdperiph/stm32f10x_iwdg.o
                                0x1c1 (size before relaxing)
 .debug_str     0x00003392       0xf9 target/stdperiph/stm32f10x_pwr.o
                                0x277 (size before relaxing)
 .debug_str     0x0000348b      0x344 target/stdperiph/stm32f10x_rcc.o
                                0x57f (size before relaxing)
 .debug_str     0x000037cf      0x171 target/stdperiph/stm32f10x_rtc.o
                                0x307 (size before relaxing)
 .debug_str     0x00003940      0x452 target/stdperiph/stm32f10x_sdio.o
                                0x5a0 (size before relaxing)
 .debug_str     0x00003d92      0x291 target/stdperiph/stm32f10x_spi.o
                                0x562 (size before relaxing)
 .debug_str     0x00004023      0xad3 target/stdperiph/stm32f10x_tim.o
                                0xd42 (size before relaxing)
 .debug_str     0x00004af6      0x401 target/stdperiph/stm32f10x_usart.o
                                0x5f5 (size before relaxing)
 .debug_str     0x00004ef7       0xb5 target/stdperiph/stm32f10x_wwdg.o
                                0x1cd (size before relaxing)

.comment        0x00000000       0x2a
 .comment       0x00000000       0x2a target/cmsis/src/core_cm3.o
                                 0x2b (size before relaxing)
 .comment       0x00000000       0x2b target/fatfs/ff.o
 .comment       0x00000000       0x2b target/fatfs/sd_spi_stm32.o
 .comment       0x00000000       0x2b target/src/main.o
 .comment       0x00000000       0x2b target/src/stm32f10x_it.o
 .comment       0x00000000       0x2b target/src/system_stm32f10x.o
 .comment       0x00000000       0x2b target/stdperiph/misc.o
 .comment       0x00000000       0x2b target/stdperiph/stm32f10x_adc.o
 .comment       0x00000000       0x2b target/stdperiph/stm32f10x_bkp.o
 .comment       0x00000000       0x2b target/stdperiph/stm32f10x_can.o
 .comment       0x00000000       0x2b target/stdperiph/stm32f10x_cec.o
 .comment       0x00000000       0x2b target/stdperiph/stm32f10x_crc.o
 .comment       0x00000000       0x2b target/stdperiph/stm32f10x_dac.o
 .comment       0x00000000       0x2b target/stdperiph/stm32f10x_dbgmcu.o
 .comment       0x00000000       0x2b target/stdperiph/stm32f10x_dma.o
 .comment       0x00000000       0x2b target/stdperiph/stm32f10x_exti.o
 .comment       0x00000000       0x2b target/stdperiph/stm32f10x_flash.o
 .comment       0x00000000       0x2b target/stdperiph/stm32f10x_fsmc.o
 .comment       0x00000000       0x2b target/stdperiph/stm32f10x_gpio.o
 .comment       0x00000000       0x2b target/stdperiph/stm32f10x_i2c.o
 .comment       0x00000000       0x2b target/stdperiph/stm32f10x_iwdg.o
 .comment       0x00000000       0x2b target/stdperiph/stm32f10x_pwr.o
 .comment       0x00000000       0x2b target/stdperiph/stm32f10x_rcc.o
 .comment       0x00000000       0x2b target/stdperiph/stm32f10x_rtc.o
 .comment       0x00000000       0x2b target/stdperiph/stm32f10x_sdio.o
 .comment       0x00000000       0x2b target/stdperiph/stm32f10x_spi.o
 .comment       0x00000000       0x2b target/stdperiph/stm32f10x_tim.o
 .comment       0x00000000       0x2b target/stdperiph/stm32f10x_usart.o
 .comment       0x00000000       0x2b target/stdperiph/stm32f10x_wwdg.o

.debug_frame    0x00000000     0x273c
 .debug_frame   0x00000000      0x170 target/cmsis/src/core_cm3.o
 .debug_frame   0x00000170      0x144 target/fatfs/ff.o
 .debug_frame   0x000002b4      0x110 target/fatfs/sd_spi_stm32.o
 .debug_frame   0x000003c4       0x54 target/src/main.o
 .debug_frame   0x00000418       0xc0 target/src/stm32f10x_it.o
 .debug_frame   0x000004d8       0x34 target/src/system_stm32f10x.o
 .debug_frame   0x0000050c       0x68 target/stdperiph/misc.o
 .debug_frame   0x00000574      0x280 target/stdperiph/stm32f10x_adc.o
 .debug_frame   0x000007f4       0xe0 target/stdperiph/stm32f10x_bkp.o
 .debug_frame   0x000008d4      0x1cc target/stdperiph/stm32f10x_can.o
 .debug_frame   0x00000aa0      0x100 target/stdperiph/stm32f10x_cec.o
 .debug_frame   0x00000ba0       0x78 target/stdperiph/stm32f10x_crc.o
 .debug_frame   0x00000c18       0xf0 target/stdperiph/stm32f10x_dac.o
 .debug_frame   0x00000d08       0x40 target/stdperiph/stm32f10x_dbgmcu.o
 .debug_frame   0x00000d48       0xc8 target/stdperiph/stm32f10x_dma.o
 .debug_frame   0x00000e10       0x98 target/stdperiph/stm32f10x_exti.o
 .debug_frame   0x00000ea8      0x254 target/stdperiph/stm32f10x_flash.o
 .debug_frame   0x000010fc      0x168 target/stdperiph/stm32f10x_fsmc.o
 .debug_frame   0x00001264      0x170 target/stdperiph/stm32f10x_gpio.o
 .debug_frame   0x000013d4      0x244 target/stdperiph/stm32f10x_i2c.o
 .debug_frame   0x00001618       0x70 target/stdperiph/stm32f10x_iwdg.o
 .debug_frame   0x00001688       0xc0 target/stdperiph/stm32f10x_pwr.o
 .debug_frame   0x00001748      0x224 target/stdperiph/stm32f10x_rcc.o
 .debug_frame   0x0000196c      0x108 target/stdperiph/stm32f10x_rtc.o
 .debug_frame   0x00001a74      0x20c target/stdperiph/stm32f10x_sdio.o
 .debug_frame   0x00001c80      0x1ac target/stdperiph/stm32f10x_spi.o
 .debug_frame   0x00001e2c      0x664 target/stdperiph/stm32f10x_tim.o
 .debug_frame   0x00002490      0x210 target/stdperiph/stm32f10x_usart.o
 .debug_frame   0x000026a0       0x9c target/stdperiph/stm32f10x_wwdg.o

Cross Reference Table

Symbol                                            File
ADC1_2_IRQHandler                                 target/cmsis/startup/startup_stm32f10x_md.o
ADC_AnalogWatchdogCmd                             target/stdperiph/stm32f10x_adc.o
ADC_AnalogWatchdogSingleChannelConfig             target/stdperiph/stm32f10x_adc.o
ADC_AnalogWatchdogThresholdsConfig                target/stdperiph/stm32f10x_adc.o
ADC_AutoInjectedConvCmd                           target/stdperiph/stm32f10x_adc.o
ADC_ClearFlag                                     target/stdperiph/stm32f10x_adc.o
ADC_ClearITPendingBit                             target/stdperiph/stm32f10x_adc.o
ADC_Cmd                                           target/stdperiph/stm32f10x_adc.o
ADC_DMACmd                                        target/stdperiph/stm32f10x_adc.o
ADC_DeInit                                        target/stdperiph/stm32f10x_adc.o
ADC_DiscModeChannelCountConfig                    target/stdperiph/stm32f10x_adc.o
ADC_DiscModeCmd                                   target/stdperiph/stm32f10x_adc.o
ADC_ExternalTrigConvCmd                           target/stdperiph/stm32f10x_adc.o
ADC_ExternalTrigInjectedConvCmd                   target/stdperiph/stm32f10x_adc.o
ADC_ExternalTrigInjectedConvConfig                target/stdperiph/stm32f10x_adc.o
ADC_GetCalibrationStatus                          target/stdperiph/stm32f10x_adc.o
ADC_GetConversionValue                            target/stdperiph/stm32f10x_adc.o
ADC_GetDualModeConversionValue                    target/stdperiph/stm32f10x_adc.o
ADC_GetFlagStatus                                 target/stdperiph/stm32f10x_adc.o
ADC_GetITStatus                                   target/stdperiph/stm32f10x_adc.o
ADC_GetInjectedConversionValue                    target/stdperiph/stm32f10x_adc.o
ADC_GetResetCalibrationStatus                     target/stdperiph/stm32f10x_adc.o
ADC_GetSoftwareStartConvStatus                    target/stdperiph/stm32f10x_adc.o
ADC_GetSoftwareStartInjectedConvCmdStatus         target/stdperiph/stm32f10x_adc.o
ADC_ITConfig                                      target/stdperiph/stm32f10x_adc.o
ADC_Init                                          target/stdperiph/stm32f10x_adc.o
ADC_InjectedChannelConfig                         target/stdperiph/stm32f10x_adc.o
ADC_InjectedDiscModeCmd                           target/stdperiph/stm32f10x_adc.o
ADC_InjectedSequencerLengthConfig                 target/stdperiph/stm32f10x_adc.o
ADC_RegularChannelConfig                          target/stdperiph/stm32f10x_adc.o
ADC_ResetCalibration                              target/stdperiph/stm32f10x_adc.o
ADC_SetInjectedOffset                             target/stdperiph/stm32f10x_adc.o
ADC_SoftwareStartConvCmd                          target/stdperiph/stm32f10x_adc.o
ADC_SoftwareStartInjectedConvCmd                  target/stdperiph/stm32f10x_adc.o
ADC_StartCalibration                              target/stdperiph/stm32f10x_adc.o
ADC_StructInit                                    target/stdperiph/stm32f10x_adc.o
ADC_TempSensorVrefintCmd                          target/stdperiph/stm32f10x_adc.o
AHBPrescTable                                     target/src/system_stm32f10x.o
BKP_ClearFlag                                     target/stdperiph/stm32f10x_bkp.o
BKP_ClearITPendingBit                             target/stdperiph/stm32f10x_bkp.o
BKP_DeInit                                        target/stdperiph/stm32f10x_bkp.o
BKP_GetFlagStatus                                 target/stdperiph/stm32f10x_bkp.o
BKP_GetITStatus                                   target/stdperiph/stm32f10x_bkp.o
BKP_ITConfig                                      target/stdperiph/stm32f10x_bkp.o
BKP_RTCOutputConfig                               target/stdperiph/stm32f10x_bkp.o
BKP_ReadBackupRegister                            target/stdperiph/stm32f10x_bkp.o
BKP_SetRTCCalibrationValue                        target/stdperiph/stm32f10x_bkp.o
BKP_TamperPinCmd                                  target/stdperiph/stm32f10x_bkp.o
BKP_TamperPinLevelConfig                          target/stdperiph/stm32f10x_bkp.o
BKP_WriteBackupRegister                           target/stdperiph/stm32f10x_bkp.o
BusFault_Handler                                  target/src/stm32f10x_it.o
CAN1_RX1_IRQHandler                               target/cmsis/startup/startup_stm32f10x_md.o
CAN1_SCE_IRQHandler                               target/cmsis/startup/startup_stm32f10x_md.o
CAN_CancelTransmit                                target/stdperiph/stm32f10x_can.o
CAN_ClearFlag                                     target/stdperiph/stm32f10x_can.o
CAN_ClearITPendingBit                             target/stdperiph/stm32f10x_can.o
CAN_DBGFreeze                                     target/stdperiph/stm32f10x_can.o
CAN_DeInit                                        target/stdperiph/stm32f10x_can.o
CAN_FIFORelease                                   target/stdperiph/stm32f10x_can.o
CAN_FilterInit                                    target/stdperiph/stm32f10x_can.o
CAN_GetFlagStatus                                 target/stdperiph/stm32f10x_can.o
CAN_GetITStatus                                   target/stdperiph/stm32f10x_can.o
CAN_GetLSBTransmitErrorCounter                    target/stdperiph/stm32f10x_can.o
CAN_GetLastErrorCode                              target/stdperiph/stm32f10x_can.o
CAN_GetReceiveErrorCounter                        target/stdperiph/stm32f10x_can.o
CAN_ITConfig                                      target/stdperiph/stm32f10x_can.o
CAN_Init                                          target/stdperiph/stm32f10x_can.o
CAN_MessagePending                                target/stdperiph/stm32f10x_can.o
CAN_OperatingModeRequest                          target/stdperiph/stm32f10x_can.o
CAN_Receive                                       target/stdperiph/stm32f10x_can.o
CAN_SlaveStartBank                                target/stdperiph/stm32f10x_can.o
CAN_Sleep                                         target/stdperiph/stm32f10x_can.o
CAN_StructInit                                    target/stdperiph/stm32f10x_can.o
CAN_TTComModeCmd                                  target/stdperiph/stm32f10x_can.o
CAN_Transmit                                      target/stdperiph/stm32f10x_can.o
CAN_TransmitStatus                                target/stdperiph/stm32f10x_can.o
CAN_WakeUp                                        target/stdperiph/stm32f10x_can.o
CEC_ClearFlag                                     target/stdperiph/stm32f10x_cec.o
CEC_ClearITPendingBit                             target/stdperiph/stm32f10x_cec.o
CEC_Cmd                                           target/stdperiph/stm32f10x_cec.o
CEC_DeInit                                        target/stdperiph/stm32f10x_cec.o
CEC_EndOfMessageCmd                               target/stdperiph/stm32f10x_cec.o
CEC_GetFlagStatus                                 target/stdperiph/stm32f10x_cec.o
CEC_GetITStatus                                   target/stdperiph/stm32f10x_cec.o
CEC_ITConfig                                      target/stdperiph/stm32f10x_cec.o
CEC_Init                                          target/stdperiph/stm32f10x_cec.o
CEC_OwnAddressConfig                              target/stdperiph/stm32f10x_cec.o
CEC_ReceiveDataByte                               target/stdperiph/stm32f10x_cec.o
CEC_SendDataByte                                  target/stdperiph/stm32f10x_cec.o
CEC_SetPrescaler                                  target/stdperiph/stm32f10x_cec.o
CEC_StartOfMessage                                target/stdperiph/stm32f10x_cec.o
CRC_CalcBlockCRC                                  target/stdperiph/stm32f10x_crc.o
CRC_CalcCRC                                       target/stdperiph/stm32f10x_crc.o
CRC_GetCRC                                        target/stdperiph/stm32f10x_crc.o
CRC_GetIDRegister                                 target/stdperiph/stm32f10x_crc.o
CRC_ResetDR                                       target/stdperiph/stm32f10x_crc.o
CRC_SetIDRegister                                 target/stdperiph/stm32f10x_crc.o
DAC_Cmd                                           target/stdperiph/stm32f10x_dac.o
DAC_DMACmd                                        target/stdperiph/stm32f10x_dac.o
DAC_DeInit                                        target/stdperiph/stm32f10x_dac.o
DAC_DualSoftwareTriggerCmd                        target/stdperiph/stm32f10x_dac.o
DAC_GetDataOutputValue                            target/stdperiph/stm32f10x_dac.o
DAC_Init                                          target/stdperiph/stm32f10x_dac.o
DAC_SetChannel1Data                               target/stdperiph/stm32f10x_dac.o
DAC_SetChannel2Data                               target/stdperiph/stm32f10x_dac.o
DAC_SetDualChannelData                            target/stdperiph/stm32f10x_dac.o
DAC_SoftwareTriggerCmd                            target/stdperiph/stm32f10x_dac.o
DAC_StructInit                                    target/stdperiph/stm32f10x_dac.o
DAC_WaveGenerationCmd                             target/stdperiph/stm32f10x_dac.o
DBGMCU_Config                                     target/stdperiph/stm32f10x_dbgmcu.o
DBGMCU_GetDEVID                                   target/stdperiph/stm32f10x_dbgmcu.o
DBGMCU_GetREVID                                   target/stdperiph/stm32f10x_dbgmcu.o
DMA1_Channel1_IRQHandler                          target/cmsis/startup/startup_stm32f10x_md.o
DMA1_Channel2_IRQHandler                          target/cmsis/startup/startup_stm32f10x_md.o
DMA1_Channel3_IRQHandler                          target/cmsis/startup/startup_stm32f10x_md.o
DMA1_Channel4_IRQHandler                          target/cmsis/startup/startup_stm32f10x_md.o
DMA1_Channel5_IRQHandler                          target/cmsis/startup/startup_stm32f10x_md.o
DMA1_Channel6_IRQHandler                          target/cmsis/startup/startup_stm32f10x_md.o
DMA1_Channel7_IRQHandler                          target/cmsis/startup/startup_stm32f10x_md.o
DMA_ClearFlag                                     target/stdperiph/stm32f10x_dma.o
DMA_ClearITPendingBit                             target/stdperiph/stm32f10x_dma.o
DMA_Cmd                                           target/stdperiph/stm32f10x_dma.o
DMA_DeInit                                        target/stdperiph/stm32f10x_dma.o
DMA_GetCurrDataCounter                            target/stdperiph/stm32f10x_dma.o
DMA_GetFlagStatus                                 target/stdperiph/stm32f10x_dma.o
DMA_GetITStatus                                   target/stdperiph/stm32f10x_dma.o
DMA_ITConfig                                      target/stdperiph/stm32f10x_dma.o
DMA_Init                                          target/stdperiph/stm32f10x_dma.o
DMA_SetCurrDataCounter                            target/stdperiph/stm32f10x_dma.o
DMA_StructInit                                    target/stdperiph/stm32f10x_dma.o
DebugMon_Handler                                  target/src/stm32f10x_it.o
Default_Handler                                   target/cmsis/startup/startup_stm32f10x_md.o
EXTI0_IRQHandler                                  target/cmsis/startup/startup_stm32f10x_md.o
EXTI15_10_IRQHandler                              target/cmsis/startup/startup_stm32f10x_md.o
EXTI1_IRQHandler                                  target/cmsis/startup/startup_stm32f10x_md.o
EXTI2_IRQHandler                                  target/cmsis/startup/startup_stm32f10x_md.o
EXTI3_IRQHandler                                  target/cmsis/startup/startup_stm32f10x_md.o
EXTI4_IRQHandler                                  target/cmsis/startup/startup_stm32f10x_md.o
EXTI9_5_IRQHandler                                target/cmsis/startup/startup_stm32f10x_md.o
EXTI_ClearFlag                                    target/stdperiph/stm32f10x_exti.o
EXTI_ClearITPendingBit                            target/stdperiph/stm32f10x_exti.o
EXTI_DeInit                                       target/stdperiph/stm32f10x_exti.o
EXTI_GenerateSWInterrupt                          target/stdperiph/stm32f10x_exti.o
EXTI_GetFlagStatus                                target/stdperiph/stm32f10x_exti.o
EXTI_GetITStatus                                  target/stdperiph/stm32f10x_exti.o
EXTI_Init                                         target/stdperiph/stm32f10x_exti.o
EXTI_StructInit                                   target/stdperiph/stm32f10x_exti.o
FLASH_ClearFlag                                   target/stdperiph/stm32f10x_flash.o
FLASH_EnableWriteProtection                       target/stdperiph/stm32f10x_flash.o
FLASH_EraseAllBank1Pages                          target/stdperiph/stm32f10x_flash.o
FLASH_EraseAllPages                               target/stdperiph/stm32f10x_flash.o
FLASH_EraseOptionBytes                            target/stdperiph/stm32f10x_flash.o
FLASH_ErasePage                                   target/stdperiph/stm32f10x_flash.o
FLASH_GetBank1Status                              target/stdperiph/stm32f10x_flash.o
FLASH_GetFlagStatus                               target/stdperiph/stm32f10x_flash.o
FLASH_GetPrefetchBufferStatus                     target/stdperiph/stm32f10x_flash.o
FLASH_GetReadOutProtectionStatus                  target/stdperiph/stm32f10x_flash.o
FLASH_GetStatus                                   target/stdperiph/stm32f10x_flash.o
FLASH_GetUserOptionByte                           target/stdperiph/stm32f10x_flash.o
FLASH_GetWriteProtectionOptionByte                target/stdperiph/stm32f10x_flash.o
FLASH_HalfCycleAccessCmd                          target/stdperiph/stm32f10x_flash.o
FLASH_IRQHandler                                  target/cmsis/startup/startup_stm32f10x_md.o
FLASH_ITConfig                                    target/stdperiph/stm32f10x_flash.o
FLASH_Lock                                        target/stdperiph/stm32f10x_flash.o
FLASH_LockBank1                                   target/stdperiph/stm32f10x_flash.o
FLASH_PrefetchBufferCmd                           target/stdperiph/stm32f10x_flash.o
FLASH_ProgramHalfWord                             target/stdperiph/stm32f10x_flash.o
FLASH_ProgramOptionByteData                       target/stdperiph/stm32f10x_flash.o
FLASH_ProgramWord                                 target/stdperiph/stm32f10x_flash.o
FLASH_ReadOutProtection                           target/stdperiph/stm32f10x_flash.o
FLASH_SetLatency                                  target/stdperiph/stm32f10x_flash.o
FLASH_Unlock                                      target/stdperiph/stm32f10x_flash.o
FLASH_UnlockBank1                                 target/stdperiph/stm32f10x_flash.o
FLASH_UserOptionByteConfig                        target/stdperiph/stm32f10x_flash.o
FLASH_WaitForLastBank1Operation                   target/stdperiph/stm32f10x_flash.o
FLASH_WaitForLastOperation                        target/stdperiph/stm32f10x_flash.o
FSMC_ClearFlag                                    target/stdperiph/stm32f10x_fsmc.o
FSMC_ClearITPendingBit                            target/stdperiph/stm32f10x_fsmc.o
FSMC_GetECC                                       target/stdperiph/stm32f10x_fsmc.o
FSMC_GetFlagStatus                                target/stdperiph/stm32f10x_fsmc.o
FSMC_GetITStatus                                  target/stdperiph/stm32f10x_fsmc.o
FSMC_ITConfig                                     target/stdperiph/stm32f10x_fsmc.o
FSMC_NANDCmd                                      target/stdperiph/stm32f10x_fsmc.o
FSMC_NANDDeInit                                   target/stdperiph/stm32f10x_fsmc.o
FSMC_NANDECCCmd                                   target/stdperiph/stm32f10x_fsmc.o
FSMC_NANDInit                                     target/stdperiph/stm32f10x_fsmc.o
FSMC_NANDStructInit                               target/stdperiph/stm32f10x_fsmc.o
FSMC_NORSRAMCmd                                   target/stdperiph/stm32f10x_fsmc.o
FSMC_NORSRAMDeInit                                target/stdperiph/stm32f10x_fsmc.o
FSMC_NORSRAMInit                                  target/stdperiph/stm32f10x_fsmc.o
FSMC_NORSRAMStructInit                            target/stdperiph/stm32f10x_fsmc.o
FSMC_PCCARDCmd                                    target/stdperiph/stm32f10x_fsmc.o
FSMC_PCCARDDeInit                                 target/stdperiph/stm32f10x_fsmc.o
FSMC_PCCARDInit                                   target/stdperiph/stm32f10x_fsmc.o
FSMC_PCCARDStructInit                             target/stdperiph/stm32f10x_fsmc.o
GPIO_AFIODeInit                                   target/stdperiph/stm32f10x_gpio.o
GPIO_DeInit                                       target/stdperiph/stm32f10x_gpio.o
GPIO_ETH_MediaInterfaceConfig                     target/stdperiph/stm32f10x_gpio.o
GPIO_EXTILineConfig                               target/stdperiph/stm32f10x_gpio.o
GPIO_EventOutputCmd                               target/stdperiph/stm32f10x_gpio.o
GPIO_EventOutputConfig                            target/stdperiph/stm32f10x_gpio.o
GPIO_Init                                         target/stdperiph/stm32f10x_gpio.o
                                                  target/fatfs/sd_spi_stm32.o
GPIO_PinLockConfig                                target/stdperiph/stm32f10x_gpio.o
GPIO_PinRemapConfig                               target/stdperiph/stm32f10x_gpio.o
GPIO_ReadInputData                                target/stdperiph/stm32f10x_gpio.o
GPIO_ReadInputDataBit                             target/stdperiph/stm32f10x_gpio.o
GPIO_ReadOutputData                               target/stdperiph/stm32f10x_gpio.o
GPIO_ReadOutputDataBit                            target/stdperiph/stm32f10x_gpio.o
GPIO_ResetBits                                    target/stdperiph/stm32f10x_gpio.o
                                                  target/fatfs/sd_spi_stm32.o
GPIO_SetBits                                      target/stdperiph/stm32f10x_gpio.o
                                                  target/fatfs/sd_spi_stm32.o
GPIO_StructInit                                   target/stdperiph/stm32f10x_gpio.o
GPIO_Write                                        target/stdperiph/stm32f10x_gpio.o
GPIO_WriteBit                                     target/stdperiph/stm32f10x_gpio.o
HardFault_Handler                                 target/src/stm32f10x_it.o
I2C1_ER_IRQHandler                                target/cmsis/startup/startup_stm32f10x_md.o
I2C1_EV_IRQHandler                                target/cmsis/startup/startup_stm32f10x_md.o
I2C2_ER_IRQHandler                                target/cmsis/startup/startup_stm32f10x_md.o
I2C2_EV_IRQHandler                                target/cmsis/startup/startup_stm32f10x_md.o
I2C_ARPCmd                                        target/stdperiph/stm32f10x_i2c.o
I2C_AcknowledgeConfig                             target/stdperiph/stm32f10x_i2c.o
I2C_CalculatePEC                                  target/stdperiph/stm32f10x_i2c.o
I2C_CheckEvent                                    target/stdperiph/stm32f10x_i2c.o
I2C_ClearFlag                                     target/stdperiph/stm32f10x_i2c.o
I2C_ClearITPendingBit                             target/stdperiph/stm32f10x_i2c.o
I2C_Cmd                                           target/stdperiph/stm32f10x_i2c.o
I2C_DMACmd                                        target/stdperiph/stm32f10x_i2c.o
I2C_DMALastTransferCmd                            target/stdperiph/stm32f10x_i2c.o
I2C_DeInit                                        target/stdperiph/stm32f10x_i2c.o
I2C_DualAddressCmd                                target/stdperiph/stm32f10x_i2c.o
I2C_FastModeDutyCycleConfig                       target/stdperiph/stm32f10x_i2c.o
I2C_GeneralCallCmd                                target/stdperiph/stm32f10x_i2c.o
I2C_GenerateSTART                                 target/stdperiph/stm32f10x_i2c.o
I2C_GenerateSTOP                                  target/stdperiph/stm32f10x_i2c.o
I2C_GetFlagStatus                                 target/stdperiph/stm32f10x_i2c.o
I2C_GetITStatus                                   target/stdperiph/stm32f10x_i2c.o
I2C_GetLastEvent                                  target/stdperiph/stm32f10x_i2c.o
I2C_GetPEC                                        target/stdperiph/stm32f10x_i2c.o
I2C_ITConfig                                      target/stdperiph/stm32f10x_i2c.o
I2C_Init                                          target/stdperiph/stm32f10x_i2c.o
I2C_NACKPositionConfig                            target/stdperiph/stm32f10x_i2c.o
I2C_OwnAddress2Config                             target/stdperiph/stm32f10x_i2c.o
I2C_PECPositionConfig                             target/stdperiph/stm32f10x_i2c.o
I2C_ReadRegister                                  target/stdperiph/stm32f10x_i2c.o
I2C_ReceiveData                                   target/stdperiph/stm32f10x_i2c.o
I2C_SMBusAlertConfig                              target/stdperiph/stm32f10x_i2c.o
I2C_Send7bitAddress                               target/stdperiph/stm32f10x_i2c.o
I2C_SendData                                      target/stdperiph/stm32f10x_i2c.o
I2C_SoftwareResetCmd                              target/stdperiph/stm32f10x_i2c.o
I2C_StretchClockCmd                               target/stdperiph/stm32f10x_i2c.o
I2C_StructInit                                    target/stdperiph/stm32f10x_i2c.o
I2C_TransmitPEC                                   target/stdperiph/stm32f10x_i2c.o
I2S_Cmd                                           target/stdperiph/stm32f10x_spi.o
I2S_Init                                          target/stdperiph/stm32f10x_spi.o
I2S_StructInit                                    target/stdperiph/stm32f10x_spi.o
IWDG_Enable                                       target/stdperiph/stm32f10x_iwdg.o
IWDG_GetFlagStatus                                target/stdperiph/stm32f10x_iwdg.o
IWDG_ReloadCounter                                target/stdperiph/stm32f10x_iwdg.o
IWDG_SetPrescaler                                 target/stdperiph/stm32f10x_iwdg.o
IWDG_SetReload                                    target/stdperiph/stm32f10x_iwdg.o
IWDG_WriteAccessCmd                               target/stdperiph/stm32f10x_iwdg.o
JumpAddress                                       target/src/main.o
Jump_To_Application                               target/src/main.o
MemManage_Handler                                 target/src/stm32f10x_it.o
NMI_Handler                                       target/src/stm32f10x_it.o
NVIC_Init                                         target/stdperiph/misc.o
NVIC_PriorityGroupConfig                          target/stdperiph/misc.o
NVIC_SetVectorTable                               target/stdperiph/misc.o
NVIC_SystemLPConfig                               target/stdperiph/misc.o
PVD_IRQHandler                                    target/cmsis/startup/startup_stm32f10x_md.o
PWR_BackupAccessCmd                               target/stdperiph/stm32f10x_pwr.o
PWR_ClearFlag                                     target/stdperiph/stm32f10x_pwr.o
PWR_DeInit                                        target/stdperiph/stm32f10x_pwr.o
PWR_EnterSTANDBYMode                              target/stdperiph/stm32f10x_pwr.o
PWR_EnterSTOPMode                                 target/stdperiph/stm32f10x_pwr.o
PWR_GetFlagStatus                                 target/stdperiph/stm32f10x_pwr.o
PWR_PVDCmd                                        target/stdperiph/stm32f10x_pwr.o
PWR_PVDLevelConfig                                target/stdperiph/stm32f10x_pwr.o
PWR_WakeUpPinCmd                                  target/stdperiph/stm32f10x_pwr.o
PendSV_Handler                                    target/src/stm32f10x_it.o
RCC_ADCCLKConfig                                  target/stdperiph/stm32f10x_rcc.o
RCC_AHBPeriphClockCmd                             target/stdperiph/stm32f10x_rcc.o
RCC_APB1PeriphClockCmd                            target/stdperiph/stm32f10x_rcc.o
                                                  target/fatfs/sd_spi_stm32.o
RCC_APB1PeriphResetCmd                            target/stdperiph/stm32f10x_rcc.o
                                                  target/stdperiph/stm32f10x_wwdg.o
                                                  target/stdperiph/stm32f10x_usart.o
                                                  target/stdperiph/stm32f10x_tim.o
                                                  target/stdperiph/stm32f10x_spi.o
                                                  target/stdperiph/stm32f10x_pwr.o
                                                  target/stdperiph/stm32f10x_i2c.o
                                                  target/stdperiph/stm32f10x_dac.o
                                                  target/stdperiph/stm32f10x_cec.o
                                                  target/stdperiph/stm32f10x_can.o
RCC_APB2PeriphClockCmd                            target/stdperiph/stm32f10x_rcc.o
                                                  target/fatfs/sd_spi_stm32.o
RCC_APB2PeriphResetCmd                            target/stdperiph/stm32f10x_rcc.o
                                                  target/stdperiph/stm32f10x_usart.o
                                                  target/stdperiph/stm32f10x_tim.o
                                                  target/stdperiph/stm32f10x_spi.o
                                                  target/stdperiph/stm32f10x_gpio.o
                                                  target/stdperiph/stm32f10x_adc.o
RCC_AdjustHSICalibrationValue                     target/stdperiph/stm32f10x_rcc.o
RCC_BackupResetCmd                                target/stdperiph/stm32f10x_rcc.o
                                                  target/stdperiph/stm32f10x_bkp.o
RCC_ClearFlag                                     target/stdperiph/stm32f10x_rcc.o
RCC_ClearITPendingBit                             target/stdperiph/stm32f10x_rcc.o
RCC_ClockSecuritySystemCmd                        target/stdperiph/stm32f10x_rcc.o
RCC_DeInit                                        target/stdperiph/stm32f10x_rcc.o
RCC_GetClocksFreq                                 target/stdperiph/stm32f10x_rcc.o
                                                  target/stdperiph/stm32f10x_usart.o
                                                  target/stdperiph/stm32f10x_spi.o
                                                  target/stdperiph/stm32f10x_i2c.o
RCC_GetFlagStatus                                 target/stdperiph/stm32f10x_rcc.o
RCC_GetITStatus                                   target/stdperiph/stm32f10x_rcc.o
RCC_GetSYSCLKSource                               target/stdperiph/stm32f10x_rcc.o
RCC_HCLKConfig                                    target/stdperiph/stm32f10x_rcc.o
RCC_HSEConfig                                     target/stdperiph/stm32f10x_rcc.o
RCC_HSICmd                                        target/stdperiph/stm32f10x_rcc.o
RCC_IRQHandler                                    target/cmsis/startup/startup_stm32f10x_md.o
RCC_ITConfig                                      target/stdperiph/stm32f10x_rcc.o
RCC_LSEConfig                                     target/stdperiph/stm32f10x_rcc.o
RCC_LSICmd                                        target/stdperiph/stm32f10x_rcc.o
RCC_MCOConfig                                     target/stdperiph/stm32f10x_rcc.o
RCC_PCLK1Config                                   target/stdperiph/stm32f10x_rcc.o
RCC_PCLK2Config                                   target/stdperiph/stm32f10x_rcc.o
RCC_PLLCmd                                        target/stdperiph/stm32f10x_rcc.o
RCC_PLLConfig                                     target/stdperiph/stm32f10x_rcc.o
RCC_RTCCLKCmd                                     target/stdperiph/stm32f10x_rcc.o
RCC_RTCCLKConfig                                  target/stdperiph/stm32f10x_rcc.o
RCC_SYSCLKConfig                                  target/stdperiph/stm32f10x_rcc.o
RCC_USBCLKConfig                                  target/stdperiph/stm32f10x_rcc.o
RCC_WaitForHSEStartUp                             target/stdperiph/stm32f10x_rcc.o
RTCAlarm_IRQHandler                               target/cmsis/startup/startup_stm32f10x_md.o
RTC_ClearFlag                                     target/stdperiph/stm32f10x_rtc.o
RTC_ClearITPendingBit                             target/stdperiph/stm32f10x_rtc.o
RTC_EnterConfigMode                               target/stdperiph/stm32f10x_rtc.o
RTC_ExitConfigMode                                target/stdperiph/stm32f10x_rtc.o
RTC_GetCounter                                    target/stdperiph/stm32f10x_rtc.o
RTC_GetDivider                                    target/stdperiph/stm32f10x_rtc.o
RTC_GetFlagStatus                                 target/stdperiph/stm32f10x_rtc.o
RTC_GetITStatus                                   target/stdperiph/stm32f10x_rtc.o
RTC_IRQHandler                                    target/cmsis/startup/startup_stm32f10x_md.o
RTC_ITConfig                                      target/stdperiph/stm32f10x_rtc.o
RTC_SetAlarm                                      target/stdperiph/stm32f10x_rtc.o
RTC_SetCounter                                    target/stdperiph/stm32f10x_rtc.o
RTC_SetPrescaler                                  target/stdperiph/stm32f10x_rtc.o
RTC_WaitForLastTask                               target/stdperiph/stm32f10x_rtc.o
RTC_WaitForSynchro                                target/stdperiph/stm32f10x_rtc.o
Reset_Handler                                     target/cmsis/startup/startup_stm32f10x_md.o
SDIO_CEATAITCmd                                   target/stdperiph/stm32f10x_sdio.o
SDIO_ClearFlag                                    target/stdperiph/stm32f10x_sdio.o
SDIO_ClearITPendingBit                            target/stdperiph/stm32f10x_sdio.o
SDIO_ClockCmd                                     target/stdperiph/stm32f10x_sdio.o
SDIO_CmdStructInit                                target/stdperiph/stm32f10x_sdio.o
SDIO_CommandCompletionCmd                         target/stdperiph/stm32f10x_sdio.o
SDIO_DMACmd                                       target/stdperiph/stm32f10x_sdio.o
SDIO_DataConfig                                   target/stdperiph/stm32f10x_sdio.o
SDIO_DataStructInit                               target/stdperiph/stm32f10x_sdio.o
SDIO_DeInit                                       target/stdperiph/stm32f10x_sdio.o
SDIO_GetCommandResponse                           target/stdperiph/stm32f10x_sdio.o
SDIO_GetDataCounter                               target/stdperiph/stm32f10x_sdio.o
SDIO_GetFIFOCount                                 target/stdperiph/stm32f10x_sdio.o
SDIO_GetFlagStatus                                target/stdperiph/stm32f10x_sdio.o
SDIO_GetITStatus                                  target/stdperiph/stm32f10x_sdio.o
SDIO_GetPowerState                                target/stdperiph/stm32f10x_sdio.o
SDIO_GetResponse                                  target/stdperiph/stm32f10x_sdio.o
SDIO_ITConfig                                     target/stdperiph/stm32f10x_sdio.o
SDIO_Init                                         target/stdperiph/stm32f10x_sdio.o
SDIO_ReadData                                     target/stdperiph/stm32f10x_sdio.o
SDIO_SendCEATACmd                                 target/stdperiph/stm32f10x_sdio.o
SDIO_SendCommand                                  target/stdperiph/stm32f10x_sdio.o
SDIO_SendSDIOSuspendCmd                           target/stdperiph/stm32f10x_sdio.o
SDIO_SetPowerState                                target/stdperiph/stm32f10x_sdio.o
SDIO_SetSDIOOperation                             target/stdperiph/stm32f10x_sdio.o
SDIO_SetSDIOReadWaitMode                          target/stdperiph/stm32f10x_sdio.o
SDIO_StartSDIOReadWait                            target/stdperiph/stm32f10x_sdio.o
SDIO_StopSDIOReadWait                             target/stdperiph/stm32f10x_sdio.o
SDIO_StructInit                                   target/stdperiph/stm32f10x_sdio.o
SDIO_WriteData                                    target/stdperiph/stm32f10x_sdio.o
SPI1_IRQHandler                                   target/cmsis/startup/startup_stm32f10x_md.o
SPI2_IRQHandler                                   target/cmsis/startup/startup_stm32f10x_md.o
SPI_BiDirectionalLineConfig                       target/stdperiph/stm32f10x_spi.o
SPI_CalculateCRC                                  target/stdperiph/stm32f10x_spi.o
                                                  target/fatfs/sd_spi_stm32.o
SPI_Cmd                                           target/stdperiph/stm32f10x_spi.o
                                                  target/fatfs/sd_spi_stm32.o
SPI_DataSizeConfig                                target/stdperiph/stm32f10x_spi.o
SPI_GetCRC                                        target/stdperiph/stm32f10x_spi.o
SPI_GetCRCPolynomial                              target/stdperiph/stm32f10x_spi.o
SPI_I2S_ClearFlag                                 target/stdperiph/stm32f10x_spi.o
SPI_I2S_ClearITPendingBit                         target/stdperiph/stm32f10x_spi.o
SPI_I2S_DMACmd                                    target/stdperiph/stm32f10x_spi.o
SPI_I2S_DeInit                                    target/stdperiph/stm32f10x_spi.o
                                                  target/fatfs/sd_spi_stm32.o
SPI_I2S_GetFlagStatus                             target/stdperiph/stm32f10x_spi.o
                                                  target/fatfs/sd_spi_stm32.o
SPI_I2S_GetITStatus                               target/stdperiph/stm32f10x_spi.o
SPI_I2S_ITConfig                                  target/stdperiph/stm32f10x_spi.o
SPI_I2S_ReceiveData                               target/stdperiph/stm32f10x_spi.o
                                                  target/fatfs/sd_spi_stm32.o
SPI_I2S_SendData                                  target/stdperiph/stm32f10x_spi.o
                                                  target/fatfs/sd_spi_stm32.o
SPI_Init                                          target/stdperiph/stm32f10x_spi.o
                                                  target/fatfs/sd_spi_stm32.o
SPI_NSSInternalSoftwareConfig                     target/stdperiph/stm32f10x_spi.o
SPI_SSOutputCmd                                   target/stdperiph/stm32f10x_spi.o
SPI_StructInit                                    target/stdperiph/stm32f10x_spi.o
SPI_TransmitCRC                                   target/stdperiph/stm32f10x_spi.o
SVC_Handler                                       target/src/stm32f10x_it.o
SysTick_CLKSourceConfig                           target/stdperiph/misc.o
SysTick_Handler                                   target/src/stm32f10x_it.o
SystemCoreClock                                   target/src/system_stm32f10x.o
SystemCoreClockUpdate                             target/src/system_stm32f10x.o
SystemInit                                        target/src/system_stm32f10x.o
                                                  target/cmsis/startup/startup_stm32f10x_md.o
TAMPER_IRQHandler                                 target/cmsis/startup/startup_stm32f10x_md.o
TIM1_BRK_IRQHandler                               target/cmsis/startup/startup_stm32f10x_md.o
TIM1_CC_IRQHandler                                target/cmsis/startup/startup_stm32f10x_md.o
TIM1_TRG_COM_IRQHandler                           target/cmsis/startup/startup_stm32f10x_md.o
TIM1_UP_IRQHandler                                target/cmsis/startup/startup_stm32f10x_md.o
TIM2_IRQHandler                                   target/cmsis/startup/startup_stm32f10x_md.o
TIM3_IRQHandler                                   target/cmsis/startup/startup_stm32f10x_md.o
TIM4_IRQHandler                                   target/cmsis/startup/startup_stm32f10x_md.o
TIM_ARRPreloadConfig                              target/stdperiph/stm32f10x_tim.o
TIM_BDTRConfig                                    target/stdperiph/stm32f10x_tim.o
TIM_BDTRStructInit                                target/stdperiph/stm32f10x_tim.o
TIM_CCPreloadControl                              target/stdperiph/stm32f10x_tim.o
TIM_CCxCmd                                        target/stdperiph/stm32f10x_tim.o
TIM_CCxNCmd                                       target/stdperiph/stm32f10x_tim.o
TIM_ClearFlag                                     target/stdperiph/stm32f10x_tim.o
TIM_ClearITPendingBit                             target/stdperiph/stm32f10x_tim.o
TIM_ClearOC1Ref                                   target/stdperiph/stm32f10x_tim.o
TIM_ClearOC2Ref                                   target/stdperiph/stm32f10x_tim.o
TIM_ClearOC3Ref                                   target/stdperiph/stm32f10x_tim.o
TIM_ClearOC4Ref                                   target/stdperiph/stm32f10x_tim.o
TIM_Cmd                                           target/stdperiph/stm32f10x_tim.o
TIM_CounterModeConfig                             target/stdperiph/stm32f10x_tim.o
TIM_CtrlPWMOutputs                                target/stdperiph/stm32f10x_tim.o
TIM_DMACmd                                        target/stdperiph/stm32f10x_tim.o
TIM_DMAConfig                                     target/stdperiph/stm32f10x_tim.o
TIM_DeInit                                        target/stdperiph/stm32f10x_tim.o
TIM_ETRClockMode1Config                           target/stdperiph/stm32f10x_tim.o
TIM_ETRClockMode2Config                           target/stdperiph/stm32f10x_tim.o
TIM_ETRConfig                                     target/stdperiph/stm32f10x_tim.o
TIM_EncoderInterfaceConfig                        target/stdperiph/stm32f10x_tim.o
TIM_ForcedOC1Config                               target/stdperiph/stm32f10x_tim.o
TIM_ForcedOC2Config                               target/stdperiph/stm32f10x_tim.o
TIM_ForcedOC3Config                               target/stdperiph/stm32f10x_tim.o
TIM_ForcedOC4Config                               target/stdperiph/stm32f10x_tim.o
TIM_GenerateEvent                                 target/stdperiph/stm32f10x_tim.o
TIM_GetCapture1                                   target/stdperiph/stm32f10x_tim.o
TIM_GetCapture2                                   target/stdperiph/stm32f10x_tim.o
TIM_GetCapture3                                   target/stdperiph/stm32f10x_tim.o
TIM_GetCapture4                                   target/stdperiph/stm32f10x_tim.o
TIM_GetCounter                                    target/stdperiph/stm32f10x_tim.o
TIM_GetFlagStatus                                 target/stdperiph/stm32f10x_tim.o
TIM_GetITStatus                                   target/stdperiph/stm32f10x_tim.o
TIM_GetPrescaler                                  target/stdperiph/stm32f10x_tim.o
TIM_ICInit                                        target/stdperiph/stm32f10x_tim.o
TIM_ICStructInit                                  target/stdperiph/stm32f10x_tim.o
TIM_ITConfig                                      target/stdperiph/stm32f10x_tim.o
TIM_ITRxExternalClockConfig                       target/stdperiph/stm32f10x_tim.o
TIM_InternalClockConfig                           target/stdperiph/stm32f10x_tim.o
TIM_OC1FastConfig                                 target/stdperiph/stm32f10x_tim.o
TIM_OC1Init                                       target/stdperiph/stm32f10x_tim.o
TIM_OC1NPolarityConfig                            target/stdperiph/stm32f10x_tim.o
TIM_OC1PolarityConfig                             target/stdperiph/stm32f10x_tim.o
TIM_OC1PreloadConfig                              target/stdperiph/stm32f10x_tim.o
TIM_OC2FastConfig                                 target/stdperiph/stm32f10x_tim.o
TIM_OC2Init                                       target/stdperiph/stm32f10x_tim.o
TIM_OC2NPolarityConfig                            target/stdperiph/stm32f10x_tim.o
TIM_OC2PolarityConfig                             target/stdperiph/stm32f10x_tim.o
TIM_OC2PreloadConfig                              target/stdperiph/stm32f10x_tim.o
TIM_OC3FastConfig                                 target/stdperiph/stm32f10x_tim.o
TIM_OC3Init                                       target/stdperiph/stm32f10x_tim.o
TIM_OC3NPolarityConfig                            target/stdperiph/stm32f10x_tim.o
TIM_OC3PolarityConfig                             target/stdperiph/stm32f10x_tim.o
TIM_OC3PreloadConfig                              target/stdperiph/stm32f10x_tim.o
TIM_OC4FastConfig                                 target/stdperiph/stm32f10x_tim.o
TIM_OC4Init                                       target/stdperiph/stm32f10x_tim.o
TIM_OC4PolarityConfig                             target/stdperiph/stm32f10x_tim.o
TIM_OC4PreloadConfig                              target/stdperiph/stm32f10x_tim.o
TIM_OCStructInit                                  target/stdperiph/stm32f10x_tim.o
TIM_PWMIConfig                                    target/stdperiph/stm32f10x_tim.o
TIM_PrescalerConfig                               target/stdperiph/stm32f10x_tim.o
TIM_SelectCCDMA                                   target/stdperiph/stm32f10x_tim.o
TIM_SelectCOM                                     target/stdperiph/stm32f10x_tim.o
TIM_SelectHallSensor                              target/stdperiph/stm32f10x_tim.o
TIM_SelectInputTrigger                            target/stdperiph/stm32f10x_tim.o
TIM_SelectMasterSlaveMode                         target/stdperiph/stm32f10x_tim.o
TIM_SelectOCxM                                    target/stdperiph/stm32f10x_tim.o
TIM_SelectOnePulseMode                            target/stdperiph/stm32f10x_tim.o
TIM_SelectOutputTrigger                           target/stdperiph/stm32f10x_tim.o
TIM_SelectSlaveMode                               target/stdperiph/stm32f10x_tim.o
TIM_SetAutoreload                                 target/stdperiph/stm32f10x_tim.o
TIM_SetClockDivision                              target/stdperiph/stm32f10x_tim.o
TIM_SetCompare1                                   target/stdperiph/stm32f10x_tim.o
TIM_SetCompare2                                   target/stdperiph/stm32f10x_tim.o
TIM_SetCompare3                                   target/stdperiph/stm32f10x_tim.o
TIM_SetCompare4                                   target/stdperiph/stm32f10x_tim.o
TIM_SetCounter                                    target/stdperiph/stm32f10x_tim.o
TIM_SetIC1Prescaler                               target/stdperiph/stm32f10x_tim.o
TIM_SetIC2Prescaler                               target/stdperiph/stm32f10x_tim.o
TIM_SetIC3Prescaler                               target/stdperiph/stm32f10x_tim.o
TIM_SetIC4Prescaler                               target/stdperiph/stm32f10x_tim.o
TIM_TIxExternalClockConfig                        target/stdperiph/stm32f10x_tim.o
TIM_TimeBaseInit                                  target/stdperiph/stm32f10x_tim.o
TIM_TimeBaseStructInit                            target/stdperiph/stm32f10x_tim.o
TIM_UpdateDisableConfig                           target/stdperiph/stm32f10x_tim.o
TIM_UpdateRequestConfig                           target/stdperiph/stm32f10x_tim.o
USART1_IRQHandler                                 target/cmsis/startup/startup_stm32f10x_md.o
USART2_IRQHandler                                 target/cmsis/startup/startup_stm32f10x_md.o
USART3_IRQHandler                                 target/cmsis/startup/startup_stm32f10x_md.o
USART_ClearFlag                                   target/stdperiph/stm32f10x_usart.o
USART_ClearITPendingBit                           target/stdperiph/stm32f10x_usart.o
USART_ClockInit                                   target/stdperiph/stm32f10x_usart.o
USART_ClockStructInit                             target/stdperiph/stm32f10x_usart.o
USART_Cmd                                         target/stdperiph/stm32f10x_usart.o
USART_DMACmd                                      target/stdperiph/stm32f10x_usart.o
USART_DeInit                                      target/stdperiph/stm32f10x_usart.o
USART_GetFlagStatus                               target/stdperiph/stm32f10x_usart.o
USART_GetITStatus                                 target/stdperiph/stm32f10x_usart.o
USART_HalfDuplexCmd                               target/stdperiph/stm32f10x_usart.o
USART_ITConfig                                    target/stdperiph/stm32f10x_usart.o
USART_Init                                        target/stdperiph/stm32f10x_usart.o
USART_IrDACmd                                     target/stdperiph/stm32f10x_usart.o
USART_IrDAConfig                                  target/stdperiph/stm32f10x_usart.o
USART_LINBreakDetectLengthConfig                  target/stdperiph/stm32f10x_usart.o
USART_LINCmd                                      target/stdperiph/stm32f10x_usart.o
USART_OneBitMethodCmd                             target/stdperiph/stm32f10x_usart.o
USART_OverSampling8Cmd                            target/stdperiph/stm32f10x_usart.o
USART_ReceiveData                                 target/stdperiph/stm32f10x_usart.o
USART_ReceiverWakeUpCmd                           target/stdperiph/stm32f10x_usart.o
USART_SendBreak                                   target/stdperiph/stm32f10x_usart.o
USART_SendData                                    target/stdperiph/stm32f10x_usart.o
USART_SetAddress                                  target/stdperiph/stm32f10x_usart.o
USART_SetGuardTime                                target/stdperiph/stm32f10x_usart.o
USART_SetPrescaler                                target/stdperiph/stm32f10x_usart.o
USART_SmartCardCmd                                target/stdperiph/stm32f10x_usart.o
USART_SmartCardNACKCmd                            target/stdperiph/stm32f10x_usart.o
USART_StructInit                                  target/stdperiph/stm32f10x_usart.o
USART_WakeUpConfig                                target/stdperiph/stm32f10x_usart.o
USBWakeUp_IRQHandler                              target/cmsis/startup/startup_stm32f10x_md.o
USB_HP_CAN1_TX_IRQHandler                         target/src/stm32f10x_it.o
USB_LP_CAN1_RX0_IRQHandler                        target/src/stm32f10x_it.o
UsageFault_Handler                                target/src/stm32f10x_it.o
WWDG_ClearFlag                                    target/stdperiph/stm32f10x_wwdg.o
WWDG_DeInit                                       target/stdperiph/stm32f10x_wwdg.o
WWDG_Enable                                       target/stdperiph/stm32f10x_wwdg.o
WWDG_EnableIT                                     target/stdperiph/stm32f10x_wwdg.o
WWDG_GetFlagStatus                                target/stdperiph/stm32f10x_wwdg.o
WWDG_IRQHandler                                   target/cmsis/startup/startup_stm32f10x_md.o
WWDG_SetCounter                                   target/stdperiph/stm32f10x_wwdg.o
WWDG_SetPrescaler                                 target/stdperiph/stm32f10x_wwdg.o
WWDG_SetWindowValue                               target/stdperiph/stm32f10x_wwdg.o
_Jv_RegisterClasses                               /home/z80/programs/code-sourcery/2011.03-42/bin/../lib/gcc/arm-none-eabi/4.5.2/thumb2/crtbegin.o
__LDREXB                                          target/cmsis/src/core_cm3.o
__LDREXH                                          target/cmsis/src/core_cm3.o
__LDREXW                                          target/cmsis/src/core_cm3.o
__RBIT                                            target/cmsis/src/core_cm3.o
__REV                                             target/cmsis/src/core_cm3.o
__REV16                                           target/cmsis/src/core_cm3.o
__REVSH                                           target/cmsis/src/core_cm3.o
__STREXB                                          target/cmsis/src/core_cm3.o
__STREXH                                          target/cmsis/src/core_cm3.o
__STREXW                                          target/cmsis/src/core_cm3.o
__dso_handle                                      /home/z80/programs/code-sourcery/2011.03-42/bin/../lib/gcc/arm-none-eabi/4.5.2/thumb2/crtbegin.o
__get_BASEPRI                                     target/cmsis/src/core_cm3.o
__get_CONTROL                                     target/cmsis/src/core_cm3.o
__get_FAULTMASK                                   target/cmsis/src/core_cm3.o
__get_MSP                                         target/cmsis/src/core_cm3.o
__get_PRIMASK                                     target/cmsis/src/core_cm3.o
__get_PSP                                         target/cmsis/src/core_cm3.o
__set_BASEPRI                                     target/cmsis/src/core_cm3.o