Archive member included because of file (symbol)

/home/z80/programs/code-sourcery/2011.03-42/bin/../lib/gcc/arm-none-eabi/4.5.2/../../../../arm-none-eabi/lib/thumb2/libc.a(lib_a-memset.o)
                              build/obj/syscalls.o (memset)

Discarded input sections

 .text          0x00000000        0x0 build/obj/crt0.o
 .data          0x00000000        0x0 build/obj/crt0.o
 .bss           0x00000000        0x0 build/obj/crt0.o
 .text.__early_init
                0x00000000       0x10 build/obj/crt0.o
 .text          0x00000000        0x0 build/obj/vectors.o
 .data          0x00000000        0x0 build/obj/vectors.o
 .bss           0x00000000        0x0 build/obj/vectors.o
 .text          0x00000000        0x0 build/obj/chcore.o
 .data          0x00000000        0x0 build/obj/chcore.o
 .bss           0x00000000        0x0 build/obj/chcore.o
 .text          0x00000000        0x0 build/obj/chcore_v7m.o
 .data          0x00000000        0x0 build/obj/chcore_v7m.o
 .bss           0x00000000        0x0 build/obj/chcore_v7m.o
 .text          0x00000000        0x0 build/obj/nvic.o
 .data          0x00000000        0x0 build/obj/nvic.o
 .bss           0x00000000        0x0 build/obj/nvic.o
 .text          0x00000000        0x0 build/obj/chsys.o
 .data          0x00000000        0x0 build/obj/chsys.o
 .bss           0x00000000        0x0 build/obj/chsys.o
 .text          0x00000000        0x0 build/obj/chdebug.o
 .data          0x00000000        0x0 build/obj/chdebug.o
 .bss           0x00000000        0x0 build/obj/chdebug.o
 .text          0x00000000        0x0 build/obj/chlists.o
 .data          0x00000000        0x0 build/obj/chlists.o
 .bss           0x00000000        0x0 build/obj/chlists.o
 .text          0x00000000        0x0 build/obj/chvt.o
 .data          0x00000000        0x0 build/obj/chvt.o
 .bss           0x00000000        0x0 build/obj/chvt.o
 .text          0x00000000        0x0 build/obj/chschd.o
 .data          0x00000000        0x0 build/obj/chschd.o
 .bss           0x00000000        0x0 build/obj/chschd.o
 .text.chSchRescheduleS
                0x00000000       0x20 build/obj/chschd.o
 .text          0x00000000        0x0 build/obj/chthreads.o
 .data          0x00000000        0x0 build/obj/chthreads.o
 .bss           0x00000000        0x0 build/obj/chthreads.o
 .text.list_insert
                0x00000000       0x20 build/obj/chthreads.o
 .text.chThdSetPriority
                0x00000000       0x60 build/obj/chthreads.o
 .text.chThdResume
                0x00000000       0x30 build/obj/chthreads.o
 .text.chThdTerminate
                0x00000000       0x30 build/obj/chthreads.o
 .text.chThdSleepUntil
                0x00000000       0x40 build/obj/chthreads.o
 .text.chThdYield
                0x00000000       0x30 build/obj/chthreads.o
 .text.chThdWait
                0x00000000       0x50 build/obj/chthreads.o
 .text          0x00000000        0x0 build/obj/chdynamic.o
 .data          0x00000000        0x0 build/obj/chdynamic.o
 .bss           0x00000000        0x0 build/obj/chdynamic.o
 .text.chThdAddRef
                0x00000000       0x30 build/obj/chdynamic.o
 .text.chThdRelease
                0x00000000       0x90 build/obj/chdynamic.o
 .text.chThdCreateFromHeap
                0x00000000       0x60 build/obj/chdynamic.o
 .text.chThdCreateFromMemoryPool
                0x00000000       0x70 build/obj/chdynamic.o
 .text          0x00000000        0x0 build/obj/chregistry.o
 .data          0x00000000        0x0 build/obj/chregistry.o
 .bss           0x00000000        0x0 build/obj/chregistry.o
 .text.chRegFirstThread
                0x00000000       0x40 build/obj/chregistry.o
 .text.chRegNextThread
                0x00000000       0x50 build/obj/chregistry.o
 .text          0x00000000        0x0 build/obj/chsem.o
 .data          0x00000000        0x0 build/obj/chsem.o
 .bss           0x00000000        0x0 build/obj/chsem.o
 .text.queue_insert
                0x00000000       0x30 build/obj/chsem.o
 .text.fifo_remove
                0x00000000       0x30 build/obj/chsem.o
 .text.lifo_remove
                0x00000000       0x30 build/obj/chsem.o
 .text.chSemInit
                0x00000000       0x30 build/obj/chsem.o
 .text.chSemReset
                0x00000000       0x30 build/obj/chsem.o
 .text.chSemResetI
                0x00000000       0x70 build/obj/chsem.o
 .text.chSemWait
                0x00000000       0x30 build/obj/chsem.o
 .text.chSemWaitS
                0x00000000       0x80 build/obj/chsem.o
 .text.chSemWaitTimeout
                0x00000000       0x30 build/obj/chsem.o
 .text.chSemWaitTimeoutS
                0x00000000       0x90 build/obj/chsem.o
 .text.chSemSignal
                0x00000000       0x70 build/obj/chsem.o
 .text.chSemSignalI
                0x00000000       0x60 build/obj/chsem.o
 .text.chSemAddCounterI
                0x00000000       0x80 build/obj/chsem.o
 .text.chSemSignalWait
                0x00000000       0xf0 build/obj/chsem.o
[...]
Memory Configuration

Name             Origin             Length             Attributes
flash            0x08000000         0x00020000
ram              0x20000000         0x00002000
*default*        0x00000000         0xffffffff

Linker script and memory map

LOAD build/obj/crt0.o
LOAD build/obj/vectors.o
LOAD build/obj/chcore.o
LOAD build/obj/chcore_v7m.o
LOAD build/obj/nvic.o
LOAD build/obj/chsys.o
LOAD build/obj/chdebug.o
LOAD build/obj/chlists.o
LOAD build/obj/chvt.o
LOAD build/obj/chschd.o
LOAD build/obj/chthreads.o
LOAD build/obj/chdynamic.o
LOAD build/obj/chregistry.o
LOAD build/obj/chsem.o
LOAD build/obj/chmtx.o
LOAD build/obj/chcond.o
LOAD build/obj/chevents.o
LOAD build/obj/chmsg.o
LOAD build/obj/chmboxes.o
LOAD build/obj/chqueues.o
LOAD build/obj/chmemcore.o
LOAD build/obj/chheap.o
LOAD build/obj/chmempools.o
LOAD build/obj/hal.o
LOAD build/obj/adc.o
LOAD build/obj/can.o
LOAD build/obj/ext.o
LOAD build/obj/gpt.o
LOAD build/obj/i2c.o
LOAD build/obj/icu.o
LOAD build/obj/mac.o
LOAD build/obj/mmc_spi.o
LOAD build/obj/mmcsd.o
LOAD build/obj/pal.o
LOAD build/obj/pwm.o
LOAD build/obj/rtc.o
LOAD build/obj/sdc.o
LOAD build/obj/serial.o
LOAD build/obj/serial_usb.o
LOAD build/obj/spi.o
LOAD build/obj/tm.o
LOAD build/obj/uart.o
LOAD build/obj/usb.o
LOAD build/obj/stm32_dma.o
LOAD build/obj/hal_lld.o
LOAD build/obj/adc_lld.o
LOAD build/obj/ext_lld_isr.o
LOAD build/obj/can_lld.o
LOAD build/obj/ext_lld.o
LOAD build/obj/mac_lld.o
LOAD build/obj/sdc_lld.o
LOAD build/obj/pal_lld.o
LOAD build/obj/i2c_lld.o
LOAD build/obj/rtc_lld.o
LOAD build/obj/spi_lld.o
LOAD build/obj/gpt_lld.o
LOAD build/obj/icu_lld.o
LOAD build/obj/pwm_lld.o
LOAD build/obj/serial_lld.o
LOAD build/obj/uart_lld.o
LOAD build/obj/usb_lld.o
LOAD build/obj/board.o
LOAD build/obj/fatfs_diskio.o
LOAD build/obj/fatfs_syscall.o
LOAD build/obj/ff.o
LOAD build/obj/ccsbcs.o
LOAD build/obj/evtimer.o
LOAD build/obj/syscalls.o
LOAD build/obj/main.o
LOAD build/obj/dac.o
LOAD build/obj/playback.o
LOAD build/obj/3310.o
LOAD build/obj/3310-backend.o
START GROUP
LOAD /home/z80/programs/code-sourcery/2011.03-42/bin/../lib/gcc/arm-none-eabi/4.5.2/thumb2/libgcc.a
LOAD /home/z80/programs/code-sourcery/2011.03-42/bin/../lib/gcc/arm-none-eabi/4.5.2/../../../../arm-none-eabi/lib/thumb2/libc.a
END GROUP
                0x00000400                __main_stack_size__ = 0x400
                0x00000400                __process_stack_size__ = 0x400
                0x20000000                __ram_start__ = 0x20000000
                0x00002000                __ram_size__ = 0x2000
                0x20002000                __ram_end__ = (__ram_start__ + __ram_size__)
                0x00000000                . = 0x0
                0x00000000                _text = .

startup         0x08000000       0xec
 *(vectors)
 vectors        0x08000000       0xec build/obj/vectors.o
                0x08000000                _vectors

constructors    0x080000ec        0x0
                0x080000ec                PROVIDE (__init_array_start, .)
 *(SORT(.init_array.*))
 *(.init_array)
                0x080000ec                PROVIDE (__init_array_end, .)

destructors     0x080000ec        0x0
                0x080000ec                PROVIDE (__fini_array_start, .)
 *(.fini_array)
 *(SORT(.fini_array.*))
                0x080000ec                PROVIDE (__fini_array_end, .)

.text           0x080000f0     0x3a7c
 *(.text.startup.*)
 *(.text)
 *(.text.*)
 .text.__late_init
                0x080000f0       0x10 build/obj/crt0.o
                0x080000f0                __late_init
 .text._default_exit
                0x08000100       0x10 build/obj/crt0.o
                0x08000100                _default_exit
 .text.ResetHandler
                0x08000110       0xd0 build/obj/crt0.o
                0x08000110                ResetHandler
 .text._unhandled_exception
                0x080001e0       0x10 build/obj/vectors.o
                0x080001e0                Vector58
                0x080001e0                VectorE8
                0x080001e0                Vector9C
                0x080001e0                Vector5C
                0x080001e0                NMIVector
                0x080001e0                Vector8C
                0x080001e0                VectorDC
                0x080001e0                VectorC8
                0x080001e0                Vector94
                0x080001e0                VectorA8
                0x080001e0                VectorB4
                0x080001e0                UsageFaultVector
                0x080001e0                DebugMonitorVector
                0x080001e0                Vector40
                0x080001e0                VectorBC
                0x080001e0                PendSVVector
                0x080001e0                Vector64
                0x080001e0                VectorCC
                0x080001e0                Vector54
                0x080001e0                Vector98
                0x080001e0                Vector24
                0x080001e0                BusFaultVector
                0x080001e0                VectorD0
                0x080001e0                VectorE4
                0x080001e0                VectorC0
                0x080001e0                HardFaultVector
                0x080001e0                VectorE0
                0x080001e0                MemManageVector
                0x080001e0                VectorA0
                0x080001e0                VectorC4
                0x080001e0                VectorB0
                0x080001e0                Vector90
                0x080001e0                Vector60
                0x080001e0                Vector1C
                0x080001e0                Vector48
                0x080001e0                VectorD4
                0x080001e0                Vector68
                0x080001e0                _unhandled_exception
                0x080001e0                Vector88
                0x080001e0                Vector50
                0x080001e0                Vector44
                0x080001e0                Vector28
                0x080001e0                Vector34
                0x080001e0                Vector20
 .text.port_halt
                0x080001f0       0x10 build/obj/chcore.o
                0x080001f0                port_halt
 .text.SysTickVector
                0x08000200       0x20 build/obj/chcore_v7m.o
                0x08000200                SysTickVector
 .text.SVCallVector
                0x08000220       0x30 build/obj/chcore_v7m.o
                0x08000220                SVCallVector
 .text._port_init
                0x08000250       0x40 build/obj/chcore_v7m.o
                0x08000250                _port_init
 .text._port_irq_epilogue
                0x08000290       0xa0 build/obj/chcore_v7m.o
                0x08000290                _port_irq_epilogue
 .text._port_switch_from_isr
                0x08000330       0x10 build/obj/chcore_v7m.o
                0x08000330                _port_switch_from_isr
 .text._port_switch
                0x08000340       0x20 build/obj/chcore_v7m.o
                0x08000340                _port_switch
 .text._port_thread_start
                0x08000360       0x20 build/obj/chcore_v7m.o
                0x08000360                _port_thread_start
 .text.nvicEnableVector
                0x08000380       0xa0 build/obj/nvic.o
                0x08000380                nvicEnableVector
 .text.nvicDisableVector
                0x08000420       0x70 build/obj/nvic.o
                0x08000420                nvicDisableVector
 .text.nvicSetSystemHandlerPriority
                0x08000490       0x60 build/obj/nvic.o
                0x08000490                nvicSetSystemHandlerPriority
 .text._idle_thread
                0x080004f0       0x20 build/obj/chsys.o
                0x080004f0                _idle_thread
 .text.chSysInit
                0x08000510       0x80 build/obj/chsys.o
                0x08000510                chSysInit
 .text.chSysTimerHandlerI
                0x08000590       0xa0 build/obj/chsys.o
                0x08000590                chSysTimerHandlerI
 .text._vt_init
                0x08000630       0x30 build/obj/chvt.o
                0x08000630                _vt_init
 .text.chVTSetI
                0x08000660       0x90 build/obj/chvt.o
                0x08000660                chVTSetI
 .text.chVTResetI
                0x080006f0       0x50 build/obj/chvt.o
                0x080006f0                chVTResetI
 .text.fifo_remove
                0x08000740       0x30 build/obj/chschd.o
 .text.dequeue  0x08000770       0x20 build/obj/chschd.o
 .text._scheduler_init
                0x08000790       0x30 build/obj/chschd.o
                0x08000790                _scheduler_init
 .text.chSchReadyI
                0x080007c0       0x60 build/obj/chschd.o
                0x080007c0                chSchReadyI
 .text.chSchGoSleepS
                0x08000820       0x50 build/obj/chschd.o
                0x08000820                chSchGoSleepS
 .text.wakeup   0x08000870       0x90 build/obj/chschd.o
 .text.chSchGoSleepTimeoutS
                0x08000900       0x60 build/obj/chschd.o
                0x08000900                chSchGoSleepTimeoutS
 .text.chSchWakeupS
                0x08000960       0x50 build/obj/chschd.o
                0x08000960                chSchWakeupS
 .text.chSchDoRescheduleBehind
                0x080009b0       0x50 build/obj/chschd.o
                0x080009b0                chSchDoRescheduleBehind
 .text.chSchDoRescheduleAhead
                0x08000a00       0x70 build/obj/chschd.o
                0x08000a00                chSchDoRescheduleAhead
 .text.chSchDoReschedule
                0x08000a70       0x20 build/obj/chschd.o
                0x08000a70                chSchDoReschedule
 .text.list_remove
                0x08000a90       0x20 build/obj/chthreads.o
 .text._thread_init
                0x08000ab0       0xa0 build/obj/chthreads.o
                0x08000ab0                _thread_init
 .text.chThdCreateI
                0x08000b50       0x60 build/obj/chthreads.o
                0x08000b50                chThdCreateI
 .text.chThdCreateStatic
                0x08000bb0       0x40 build/obj/chthreads.o
                0x08000bb0                chThdCreateStatic
 .text.chThdSleep
                0x08000bf0       0x30 build/obj/chthreads.o
                0x08000bf0                chThdSleep
 .text.chThdExit
                0x08000c20       0x20 build/obj/chthreads.o
                0x08000c20                chThdExit
 .text.chThdExitS
                0x08000c40       0x70 build/obj/chthreads.o
                0x08000c40                chThdExitS
 .text.chMtxInit
                0x08000cb0       0x20 build/obj/chmtx.o
                0x08000cb0                chMtxInit
 .text.chEvtBroadcastFlagsI
                0x08000cd0       0x40 build/obj/chevents.o
                0x08000cd0                chEvtBroadcastFlagsI
 .text.chEvtSignalI
                0x08000d10       0x60 build/obj/chevents.o
                0x08000d10                chEvtSignalI
 .text.queue_insert
                0x08000d70       0x30 build/obj/chqueues.o
 .text.fifo_remove
                0x08000da0       0x30 build/obj/chqueues.o
 .text.qwait    0x08000dd0       0x40 build/obj/chqueues.o
 .text.chIQInit
                0x08000e10       0x60 build/obj/chqueues.o
                0x08000e10                chIQInit
 .text.chIQPutI
                0x08000e70       0xa0 build/obj/chqueues.o
                0x08000e70                chIQPutI
 .text.chIQGetTimeout
                0x08000f10       0x90 build/obj/chqueues.o
                0x08000f10                chIQGetTimeout
 .text.chIQReadTimeout
                0x08000fa0       0xc0 build/obj/chqueues.o
                0x08000fa0                chIQReadTimeout
 .text.chOQInit
                0x08001060       0x50 build/obj/chqueues.o
                0x08001060                chOQInit
 .text.chOQPutTimeout
                0x080010b0       0x90 build/obj/chqueues.o
                0x080010b0                chOQPutTimeout
 .text.chOQGetI
                0x08001140       0x90 build/obj/chqueues.o
                0x08001140                chOQGetI
 .text.chOQWriteTimeout
                0x080011d0       0xc0 build/obj/chqueues.o
                0x080011d0                chOQWriteTimeout
 .text._core_init
                0x08001290       0x30 build/obj/chmemcore.o
                0x08001290                _core_init
 .text.chCoreAlloc
                0x080012c0       0x30 build/obj/chmemcore.o
                0x080012c0                chCoreAlloc
 .text.chCoreAllocI
                0x080012f0       0x50 build/obj/chmemcore.o
                0x080012f0                chCoreAllocI
 .text._heap_init
                0x08001340       0x30 build/obj/chheap.o
                0x08001340                _heap_init
 .text.halInit  0x08001370       0x40 build/obj/hal.o
                0x08001370                halInit
 .text.adcInit  0x080013b0       0x10 build/obj/adc.o
                0x080013b0                adcInit
 .text.adcObjectInit
                0x080013c0       0x50 build/obj/adc.o
                0x080013c0                adcObjectInit
 .text.mmc_read
                0x08001410       0x70 build/obj/mmc_spi.o
 .text.mmc_write
                0x08001480       0x70 build/obj/mmc_spi.o
 .text.crc7     0x080014f0       0x60 build/obj/mmc_spi.o
 .text.wait     0x08001550       0x70 build/obj/mmc_spi.o
 .text.send_hdr
                0x080015c0       0x90 build/obj/mmc_spi.o
 .text.recvr1   0x08001650       0x50 build/obj/mmc_spi.o
 .text.recvr3   0x080016a0       0x30 build/obj/mmc_spi.o
 .text.send_command_R1
                0x080016d0       0x50 build/obj/mmc_spi.o
 .text.send_command_R3
                0x08001720       0x50 build/obj/mmc_spi.o
 .text.read_CxD
                0x08001770      0x120 build/obj/mmc_spi.o
 .text.sync     0x08001890       0x50 build/obj/mmc_spi.o
 .text.mmcInit  0x080018e0       0x10 build/obj/mmc_spi.o
                0x080018e0                mmcInit
 .text.mmcObjectInit
                0x080018f0       0x30 build/obj/mmc_spi.o
                0x080018f0                mmcObjectInit
 .text.mmcStart
                0x08001920       0x40 build/obj/mmc_spi.o
                0x08001920                mmcStart
 .text.mmcConnect
                0x08001960      0x200 build/obj/mmc_spi.o
                0x08001960                mmcConnect
 .text.mmcDisconnect
                0x08001b60       0x80 build/obj/mmc_spi.o
                0x08001b60                mmcDisconnect
 .text.mmcStartSequentialRead
                0x08001be0       0x90 build/obj/mmc_spi.o
                0x08001be0                mmcStartSequentialRead
 .text.mmcSequentialRead
                0x08001c70       0xb0 build/obj/mmc_spi.o
                0x08001c70                mmcSequentialRead
 .text.mmcStopSequentialRead
                0x08001d20       0x50 build/obj/mmc_spi.o
                0x08001d20                mmcStopSequentialRead
 .text.mmcStartSequentialWrite
                0x08001d70       0x90 build/obj/mmc_spi.o
                0x08001d70                mmcStartSequentialWrite
 .text.mmcSequentialWrite
                0x08001e00       0xb0 build/obj/mmc_spi.o
                0x08001e00                mmcSequentialWrite
 .text.mmcStopSequentialWrite
                0x08001eb0       0x50 build/obj/mmc_spi.o
                0x08001eb0                mmcStopSequentialWrite
 .text.mmcSync  0x08001f00       0x50 build/obj/mmc_spi.o
                0x08001f00                mmcSync
 .text.mmcGetInfo
                0x08001f50       0x40 build/obj/mmc_spi.o
                0x08001f50                mmcGetInfo
 .text.mmcsd_get_slice
                0x08001f90       0xa0 build/obj/mmcsd.o
 .text.mmcsdGetCapacity
                0x08002030       0x90 build/obj/mmcsd.o
                0x08002030                mmcsdGetCapacity
 .text.pwmInit  0x080020c0       0x10 build/obj/pwm.o
                0x080020c0                pwmInit
 .text.pwmObjectInit
                0x080020d0       0x20 build/obj/pwm.o
                0x080020d0                pwmObjectInit
 .text.rtcInit  0x080020f0       0x10 build/obj/rtc.o
                0x080020f0                rtcInit
 .text.write    0x08002100       0x30 build/obj/serial.o
 .text.read     0x08002130       0x30 build/obj/serial.o
 .text.put      0x08002160       0x30 build/obj/serial.o
 .text.get      0x08002190       0x20 build/obj/serial.o
 .text.putt     0x080021b0       0x30 build/obj/serial.o
 .text.gett     0x080021e0       0x20 build/obj/serial.o
 .text.writet   0x08002200       0x30 build/obj/serial.o
 .text.readt    0x08002230       0x30 build/obj/serial.o
 .text.sdInit   0x08002260       0x10 build/obj/serial.o
                0x08002260                sdInit
 .text.sdObjectInit
                0x08002270       0x70 build/obj/serial.o
                0x08002270                sdObjectInit
 .text.sdIncomingDataI
                0x080022e0       0x50 build/obj/serial.o
                0x080022e0                sdIncomingDataI
 .text.spiInit  0x08002330       0x10 build/obj/spi.o
                0x08002330                spiInit
 .text.spiObjectInit
                0x08002340       0x30 build/obj/spi.o
                0x08002340                spiObjectInit
 .text.spiStart
                0x08002370       0x50 build/obj/spi.o
                0x08002370                spiStart
 .text.spiStop  0x080023c0       0x40 build/obj/spi.o
                0x080023c0                spiStop
 .text.spiSelect
                0x08002400       0x20 build/obj/spi.o
                0x08002400                spiSelect
 .text.spiUnselect
                0x08002420       0x20 build/obj/spi.o
                0x08002420                spiUnselect
 .text.spiIgnore
                0x08002440       0x50 build/obj/spi.o
                0x08002440                spiIgnore
 .text.spiSend  0x08002490       0x60 build/obj/spi.o
                0x08002490                spiSend
 .text.spiReceive
                0x080024f0       0x60 build/obj/spi.o
                0x080024f0                spiReceive
 .text.tm_start
                0x08002550       0x20 build/obj/tm.o
 .text.tm_stop  0x08002570       0x60 build/obj/tm.o
 .text.tmInit   0x080025d0       0x40 build/obj/tm.o
                0x080025d0                tmInit
 .text.tmObjectInit
                0x08002610       0x40 build/obj/tm.o
                0x08002610                tmObjectInit
 .text.Vector6C
                0x08002650       0x40 build/obj/stm32_dma.o
                0x08002650                Vector6C
 .text.Vector70
                0x08002690       0x50 build/obj/stm32_dma.o
                0x08002690                Vector70
 .text.Vector74
                0x080026e0       0x50 build/obj/stm32_dma.o
                0x080026e0                Vector74
 .text.Vector78
                0x08002730       0x50 build/obj/stm32_dma.o
                0x08002730                Vector78
 .text.Vector7C
                0x08002780       0x50 build/obj/stm32_dma.o
                0x08002780                Vector7C
 .text.Vector80
                0x080027d0       0x50 build/obj/stm32_dma.o
                0x080027d0                Vector80
 .text.Vector84
                0x08002820       0x50 build/obj/stm32_dma.o
                0x08002820                Vector84
 .text.dmaInit  0x08002870       0x70 build/obj/stm32_dma.o
                0x08002870                dmaInit
 .text.dmaStreamAllocate
                0x080028e0       0xe0 build/obj/stm32_dma.o
                0x080028e0                dmaStreamAllocate
 .text.dmaStreamRelease
                0x080029c0       0x50 build/obj/stm32_dma.o
                0x080029c0                dmaStreamRelease
 .text.hal_lld_backup_domain_init
                0x08002a10       0x60 build/obj/hal_lld.o
 .text.hal_lld_init
                0x08002a70       0x90 build/obj/hal_lld.o
                0x08002a70                hal_lld_init
 .text.stm32_clock_init
                0x08002b00       0xc0 build/obj/hal_lld.o
                0x08002b00                stm32_clock_init
 .text.adc_lld_init
                0x08002bc0       0x90 build/obj/adc_lld.o
                0x08002bc0                adc_lld_init
 .text._pal_lld_init
                0x08002c50       0xb0 build/obj/pal_lld.o
                0x08002c50                _pal_lld_init
 .text._pal_lld_setgroupmode
                0x08002d00       0xe0 build/obj/pal_lld.o
                0x08002d00                _pal_lld_setgroupmode
 .text.Vector4C
                0x08002de0       0x90 build/obj/rtc_lld.o
                0x08002de0                Vector4C
 .text.rtc_lld_set_prescaler
                0x08002e70       0x50 build/obj/rtc_lld.o
                0x08002e70                rtc_lld_set_prescaler
 .text.rtc_lld_init
                0x08002ec0       0x60 build/obj/rtc_lld.o
                0x08002ec0                rtc_lld_init
 .text.spi_lld_serve_rx_interrupt
                0x08002f20       0xe0 build/obj/spi_lld.o
 .text.spi_lld_serve_tx_interrupt
                0x08003000       0x20 build/obj/spi_lld.o
 .text.spi_lld_init
                0x08003020       0x80 build/obj/spi_lld.o
                0x08003020                spi_lld_init
 .text.spi_lld_start
                0x080030a0      0x160 build/obj/spi_lld.o
                0x080030a0                spi_lld_start
 .text.spi_lld_stop
                0x08003200       0x70 build/obj/spi_lld.o
                0x08003200                spi_lld_stop
 .text.spi_lld_select
                0x08003270       0x20 build/obj/spi_lld.o
                0x08003270                spi_lld_select
 .text.spi_lld_unselect
                0x08003290       0x20 build/obj/spi_lld.o
                0x08003290                spi_lld_unselect
 .text.spi_lld_ignore
                0x080032b0       0x80 build/obj/spi_lld.o
                0x080032b0                spi_lld_ignore
 .text.spi_lld_send
                0x08003330       0x80 build/obj/spi_lld.o
                0x08003330                spi_lld_send
 .text.spi_lld_receive
                0x080033b0       0x80 build/obj/spi_lld.o
                0x080033b0                spi_lld_receive
 .text.pwm_lld_serve_interrupt
                0x08003430       0xb0 build/obj/pwm_lld.o
 .text.VectorA4
                0x080034e0       0x30 build/obj/pwm_lld.o
                0x080034e0                VectorA4
 .text.VectorAC
                0x08003510       0xa0 build/obj/pwm_lld.o
                0x08003510                VectorAC
 .text.VectorB8
                0x080035b0       0x20 build/obj/pwm_lld.o
                0x080035b0                VectorB8
 .text.pwm_lld_init
                0x080035d0       0x30 build/obj/pwm_lld.o
                0x080035d0                pwm_lld_init
 .text.set_error
                0x08003600       0x80 build/obj/serial_lld.o
 .text.serve_interrupt
                0x08003680      0x150 build/obj/serial_lld.o
 .text.notify2  0x080037d0       0x20 build/obj/serial_lld.o
 .text.VectorD8
                0x080037f0       0x20 build/obj/serial_lld.o
                0x080037f0                VectorD8
 .text.sd_lld_init
                0x08003810       0x30 build/obj/serial_lld.o
                0x08003810                sd_lld_init
 .text.__early_init
                0x08003840       0x10 build/obj/board.o
                0x08003840                __early_init
 .text.boardInit
                0x08003850       0x10 build/obj/board.o
                0x08003850                boardInit
 .text.main     0x08003860       0x90 build/obj/main.o
                0x08003860                main
 .text.mmc_lld_is_card_inserted
                0x080038f0       0x10 build/obj/3310-backend.o
                0x080038f0                mmc_lld_is_card_inserted
 .text.mmc_lld_is_write_protected
                0x08003900       0x10 build/obj/3310-backend.o
                0x08003900                mmc_lld_is_write_protected
 *(.rodata)
 .rodata        0x08003910        0x8 build/obj/chsys.o
 *(.rodata.*)
 *fill*         0x08003918        0x8 00
 .rodata.ch_debug
                0x08003920       0x18 build/obj/chregistry.o
                0x08003920                ch_debug
 *fill*         0x08003938        0x8 00
 .rodata.mmc_vmt
                0x08003940       0x20 build/obj/mmc_spi.o
 .rodata.crc7_lookup_table
                0x08003960      0x100 build/obj/mmc_spi.o
 .rodata.stop.6862
                0x08003a60        0x4 build/obj/mmc_spi.o
 *fill*         0x08003a64        0xc 00
 .rodata.start.6857
                0x08003a70        0x4 build/obj/mmc_spi.o
 *fill*         0x08003a74        0xc 00
 .rodata.stopcmd.6848
                0x08003a80        0x8 build/obj/mmc_spi.o
 *fill*         0x08003a88        0x8 00
 .rodata.vmt    0x08003a90       0x20 build/obj/serial.o
 .rodata._stm32_dma_streams
                0x08003ab0       0x54 build/obj/stm32_dma.o
                0x08003ab0                _stm32_dma_streams
 *fill*         0x08003b04        0xc 00
 .rodata.cfgtab.6366
                0x08003b10       0x14 build/obj/pal_lld.o
 *fill*         0x08003b24        0xc 00
 .rodata.pal_default_config
                0x08003b30       0x3c build/obj/board.o
                0x08003b30                pal_default_config
 *(.glue_7t)
 .glue_7t       0x00000000        0x0 linker stubs
 *(.glue_7)
 .glue_7        0x00000000        0x0 linker stubs
 *(.gcc*)

.vfp11_veneer   0x08003b6c        0x0
 .vfp11_veneer  0x00000000        0x0 linker stubs

.v4_bx          0x08003b6c        0x0
 .v4_bx         0x00000000        0x0 linker stubs

.ARM.extab
 *(.ARM.extab* .gnu.linkonce.armextab.*)

.ARM.exidx      0x08003b6c        0x0
                0x08003b6c                PROVIDE (__exidx_start, .)
 *(.ARM.exidx* .gnu.linkonce.armexidx.*)
                0x08003b6c                PROVIDE (__exidx_end, .)

.eh_frame_hdr
 *(.eh_frame_hdr)

.eh_frame
 *(.eh_frame)

.textalign      0x08003b6c        0x4
                0x08003b70                . = ALIGN (0x8)
 *fill*         0x08003b6c        0x4 00
                0x08003b70                . = ALIGN (0x4)
                0x08003b70                _etext = .
                0x08003b70                _textdata = _etext

.stacks         0x20000000      0x800
                0x20000000                . = ALIGN (0x8)
                0x20000000                __main_stack_base__ = .
                0x20000400                . = (. + __main_stack_size__)
 *fill*         0x20000000      0x400 00
                0x20000400                . = ALIGN (0x8)
                0x20000400                __main_stack_end__ = .
                0x20000400                __process_stack_base__ = .
                0x20000400                __main_thread_stack_base__ = .
                0x20000800                . = (. + __process_stack_size__)
 *fill*         0x20000400      0x400 00
                0x20000800                . = ALIGN (0x8)
                0x20000800                __process_stack_end__ = .
                0x20000800                __main_thread_stack_end__ = .

.data           0x20000800       0x24 load address 0x08003b70
                0x20000800                . = ALIGN (0x4)
                0x20000800                PROVIDE (_data, .)
 *(.data)
                0x20000800                . = ALIGN (0x4)
 *(.data.*)
 .data.mmccfg.6669
                0x20000800        0xc build/obj/main.o
 .data.ls_spicfg.6668
                0x2000080c        0xc build/obj/main.o
 .data.hs_spicfg.6667
                0x20000818        0xc build/obj/main.o
                0x20000824                . = ALIGN (0x4)
 *(.ramtext)
                0x20000824                . = ALIGN (0x4)
                0x20000824                PROVIDE (_edata, .)

.bss            0x20000828      0x2dc load address 0x08003b94
                0x20000828                . = ALIGN (0x4)
                0x20000828                PROVIDE (_bss_start, .)
 *(.bss)
                0x20000828                . = ALIGN (0x4)
 *(.bss.*)
 .bss._idle_thread_wa
                0x20000828       0xc0 build/obj/chsys.o
                0x20000828                _idle_thread_wa
 .bss.mainthread.4642
                0x200008e8       0x48 build/obj/chsys.o
 .bss.vtlist    0x20000930       0x10 build/obj/chvt.o
                0x20000930                vtlist
 .bss.rlist     0x20000940       0x1c build/obj/chschd.o
                0x20000940                rlist
 .bss.nextmem   0x2000095c        0x4 build/obj/chmemcore.o
 .bss.endmem    0x20000960        0x4 build/obj/chmemcore.o
 *fill*         0x20000964        0x4 00
 .bss.default_heap
                0x20000968       0x20 build/obj/chheap.o
 .bss.measurement_offset
                0x20000988        0x4 build/obj/tm.o
 .bss.dma_streams_mask
                0x2000098c        0x4 build/obj/stm32_dma.o
 .bss.dma_isr_redir
                0x20000990       0x38 build/obj/stm32_dma.o
 .bss.ADCD1     0x200009c8       0x34 build/obj/adc_lld.o
                0x200009c8                ADCD1
 .bss.RTCD1     0x200009fc        0x4 build/obj/rtc_lld.o
                0x200009fc                RTCD1
 .bss.SPID1     0x20000a00       0x30 build/obj/spi_lld.o
                0x20000a00                SPID1
 .bss.SPID2     0x20000a30       0x30 build/obj/spi_lld.o
                0x20000a30                SPID2
 .bss.dummytx   0x20000a60        0x2 build/obj/spi_lld.o
 .bss.dummyrx   0x20000a62        0x2 build/obj/spi_lld.o
 .bss.PWMD1     0x20000a64       0x14 build/obj/pwm_lld.o
                0x20000a64                PWMD1
 .bss.PWMD4     0x20000a78       0x14 build/obj/pwm_lld.o
                0x20000a78                PWMD4
 .bss.SD2       0x20000a8c       0x78 build/obj/serial_lld.o
                0x20000a8c                SD2
                0x20000b04                . = ALIGN (0x4)
 *(COMMON)
                0x20000b04                . = ALIGN (0x4)
                0x20000b04                PROVIDE (_bss_end, .)
                0x20000b04                PROVIDE (end, .)
                0x20000b04                _end = .
                0x20000b04                __heap_base__ = _end
                0x20002000                __heap_end__ = __ram_end__
OUTPUT(build/ch.elf elf32-littlearm)

.debug_abbrev   0x00000000     0x4e40
 .debug_abbrev  0x00000000       0xbe build/obj/crt0.o
 .debug_abbrev  0x000000be       0xae build/obj/vectors.o
 .debug_abbrev  0x0000016c       0x41 build/obj/chcore.o
 .debug_abbrev  0x000001ad      0x1ab build/obj/chcore_v7m.o
 .debug_abbrev  0x00000358       0xec build/obj/nvic.o
 .debug_abbrev  0x00000444      0x170 build/obj/chsys.o
 .debug_abbrev  0x000005b4       0x2a build/obj/chdebug.o
 .debug_abbrev  0x000005de       0x2a build/obj/chlists.o
 .debug_abbrev  0x00000608      0x106 build/obj/chvt.o
 .debug_abbrev  0x0000070e      0x1fd build/obj/chschd.o
 .debug_abbrev  0x0000090b      0x1e7 build/obj/chthreads.o
 .debug_abbrev  0x00000af2      0x177 build/obj/chdynamic.o
 .debug_abbrev  0x00000c69      0x148 build/obj/chregistry.o
 .debug_abbrev  0x00000db1      0x1c5 build/obj/chsem.o
 .debug_abbrev  0x00000f76      0x1b6 build/obj/chmtx.o
 .debug_abbrev  0x0000112c      0x1bd build/obj/chcond.o
 .debug_abbrev  0x000012e9      0x1d6 build/obj/chevents.o
 .debug_abbrev  0x000014bf      0x168 build/obj/chmsg.o
 .debug_abbrev  0x00001627      0x1b5 build/obj/chmboxes.o
 .debug_abbrev  0x000017dc      0x1e4 build/obj/chqueues.o
 .debug_abbrev  0x000019c0       0xf0 build/obj/chmemcore.o
 .debug_abbrev  0x00001ab0      0x178 build/obj/chheap.o
 .debug_abbrev  0x00001c28      0x11b build/obj/chmempools.o
 .debug_abbrev  0x00001d43      0x12d build/obj/hal.o
 .debug_abbrev  0x00001e70      0x1e6 build/obj/adc.o
 .debug_abbrev  0x00002056       0x4f build/obj/can.o
 .debug_abbrev  0x000020a5       0x4f build/obj/ext.o
 .debug_abbrev  0x000020f4       0x4f build/obj/gpt.o
 .debug_abbrev  0x00002143       0x4f build/obj/i2c.o
 .debug_abbrev  0x00002192       0x4f build/obj/icu.o
 .debug_abbrev  0x000021e1       0x4f build/obj/mac.o
 .debug_abbrev  0x00002230      0x283 build/obj/mmc_spi.o
 .debug_abbrev  0x000024b3       0xcf build/obj/mmcsd.o
 .debug_abbrev  0x00002582       0xfc build/obj/pal.o
 .debug_abbrev  0x0000267e      0x13e build/obj/pwm.o
 .debug_abbrev  0x000027bc      0x11c build/obj/rtc.o
 .debug_abbrev  0x000028d8       0x4f build/obj/sdc.o
 .debug_abbrev  0x00002927      0x1fa build/obj/serial.o
 .debug_abbrev  0x00002b21       0x4f build/obj/serial_usb.o
 .debug_abbrev  0x00002b70      0x1f0 build/obj/spi.o
 .debug_abbrev  0x00002d60      0x10a build/obj/tm.o
 .debug_abbrev  0x00002e6a       0x4f build/obj/uart.o
 .debug_abbrev  0x00002eb9       0x4f build/obj/usb.o
 .debug_abbrev  0x00002f08      0x17b build/obj/stm32_dma.o
 .debug_abbrev  0x00003083       0xe9 build/obj/hal_lld.o
 .debug_abbrev  0x0000316c      0x1ce build/obj/adc_lld.o
 .debug_abbrev  0x0000333a       0x4f build/obj/ext_lld_isr.o
 .debug_abbrev  0x00003389       0x4f build/obj/can_lld.o
 .debug_abbrev  0x000033d8       0x4f build/obj/ext_lld.o
 .debug_abbrev  0x00003427       0x4f build/obj/mac_lld.o
 .debug_abbrev  0x00003476       0x4f build/obj/sdc_lld.o
 .debug_abbrev  0x000034c5      0x11a build/obj/pal_lld.o
 .debug_abbrev  0x000035df       0x4f build/obj/i2c_lld.o
 .debug_abbrev  0x0000362e      0x1ca build/obj/rtc_lld.o
 .debug_abbrev  0x000037f8      0x219 build/obj/spi_lld.o
 .debug_abbrev  0x00003a11       0x4f build/obj/gpt_lld.o
 .debug_abbrev  0x00003a60       0x4f build/obj/icu_lld.o
 .debug_abbrev  0x00003aaf      0x1b2 build/obj/pwm_lld.o
 .debug_abbrev  0x00003c61      0x217 build/obj/serial_lld.o
 .debug_abbrev  0x00003e78       0x4f build/obj/uart_lld.o
 .debug_abbrev  0x00003ec7       0x4f build/obj/usb_lld.o
 .debug_abbrev  0x00003f16       0xbe build/obj/board.o
 .debug_abbrev  0x00003fd4      0x1b4 build/obj/fatfs_diskio.o
 .debug_abbrev  0x00004188       0x2a build/obj/fatfs_syscall.o
 .debug_abbrev  0x000041b2      0x16c build/obj/ff.o
 .debug_abbrev  0x0000431e       0x98 build/obj/ccsbcs.o
 .debug_abbrev  0x000043b6      0x14c build/obj/evtimer.o
 .debug_abbrev  0x00004502      0x17e build/obj/syscalls.o
 .debug_abbrev  0x00004680      0x17d build/obj/main.o
 .debug_abbrev  0x000047fd       0xe9 build/obj/dac.o
 .debug_abbrev  0x000048e6      0x245 build/obj/playback.o
 .debug_abbrev  0x00004b2b      0x139 build/obj/3310.o
 .debug_abbrev  0x00004c64      0x1dc build/obj/3310-backend.o

.debug_info     0x00000000    0x1853a
 .debug_info    0x00000000      0x349 build/obj/crt0.o
 .debug_info    0x00000349      0x1f4 build/obj/vectors.o
 .debug_info    0x0000053d       0x92 build/obj/chcore.o
 .debug_info    0x000005cf      0x7ea build/obj/chcore_v7m.o
 .debug_info    0x00000db9      0x438 build/obj/nvic.o
 .debug_info    0x000011f1      0x7cc build/obj/chsys.o
 .debug_info    0x000019bd       0x7a build/obj/chdebug.o
 .debug_info    0x00001a37       0x7a build/obj/chlists.o
 .debug_info    0x00001ab1      0x221 build/obj/chvt.o
 .debug_info    0x00001cd2      0x7ac build/obj/chschd.o
 .debug_info    0x0000247e      0xa3e build/obj/chthreads.o
 .debug_info    0x00002ebc      0x75e build/obj/chdynamic.o
 .debug_info    0x0000361a      0x667 build/obj/chregistry.o
 .debug_info    0x00003c81      0x8d3 build/obj/chsem.o
 .debug_info    0x00004554      0x815 build/obj/chmtx.o
 .debug_info    0x00004d69      0x7b5 build/obj/chcond.o
 .debug_info    0x0000551e      0xcb1 build/obj/chevents.o
 .debug_info    0x000061cf      0x601 build/obj/chmsg.o
 .debug_info    0x000067d0      0x875 build/obj/chmboxes.o
 .debug_info    0x00007045      0xa8c build/obj/chqueues.o
 .debug_info    0x00007ad1      0x1db build/obj/chmemcore.o
 .debug_info    0x00007cac      0x64f build/obj/chheap.o
 .debug_info    0x000082fb      0x2f3 build/obj/chmempools.o
 .debug_info    0x000085ee      0x2b8 build/obj/hal.o
 .debug_info    0x000088a6      0xc6f build/obj/adc.o
 .debug_info    0x00009515       0xa6 build/obj/can.o
 .debug_info    0x000095bb       0xa6 build/obj/ext.o
 .debug_info    0x00009661       0xa6 build/obj/gpt.o
 .debug_info    0x00009707       0xa6 build/obj/i2c.o
 .debug_info    0x000097ad       0xa6 build/obj/icu.o
 .debug_info    0x00009853       0xa6 build/obj/mac.o
 .debug_info    0x000098f9     0x127a build/obj/mmc_spi.o
 .debug_info    0x0000ab73      0x194 build/obj/mmcsd.o
 .debug_info    0x0000ad07      0x247 build/obj/pal.o
 .debug_info    0x0000af4e      0x60f build/obj/pwm.o
 .debug_info    0x0000b55d      0x415 build/obj/rtc.o
 .debug_info    0x0000b972       0xa6 build/obj/sdc.o
 .debug_info    0x0000ba18      0xc8f build/obj/serial.o
 .debug_info    0x0000c6a7       0xa6 build/obj/serial_usb.o
 .debug_info    0x0000c74d      0xe2e build/obj/spi.o
 .debug_info    0x0000d57b      0x285 build/obj/tm.o
 .debug_info    0x0000d800       0xa6 build/obj/uart.o
 .debug_info    0x0000d8a6       0xa6 build/obj/usb.o
 .debug_info    0x0000d94c      0x641 build/obj/stm32_dma.o
 .debug_info    0x0000df8d      0x3b0 build/obj/hal_lld.o
 .debug_info    0x0000e33d      0xb86 build/obj/adc_lld.o
 .debug_info    0x0000eec3       0xa6 build/obj/ext_lld_isr.o
 .debug_info    0x0000ef69       0xa6 build/obj/can_lld.o
 .debug_info    0x0000f00f       0xa6 build/obj/ext_lld.o
 .debug_info    0x0000f0b5       0xa6 build/obj/mac_lld.o
 .debug_info    0x0000f15b       0xa6 build/obj/sdc_lld.o
 .debug_info    0x0000f201      0x39b build/obj/pal_lld.o
 .debug_info    0x0000f59c       0xa6 build/obj/i2c_lld.o
 .debug_info    0x0000f642      0x6ed build/obj/rtc_lld.o
 .debug_info    0x0000fd2f      0xc5d build/obj/spi_lld.o
 .debug_info    0x0001098c       0xa6 build/obj/gpt_lld.o
 .debug_info    0x00010a32       0xa6 build/obj/icu_lld.o
 .debug_info    0x00010ad8      0x65c build/obj/pwm_lld.o
 .debug_info    0x00011134      0xc5e build/obj/serial_lld.o
 .debug_info    0x00011d92       0xa6 build/obj/uart_lld.o
 .debug_info    0x00011e38       0xa6 build/obj/usb_lld.o
 .debug_info    0x00011ede      0x18d build/obj/board.o
 .debug_info    0x0001206b      0xcdb build/obj/fatfs_diskio.o
 .debug_info    0x00012d46       0x7a build/obj/fatfs_syscall.o
 .debug_info    0x00012dc0      0xf3d build/obj/ff.o
 .debug_info    0x00013cfd      0x17e build/obj/ccsbcs.o
 .debug_info    0x00013e7b      0x631 build/obj/evtimer.o
 .debug_info    0x000144ac      0xc3b build/obj/syscalls.o
 .debug_info    0x000150e7      0xad7 build/obj/main.o
 .debug_info    0x00015bbe      0x345 build/obj/dac.o
 .debug_info    0x00015f03     0x12ce build/obj/playback.o
 .debug_info    0x000171d1      0x707 build/obj/3310.o
 .debug_info    0x000178d8      0xc62 build/obj/3310-backend.o

.debug_line     0x00000000     0x93f9
 .debug_line    0x00000000      0x15e build/obj/crt0.o
 .debug_line    0x0000015e       0xeb build/obj/vectors.o
 .debug_line    0x00000249       0x63 build/obj/chcore.o
 .debug_line    0x000002ac      0x224 build/obj/chcore_v7m.o
 .debug_line    0x000004d0      0x116 build/obj/nvic.o
 .debug_line    0x000005e6      0x1d5 build/obj/chsys.o
 .debug_line    0x000007bb       0x1d build/obj/chdebug.o
 .debug_line    0x000007d8       0x1d build/obj/chlists.o
 .debug_line    0x000007f5      0x179 build/obj/chvt.o
 .debug_line    0x0000096e      0x2c0 build/obj/chschd.o
 .debug_line    0x00000c2e      0x34d build/obj/chthreads.o
 .debug_line    0x00000f7b      0x252 build/obj/chdynamic.o
 .debug_line    0x000011cd      0x203 build/obj/chregistry.o
 .debug_line    0x000013d0      0x3ad build/obj/chsem.o
 .debug_line    0x0000177d      0x2d2 build/obj/chmtx.o
 .debug_line    0x00001a4f      0x285 build/obj/chcond.o
 .debug_line    0x00001cd4      0x33a build/obj/chevents.o
 .debug_line    0x0000200e      0x1de build/obj/chmsg.o
 .debug_line    0x000021ec      0x28a build/obj/chmboxes.o
 .debug_line    0x00002476      0x397 build/obj/chqueues.o
 .debug_line    0x0000280d      0x17c build/obj/chmemcore.o
 .debug_line    0x00002989      0x2a2 build/obj/chheap.o
 .debug_line    0x00002c2b      0x20a build/obj/chmempools.o
 .debug_line    0x00002e35      0x25b build/obj/hal.o
 .debug_line    0x00003090      0x3c6 build/obj/adc.o
 .debug_line    0x00003456       0xde build/obj/can.o
 .debug_line    0x00003534       0xde build/obj/ext.o
 .debug_line    0x00003612       0xde build/obj/gpt.o
 .debug_line    0x000036f0       0xde build/obj/i2c.o
 .debug_line    0x000037ce       0xde build/obj/icu.o
 .debug_line    0x000038ac       0xde build/obj/mac.o
 .debug_line    0x0000398a      0x659 build/obj/mmc_spi.o
 .debug_line    0x00003fe3      0x13f build/obj/mmcsd.o
 .debug_line    0x00004122      0x1c8 build/obj/pal.o
 .debug_line    0x000042ea      0x223 build/obj/pwm.o
 .debug_line    0x0000450d      0x214 build/obj/rtc.o
 .debug_line    0x00004721       0xde build/obj/sdc.o
 .debug_line    0x000047ff      0x3a4 build/obj/serial.o
 .debug_line    0x00004ba3       0xde build/obj/serial_usb.o
 .debug_line    0x00004c81      0x4a5 build/obj/spi.o
 .debug_line    0x00005126      0x1ea build/obj/tm.o
 .debug_line    0x00005310       0xde build/obj/uart.o
 .debug_line    0x000053ee       0xde build/obj/usb.o
 .debug_line    0x000054cc      0x264 build/obj/stm32_dma.o
 .debug_line    0x00005730      0x1d8 build/obj/hal_lld.o
 .debug_line    0x00005908      0x364 build/obj/adc_lld.o
 .debug_line    0x00005c6c       0xde build/obj/ext_lld_isr.o
 .debug_line    0x00005d4a       0xde build/obj/can_lld.o
 .debug_line    0x00005e28       0xde build/obj/ext_lld.o
 .debug_line    0x00005f06       0xde build/obj/mac_lld.o
 .debug_line    0x00005fe4       0xde build/obj/sdc_lld.o
 .debug_line    0x000060c2      0x18e build/obj/pal_lld.o
 .debug_line    0x00006250       0xde build/obj/i2c_lld.o
 .debug_line    0x0000632e      0x2a6 build/obj/rtc_lld.o
 .debug_line    0x000065d4      0x425 build/obj/spi_lld.o
 .debug_line    0x000069f9       0xde build/obj/gpt_lld.o
 .debug_line    0x00006ad7       0xde build/obj/icu_lld.o
 .debug_line    0x00006bb5      0x287 build/obj/pwm_lld.o
 .debug_line    0x00006e3c      0x36b build/obj/serial_lld.o
 .debug_line    0x000071a7       0xde build/obj/uart_lld.o
 .debug_line    0x00007285       0xde build/obj/usb_lld.o
 .debug_line    0x00007363      0x14c build/obj/board.o
 .debug_line    0x000074af      0x3d7 build/obj/fatfs_diskio.o
 .debug_line    0x00007886       0x1d build/obj/fatfs_syscall.o
 .debug_line    0x000078a3      0x6d4 build/obj/ff.o
 .debug_line    0x00007f77       0xe7 build/obj/ccsbcs.o
 .debug_line    0x0000805e      0x1be build/obj/evtimer.o
 .debug_line    0x0000821c      0x1de build/obj/syscalls.o
 .debug_line    0x000083fa      0x2a6 build/obj/main.o
 .debug_line    0x000086a0      0x165 build/obj/dac.o
 .debug_line    0x00008805      0x441 build/obj/playback.o
 .debug_line    0x00008c46      0x3dc build/obj/3310.o
 .debug_line    0x00009022      0x3d7 build/obj/3310-backend.o

.debug_pubnames
                0x00000000     0x1a15
 .debug_pubnames
                0x00000000       0x56 build/obj/crt0.o
 .debug_pubnames
                0x00000056       0x38 build/obj/vectors.o
 .debug_pubnames
                0x0000008e       0x20 build/obj/chcore.o
 .debug_pubnames
                0x000000ae       0x9d build/obj/chcore_v7m.o
 .debug_pubnames
                0x0000014b       0x5e build/obj/nvic.o
 .debug_pubnames
                0x000001a9       0x5c build/obj/chsys.o
 .debug_pubnames
                0x00000205       0x46 build/obj/chvt.o
 .debug_pubnames
                0x0000024b       0xde build/obj/chschd.o
 .debug_pubnames
                0x00000329       0xdf build/obj/chthreads.o
 .debug_pubnames
                0x00000408       0x69 build/obj/chdynamic.o
 .debug_pubnames
                0x00000471       0x48 build/obj/chregistry.o
 .debug_pubnames
                0x000004b9       0xd1 build/obj/chsem.o
 .debug_pubnames
                0x0000058a       0x94 build/obj/chmtx.o
 .debug_pubnames
                0x0000061e       0xb9 build/obj/chcond.o
 .debug_pubnames
                0x000006d7      0x17e build/obj/chevents.o
 .debug_pubnames
                0x00000855       0x3f build/obj/chmsg.o
 .debug_pubnames
                0x00000894       0xba build/obj/chmboxes.o
 .debug_pubnames
                0x0000094e       0xb3 build/obj/chqueues.o
 .debug_pubnames
                0x00000a01       0x53 build/obj/chmemcore.o
 .debug_pubnames
                0x00000a54       0x60 build/obj/chheap.o
 .debug_pubnames
                0x00000ab4       0x75 build/obj/chmempools.o
 .debug_pubnames
                0x00000b29       0x48 build/obj/hal.o
 .debug_pubnames
                0x00000b71       0xd8 build/obj/adc.o
 .debug_pubnames
                0x00000c49      0x12b build/obj/mmc_spi.o
 .debug_pubnames
                0x00000d74       0x27 build/obj/mmcsd.o
 .debug_pubnames
                0x00000d9b       0x43 build/obj/pal.o
 .debug_pubnames
                0x00000dde       0x88 build/obj/pwm.o
 .debug_pubnames
                0x00000e66       0x81 build/obj/rtc.o
 .debug_pubnames
                0x00000ee7       0x6c build/obj/serial.o
 .debug_pubnames
                0x00000f53      0x111 build/obj/spi.o
 .debug_pubnames
                0x00001064       0x2e build/obj/tm.o
 .debug_pubnames
                0x00001092       0xbb build/obj/stm32_dma.o
 .debug_pubnames
                0x0000114d       0x38 build/obj/hal_lld.o
 .debug_pubnames
                0x00001185       0x89 build/obj/adc_lld.o
 .debug_pubnames
                0x0000120e       0x3e build/obj/pal_lld.o
 .debug_pubnames
                0x0000124c       0xdc build/obj/rtc_lld.o
 .debug_pubnames
                0x00001328       0xeb build/obj/spi_lld.o
 .debug_pubnames
                0x00001413       0xb8 build/obj/pwm_lld.o
 .debug_pubnames
                0x000014cb       0x58 build/obj/serial_lld.o
 .debug_pubnames
                0x00001523       0x48 build/obj/board.o
 .debug_pubnames
                0x0000156b       0x72 build/obj/fatfs_diskio.o
 .debug_pubnames
                0x000015dd       0x77 build/obj/ff.o
 .debug_pubnames
                0x00001654       0x31 build/obj/ccsbcs.o
 .debug_pubnames
                0x00001685       0x2b build/obj/evtimer.o
 .debug_pubnames
                0x000016b0       0x6c build/obj/syscalls.o
 .debug_pubnames
                0x0000171c       0x1b build/obj/main.o
 .debug_pubnames
                0x00001737       0x29 build/obj/dac.o
 .debug_pubnames
                0x00001760       0x8b build/obj/playback.o
 .debug_pubnames
                0x000017eb      0x111 build/obj/3310.o
 .debug_pubnames
                0x000018fc      0x119 build/obj/3310-backend.o

.debug_pubtypes
                0x00000000     0x3c9b
 .debug_pubtypes
                0x00000000       0x44 build/obj/crt0.o
 .debug_pubtypes
                0x00000044       0x3e build/obj/vectors.o
 .debug_pubtypes
                0x00000082       0x12 build/obj/chcore.o
 .debug_pubtypes
                0x00000094      0x132 build/obj/chcore_v7m.o
 .debug_pubtypes
                0x000001c6       0x38 build/obj/nvic.o
 .debug_pubtypes
                0x000001fe      0x198 build/obj/chsys.o
 .debug_pubtypes
                0x00000396       0x12 build/obj/chdebug.o
 .debug_pubtypes
                0x000003a8       0x12 build/obj/chlists.o
 .debug_pubtypes
                0x000003ba       0x67 build/obj/chvt.o
 .debug_pubtypes
                0x00000421      0x170 build/obj/chschd.o
 .debug_pubtypes
                0x00000591      0x16c build/obj/chthreads.o
 .debug_pubtypes
                0x000006fd      0x19f build/obj/chdynamic.o
 .debug_pubtypes
                0x0000089c      0x141 build/obj/chregistry.o
 .debug_pubtypes
                0x000009dd      0x141 build/obj/chsem.o
 .debug_pubtypes
                0x00000b1e      0x126 build/obj/chmtx.o
 .debug_pubtypes
                0x00000c44      0x133 build/obj/chcond.o
 .debug_pubtypes
                0x00000d77      0x18d build/obj/chevents.o
 .debug_pubtypes
                0x00000f04      0x11b build/obj/chmsg.o
 .debug_pubtypes
                0x0000101f      0x13f build/obj/chmboxes.o
 .debug_pubtypes
                0x0000115e      0x180 build/obj/chqueues.o
 .debug_pubtypes
                0x000012de       0x36 build/obj/chmemcore.o
 .debug_pubtypes
                0x00001314      0x174 build/obj/chheap.o
 .debug_pubtypes
                0x00001488       0x66 build/obj/chmempools.o
 .debug_pubtypes
                0x000014ee       0x76 build/obj/hal.o
 .debug_pubtypes
                0x00001564      0x22c build/obj/adc.o
 .debug_pubtypes
                0x00001790       0x1e build/obj/can.o
 .debug_pubtypes
                0x000017ae       0x1e build/obj/ext.o
 .debug_pubtypes
                0x000017cc       0x1e build/obj/gpt.o
 .debug_pubtypes
                0x000017ea       0x1e build/obj/i2c.o
 .debug_pubtypes
                0x00001808       0x1e build/obj/icu.o
 .debug_pubtypes
                0x00001826       0x1e build/obj/mac.o
 .debug_pubtypes
                0x00001844      0x22a build/obj/mmc_spi.o
 .debug_pubtypes
                0x00001a6e       0x2b build/obj/mmcsd.o
 .debug_pubtypes
                0x00001a99       0x84 build/obj/pal.o
 .debug_pubtypes
                0x00001b1d       0xe0 build/obj/pwm.o
 .debug_pubtypes
                0x00001bfd       0xa3 build/obj/rtc.o
 .debug_pubtypes
                0x00001ca0       0x1e build/obj/sdc.o
 .debug_pubtypes
                0x00001cbe      0x23a build/obj/serial.o
 .debug_pubtypes
                0x00001ef8       0x1e build/obj/serial_usb.o
 .debug_pubtypes
                0x00001f16      0x1dd build/obj/spi.o
 .debug_pubtypes
                0x000020f3       0x6e build/obj/tm.o
 .debug_pubtypes
                0x00002161       0x1e build/obj/uart.o
 .debug_pubtypes
                0x0000217f       0x1e build/obj/usb.o
 .debug_pubtypes
                0x0000219d       0xce build/obj/stm32_dma.o
 .debug_pubtypes
                0x0000226b       0x93 build/obj/hal_lld.o
 .debug_pubtypes
                0x000022fe      0x241 build/obj/adc_lld.o
 .debug_pubtypes
                0x0000253f       0x1e build/obj/ext_lld_isr.o
 .debug_pubtypes
                0x0000255d       0x1e build/obj/can_lld.o
 .debug_pubtypes
                0x0000257b       0x1e build/obj/ext_lld.o
 .debug_pubtypes
                0x00002599       0x1e build/obj/mac_lld.o
 .debug_pubtypes
                0x000025b7       0x1e build/obj/sdc_lld.o
 .debug_pubtypes
                0x000025d5       0xaa build/obj/pal_lld.o
 .debug_pubtypes
                0x0000267f       0x1e build/obj/i2c_lld.o
 .debug_pubtypes
                0x0000269d       0xdc build/obj/rtc_lld.o
 .debug_pubtypes
                0x00002779      0x20e build/obj/spi_lld.o
 .debug_pubtypes
                0x00002987       0x1e build/obj/gpt_lld.o
 .debug_pubtypes
                0x000029a5       0x1e build/obj/icu_lld.o
 .debug_pubtypes
                0x000029c3       0xf0 build/obj/pwm_lld.o
 .debug_pubtypes
                0x00002ab3      0x23f build/obj/serial_lld.o
 .debug_pubtypes
                0x00002cf2       0x1e build/obj/uart_lld.o
 .debug_pubtypes
                0x00002d10       0x1e build/obj/usb_lld.o
 .debug_pubtypes
                0x00002d2e       0x50 build/obj/board.o
 .debug_pubtypes
                0x00002d7e      0x28a build/obj/fatfs_diskio.o
 .debug_pubtypes
                0x00003008       0x12 build/obj/fatfs_syscall.o
 .debug_pubtypes
                0x0000301a       0x7d build/obj/ff.o
 .debug_pubtypes
                0x00003097       0x25 build/obj/ccsbcs.o
 .debug_pubtypes
                0x000030bc      0x19c build/obj/evtimer.o
 .debug_pubtypes
                0x00003258      0x19b build/obj/syscalls.o
 .debug_pubtypes
                0x000033f3      0x230 build/obj/main.o
 .debug_pubtypes
                0x00003623       0x85 build/obj/dac.o
 .debug_pubtypes
                0x000036a8      0x332 build/obj/playback.o
 .debug_pubtypes
                0x000039da       0x91 build/obj/3310.o
 .debug_pubtypes
                0x00003a6b      0x230 build/obj/3310-backend.o

.debug_aranges  0x00000000     0x1100
 .debug_aranges
                0x00000000       0x38 build/obj/crt0.o
 .debug_aranges
                0x00000038       0x20 build/obj/vectors.o
 .debug_aranges
                0x00000058       0x20 build/obj/chcore.o
 .debug_aranges
                0x00000078       0x50 build/obj/chcore_v7m.o
 .debug_aranges
                0x000000c8       0x30 build/obj/nvic.o
 .debug_aranges
                0x000000f8       0x30 build/obj/chsys.o
 .debug_aranges
                0x00000128       0x30 build/obj/chvt.o
 .debug_aranges
                0x00000158       0x78 build/obj/chschd.o
 .debug_aranges
                0x000001d0       0x88 build/obj/chthreads.o
 .debug_aranges
                0x00000258       0x38 build/obj/chdynamic.o
 .debug_aranges
                0x00000290       0x28 build/obj/chregistry.o
 .debug_aranges
                0x000002b8       0x88 build/obj/chsem.o
 .debug_aranges
                0x00000340       0x70 build/obj/chmtx.o
 .debug_aranges
                0x000003b0       0x70 build/obj/chcond.o
 .debug_aranges
                0x00000420       0xa0 build/obj/chevents.o
 .debug_aranges
                0x000004c0       0x40 build/obj/chmsg.o
 .debug_aranges
                0x00000500       0x70 build/obj/chmboxes.o
 .debug_aranges
                0x00000570       0x80 build/obj/chqueues.o
 .debug_aranges
                0x000005f0       0x38 build/obj/chmemcore.o
 .debug_aranges
                0x00000628       0x40 build/obj/chheap.o
 .debug_aranges
                0x00000668       0x48 build/obj/chmempools.o
 .debug_aranges
                0x000006b0       0x30 build/obj/hal.o
 .debug_aranges
                0x000006e0       0x70 build/obj/adc.o
 .debug_aranges
                0x00000750       0xe8 build/obj/mmc_spi.o
 .debug_aranges
                0x00000838       0x28 build/obj/mmcsd.o
 .debug_aranges
                0x00000860       0x30 build/obj/pal.o
 .debug_aranges
                0x00000890       0x50 build/obj/pwm.o
 .debug_aranges
                0x000008e0       0x50 build/obj/rtc.o
 .debug_aranges
                0x00000930       0x88 build/obj/serial.o
 .debug_aranges
                0x000009b8       0x98 build/obj/spi.o
 .debug_aranges
                0x00000a50       0x38 build/obj/tm.o
 .debug_aranges
                0x00000a88       0x68 build/obj/stm32_dma.o
 .debug_aranges
                0x00000af0       0x30 build/obj/hal_lld.o
 .debug_aranges
                0x00000b20       0x48 build/obj/adc_lld.o
 .debug_aranges
                0x00000b68       0x28 build/obj/pal_lld.o
 .debug_aranges
                0x00000b90       0x60 build/obj/rtc_lld.o
 .debug_aranges
                0x00000bf0       0x78 build/obj/spi_lld.o
 .debug_aranges
                0x00000c68       0x60 build/obj/pwm_lld.o
 .debug_aranges
                0x00000cc8       0x60 build/obj/serial_lld.o
 .debug_aranges
                0x00000d28       0x28 build/obj/board.o
 .debug_aranges
                0x00000d50       0x48 build/obj/fatfs_diskio.o
 .debug_aranges
                0x00000d98       0xd8 build/obj/ff.o
 .debug_aranges
                0x00000e70       0x28 build/obj/ccsbcs.o
 .debug_aranges
                0x00000e98       0x30 build/obj/evtimer.o
 .debug_aranges
                0x00000ec8       0x50 build/obj/syscalls.o
 .debug_aranges
                0x00000f18       0x20 build/obj/main.o
 .debug_aranges
                0x00000f38       0x28 build/obj/dac.o
 .debug_aranges
                0x00000f60       0x48 build/obj/playback.o
 .debug_aranges
                0x00000fa8       0xb8 build/obj/3310.o
 .debug_aranges
                0x00001060       0xa0 build/obj/3310-backend.o

.debug_ranges   0x00000000      0xe00
 .debug_ranges  0x00000000       0x28 build/obj/crt0.o
 .debug_ranges  0x00000028       0x10 build/obj/vectors.o
 .debug_ranges  0x00000038       0x10 build/obj/chcore.o
 .debug_ranges  0x00000048       0x40 build/obj/chcore_v7m.o
 .debug_ranges  0x00000088       0x20 build/obj/nvic.o
 .debug_ranges  0x000000a8       0x20 build/obj/chsys.o
 .debug_ranges  0x000000c8       0x20 build/obj/chvt.o
 .debug_ranges  0x000000e8       0x68 build/obj/chschd.o
 .debug_ranges  0x00000150       0x78 build/obj/chthreads.o
 .debug_ranges  0x000001c8       0x28 build/obj/chdynamic.o
 .debug_ranges  0x000001f0       0x18 build/obj/chregistry.o
 .debug_ranges  0x00000208       0x78 build/obj/chsem.o
 .debug_ranges  0x00000280       0x60 build/obj/chmtx.o
 .debug_ranges  0x000002e0       0x60 build/obj/chcond.o
 .debug_ranges  0x00000340       0x90 build/obj/chevents.o
 .debug_ranges  0x000003d0       0x30 build/obj/chmsg.o
 .debug_ranges  0x00000400       0x60 build/obj/chmboxes.o
 .debug_ranges  0x00000460       0x70 build/obj/chqueues.o
 .debug_ranges  0x000004d0       0x28 build/obj/chmemcore.o
 .debug_ranges  0x000004f8       0x30 build/obj/chheap.o
 .debug_ranges  0x00000528       0x38 build/obj/chmempools.o
 .debug_ranges  0x00000560       0x20 build/obj/hal.o
 .debug_ranges  0x00000580       0x60 build/obj/adc.o
 .debug_ranges  0x000005e0       0xf8 build/obj/mmc_spi.o
 .debug_ranges  0x000006d8       0x18 build/obj/mmcsd.o
 .debug_ranges  0x000006f0       0x20 build/obj/pal.o
 .debug_ranges  0x00000710       0x40 build/obj/pwm.o
 .debug_ranges  0x00000750       0x40 build/obj/rtc.o
 .debug_ranges  0x00000790       0x78 build/obj/serial.o
 .debug_ranges  0x00000808       0x88 build/obj/spi.o
 .debug_ranges  0x00000890       0x28 build/obj/tm.o
 .debug_ranges  0x000008b8       0x58 build/obj/stm32_dma.o
 .debug_ranges  0x00000910       0x20 build/obj/hal_lld.o
 .debug_ranges  0x00000930       0x38 build/obj/adc_lld.o
 .debug_ranges  0x00000968       0x18 build/obj/pal_lld.o
 .debug_ranges  0x00000980       0x50 build/obj/rtc_lld.o
 .debug_ranges  0x000009d0       0x68 build/obj/spi_lld.o
 .debug_ranges  0x00000a38       0x50 build/obj/pwm_lld.o
 .debug_ranges  0x00000a88       0x50 build/obj/serial_lld.o
 .debug_ranges  0x00000ad8       0x18 build/obj/board.o
 .debug_ranges  0x00000af0       0x38 build/obj/fatfs_diskio.o
 .debug_ranges  0x00000b28       0xc8 build/obj/ff.o
 .debug_ranges  0x00000bf0       0x18 build/obj/ccsbcs.o
 .debug_ranges  0x00000c08       0x20 build/obj/evtimer.o
 .debug_ranges  0x00000c28       0x40 build/obj/syscalls.o
 .debug_ranges  0x00000c68       0x10 build/obj/main.o
 .debug_ranges  0x00000c78       0x18 build/obj/dac.o
 .debug_ranges  0x00000c90       0x38 build/obj/playback.o
 .debug_ranges  0x00000cc8       0xa8 build/obj/3310.o
 .debug_ranges  0x00000d70       0x90 build/obj/3310-backend.o

.debug_str      0x00000000     0x3ce5
 .debug_str     0x00000000      0x1d4 build/obj/crt0.o
                                0x208 (size before relaxing)
 .debug_str     0x000001d4      0x147 build/obj/vectors.o
                                0x22f (size before relaxing)
 .debug_str     0x0000031b       0x38 build/obj/chcore.o
                                0x102 (size before relaxing)
 .debug_str     0x00000353      0x29c build/obj/chcore_v7m.o
                                0x38d (size before relaxing)
 .debug_str     0x000005ef       0xc6 build/obj/nvic.o
                                0x1f9 (size before relaxing)
 .debug_str     0x000006b5      0x1ce build/obj/chsys.o
                                0x44f (size before relaxing)
 .debug_str     0x00000883       0x29 build/obj/chdebug.o
                                 0xf3 (size before relaxing)
 .debug_str     0x000008ac       0x29 build/obj/chlists.o
                                 0xf3 (size before relaxing)
 .debug_str     0x000008d5       0x4a build/obj/chvt.o
                                0x182 (size before relaxing)
 .debug_str     0x0000091f      0x102 build/obj/chschd.o
                                0x3c3 (size before relaxing)
 .debug_str     0x00000a21       0xf7 build/obj/chthreads.o
                                0x3dd (size before relaxing)
 .debug_str     0x00000b18       0xfd build/obj/chdynamic.o
                                0x37e (size before relaxing)
 .debug_str     0x00000c15       0x4d build/obj/chregistry.o
                                0x3c5 (size before relaxing)
 .debug_str     0x00000c62       0xd3 build/obj/chsem.o
                                0x37b (size before relaxing)
 .debug_str     0x00000d35       0x9c build/obj/chmtx.o
                                0x331 (size before relaxing)
 .debug_str     0x00000dd1       0xbb build/obj/chcond.o
                                0x351 (size before relaxing)
 .debug_str     0x00000e8c      0x1c4 build/obj/chevents.o
                                0x44d (size before relaxing)
 .debug_str     0x00001050       0x48 build/obj/chmsg.o
                                0x2da (size before relaxing)
 .debug_str     0x00001098       0xed build/obj/chmboxes.o
                                0x34a (size before relaxing)
 .debug_str     0x00001185      0x124 build/obj/chqueues.o
                                0x3d3 (size before relaxing)
 .debug_str     0x000012a9       0x86 build/obj/chmemcore.o
                                0x16d (size before relaxing)
 .debug_str     0x0000132f       0x75 build/obj/chheap.o
                                0x32d (size before relaxing)
 .debug_str     0x000013a4       0x77 build/obj/chmempools.o
                                0x1bb (size before relaxing)
 .debug_str     0x0000141b      0x104 build/obj/hal.o
                                0x1ec (size before relaxing)
 .debug_str     0x0000151f      0x29d build/obj/adc.o
                                0x565 (size before relaxing)
 .debug_str     0x000017bc       0x22 build/obj/can.o
                                0x101 (size before relaxing)
 .debug_str     0x000017de       0x22 build/obj/ext.o
                                0x101 (size before relaxing)
 .debug_str     0x00001800       0x22 build/obj/gpt.o
                                0x101 (size before relaxing)
 .debug_str     0x00001822       0x22 build/obj/i2c.o
                                0x101 (size before relaxing)
 .debug_str     0x00001844       0x22 build/obj/icu.o
                                0x101 (size before relaxing)
 .debug_str     0x00001866       0x22 build/obj/mac.o
                                0x101 (size before relaxing)
 .debug_str     0x00001888      0x401 build/obj/mmc_spi.o
                                0x706 (size before relaxing)
 .debug_str     0x00001c89       0x66 build/obj/mmcsd.o
                                0x159 (size before relaxing)
 .debug_str     0x00001cef       0x7c build/obj/pal.o
                                0x197 (size before relaxing)
 .debug_str     0x00001d6b      0x160 build/obj/pwm.o
                                0x285 (size before relaxing)
 .debug_str     0x00001ecb      0x109 build/obj/rtc.o
                                0x200 (size before relaxing)
 .debug_str     0x00001fd4       0x22 build/obj/sdc.o
                                0x101 (size before relaxing)
 .debug_str     0x00001ff6      0x110 build/obj/serial.o
                                0x49d (size before relaxing)
 .debug_str     0x00002106       0x29 build/obj/serial_usb.o
                                0x108 (size before relaxing)
 .debug_str     0x0000212f       0xed build/obj/spi.o
                                0x53f (size before relaxing)
 .debug_str     0x0000221c       0x74 build/obj/tm.o
                                0x1b6 (size before relaxing)
 .debug_str     0x00002290       0x23 build/obj/uart.o
                                0x102 (size before relaxing)
 .debug_str     0x000022b3       0x22 build/obj/usb.o
                                0x101 (size before relaxing)
 .debug_str     0x000022d5      0x422 build/obj/stm32_dma.o
                                0x5a0 (size before relaxing)
 .debug_str     0x000026f7       0xd7 build/obj/hal_lld.o
                                0x24b (size before relaxing)
 .debug_str     0x000027ce       0xc0 build/obj/adc_lld.o
                                0x596 (size before relaxing)
 .debug_str     0x0000288e       0x3a build/obj/ext_lld_isr.o
                                0x119 (size before relaxing)
 .debug_str     0x000028c8       0x32 build/obj/can_lld.o
                                0x111 (size before relaxing)
 .debug_str     0x000028fa       0x32 build/obj/ext_lld.o
                                0x111 (size before relaxing)
 .debug_str     0x0000292c       0x32 build/obj/mac_lld.o
                                0x111 (size before relaxing)
 .debug_str     0x0000295e       0x32 build/obj/sdc_lld.o
                                0x111 (size before relaxing)
 .debug_str     0x00002990       0x64 build/obj/pal_lld.o
                                0x221 (size before relaxing)
 .debug_str     0x000029f4       0x38 build/obj/i2c_lld.o
                                0x117 (size before relaxing)
 .debug_str     0x00002a2c      0x13b build/obj/rtc_lld.o
                                0x652 (size before relaxing)
 .debug_str     0x00002b67      0x12d build/obj/spi_lld.o
                                0x5c7 (size before relaxing)
 .debug_str     0x00002c94       0x38 build/obj/gpt_lld.o
                                0x117 (size before relaxing)
 .debug_str     0x00002ccc       0x38 build/obj/icu_lld.o
                                0x117 (size before relaxing)
 .debug_str     0x00002d04       0xd3 build/obj/pwm_lld.o
                                0x31b (size before relaxing)
 .debug_str     0x00002dd7       0x95 build/obj/serial_lld.o
                                0x505 (size before relaxing)
 .debug_str     0x00002e6c       0x3b build/obj/uart_lld.o
                                0x11a (size before relaxing)
 .debug_str     0x00002ea7       0x38 build/obj/usb_lld.o
                                0x117 (size before relaxing)
 .debug_str     0x00002edf       0x18 build/obj/board.o
                                0x160 (size before relaxing)
 .debug_str     0x00002ef7       0xe5 build/obj/fatfs_diskio.o
                                0x68d (size before relaxing)
 .debug_str     0x00002fdc       0x3b build/obj/fatfs_syscall.o
                                0x105 (size before relaxing)
 .debug_str     0x00003017      0x331 build/obj/ff.o
                                0x48b (size before relaxing)
 .debug_str     0x00003348       0x5a build/obj/ccsbcs.o
                                0x12f (size before relaxing)
 .debug_str     0x000033a2       0x5d build/obj/evtimer.o
                                0x327 (size before relaxing)
 .debug_str     0x000033ff      0x496 build/obj/syscalls.o
                                0x5dc (size before relaxing)
 .debug_str     0x00003895       0x26 build/obj/main.o
                                0x57c (size before relaxing)
 .debug_str     0x000038bb       0x8d build/obj/dac.o
                                0x1e1 (size before relaxing)
 .debug_str     0x00003948       0xa4 build/obj/playback.o
                                0x92b (size before relaxing)
 .debug_str     0x000039ec      0x227 build/obj/3310.o
                                0x328 (size before relaxing)
 .debug_str     0x00003c13       0xd2 build/obj/3310-backend.o
                                0x637 (size before relaxing)

.comment        0x00000000       0x2a
 .comment       0x00000000       0x2a build/obj/crt0.o
                                 0x2b (size before relaxing)
 .comment       0x00000000       0x2b build/obj/vectors.o
 .comment       0x00000000       0x2b build/obj/chcore.o
 .comment       0x00000000       0x2b build/obj/chcore_v7m.o
 .comment       0x00000000       0x2b build/obj/nvic.o
 .comment       0x00000000       0x2b build/obj/chsys.o
 .comment       0x00000000       0x2b build/obj/chdebug.o
 .comment       0x00000000       0x2b build/obj/chlists.o
 .comment       0x00000000       0x2b build/obj/chvt.o
 .comment       0x00000000       0x2b build/obj/chschd.o
 .comment       0x00000000       0x2b build/obj/chthreads.o
 .comment       0x00000000       0x2b build/obj/chdynamic.o
 .comment       0x00000000       0x2b build/obj/chregistry.o
 .comment       0x00000000       0x2b build/obj/chsem.o
 .comment       0x00000000       0x2b build/obj/chmtx.o
 .comment       0x00000000       0x2b build/obj/chcond.o
 .comment       0x00000000       0x2b build/obj/chevents.o
 .comment       0x00000000       0x2b build/obj/chmsg.o
 .comment       0x00000000       0x2b build/obj/chmboxes.o
 .comment       0x00000000       0x2b build/obj/chqueues.o
 .comment       0x00000000       0x2b build/obj/chmemcore.o
 .comment       0x00000000       0x2b build/obj/chheap.o
 .comment       0x00000000       0x2b build/obj/chmempools.o
 .comment       0x00000000       0x2b build/obj/hal.o
 .comment       0x00000000       0x2b build/obj/adc.o
 .comment       0x00000000       0x2b build/obj/can.o
 .comment       0x00000000       0x2b build/obj/ext.o
 .comment       0x00000000       0x2b build/obj/gpt.o
 .comment       0x00000000       0x2b build/obj/i2c.o
 .comment       0x00000000       0x2b build/obj/icu.o
 .comment       0x00000000       0x2b build/obj/mac.o
 .comment       0x00000000       0x2b build/obj/mmc_spi.o
 .comment       0x00000000       0x2b build/obj/mmcsd.o
 .comment       0x00000000       0x2b build/obj/pal.o
 .comment       0x00000000       0x2b build/obj/pwm.o
 .comment       0x00000000       0x2b build/obj/rtc.o
 .comment       0x00000000       0x2b build/obj/sdc.o
 .comment       0x00000000       0x2b build/obj/serial.o
 .comment       0x00000000       0x2b build/obj/serial_usb.o
 .comment       0x00000000       0x2b build/obj/spi.o
 .comment       0x00000000       0x2b build/obj/tm.o
 .comment       0x00000000       0x2b build/obj/uart.o
 .comment       0x00000000       0x2b build/obj/usb.o
 .comment       0x00000000       0x2b build/obj/stm32_dma.o
 .comment       0x00000000       0x2b build/obj/hal_lld.o
 .comment       0x00000000       0x2b build/obj/adc_lld.o
 .comment       0x00000000       0x2b build/obj/ext_lld_isr.o
 .comment       0x00000000       0x2b build/obj/can_lld.o
 .comment       0x00000000       0x2b build/obj/ext_lld.o
 .comment       0x00000000       0x2b build/obj/mac_lld.o
 .comment       0x00000000       0x2b build/obj/sdc_lld.o
 .comment       0x00000000       0x2b build/obj/pal_lld.o
 .comment       0x00000000       0x2b build/obj/i2c_lld.o
 .comment       0x00000000       0x2b build/obj/rtc_lld.o
 .comment       0x00000000       0x2b build/obj/spi_lld.o
 .comment       0x00000000       0x2b build/obj/gpt_lld.o
 .comment       0x00000000       0x2b build/obj/icu_lld.o
 .comment       0x00000000       0x2b build/obj/pwm_lld.o
 .comment       0x00000000       0x2b build/obj/serial_lld.o
 .comment       0x00000000       0x2b build/obj/uart_lld.o
 .comment       0x00000000       0x2b build/obj/usb_lld.o
 .comment       0x00000000       0x2b build/obj/board.o
 .comment       0x00000000       0x2b build/obj/fatfs_diskio.o
 .comment       0x00000000       0x2b build/obj/fatfs_syscall.o
 .comment       0x00000000       0x2b build/obj/ff.o
 .comment       0x00000000       0x2b build/obj/ccsbcs.o
 .comment       0x00000000       0x2b build/obj/evtimer.o
 .comment       0x00000000       0x2b build/obj/syscalls.o
 .comment       0x00000000       0x2b build/obj/main.o
 .comment       0x00000000       0x2b build/obj/dac.o
 .comment       0x00000000       0x2b build/obj/playback.o
 .comment       0x00000000       0x2b build/obj/3310.o
 .comment       0x00000000       0x2b build/obj/3310-backend.o

.ARM.attributes
                0x00000000       0x31
 .ARM.attributes
                0x00000000       0x31 build/obj/crt0.o
 .ARM.attributes
                0x00000031       0x31 build/obj/vectors.o
 .ARM.attributes
                0x00000062       0x31 build/obj/chcore.o
 .ARM.attributes
                0x00000093       0x31 build/obj/chcore_v7m.o
 .ARM.attributes
                0x000000c4       0x31 build/obj/nvic.o
 .ARM.attributes
                0x000000f5       0x31 build/obj/chsys.o
 .ARM.attributes
                0x00000126       0x31 build/obj/chdebug.o
 .ARM.attributes
                0x00000157       0x31 build/obj/chlists.o
 .ARM.attributes
                0x00000188       0x31 build/obj/chvt.o
 .ARM.attributes
                0x000001b9       0x31 build/obj/chschd.o
 .ARM.attributes
                0x000001ea       0x31 build/obj/chthreads.o
 .ARM.attributes
                0x0000021b       0x31 build/obj/chdynamic.o
 .ARM.attributes
                0x0000024c       0x31 build/obj/chregistry.o
 .ARM.attributes
                0x0000027d       0x31 build/obj/chsem.o
 .ARM.attributes
                0x000002ae       0x31 build/obj/chmtx.o
 .ARM.attributes
                0x000002df       0x31 build/obj/chcond.o
 .ARM.attributes
                0x00000310       0x31 build/obj/chevents.o
 .ARM.attributes
                0x00000341       0x31 build/obj/chmsg.o
 .ARM.attributes
                0x00000372       0x31 build/obj/chmboxes.o
 .ARM.attributes
                0x000003a3       0x31 build/obj/chqueues.o
 .ARM.attributes
                0x000003d4       0x31 build/obj/chmemcore.o
 .ARM.attributes
                0x00000405       0x31 build/obj/chheap.o
 .ARM.attributes
                0x00000436       0x31 build/obj/chmempools.o
 .ARM.attributes
                0x00000467       0x31 build/obj/hal.o
 .ARM.attributes
                0x00000498       0x31 build/obj/adc.o
 .ARM.attributes
                0x000004c9       0x31 build/obj/can.o
 .ARM.attributes
                0x000004fa       0x31 build/obj/ext.o
 .ARM.attributes
                0x0000052b       0x31 build/obj/gpt.o
 .ARM.attributes
                0x0000055c       0x31 build/obj/i2c.o
 .ARM.attributes
                0x0000058d       0x31 build/obj/icu.o
 .ARM.attributes
                0x000005be       0x31 build/obj/mac.o
 .ARM.attributes
                0x000005ef       0x31 build/obj/mmc_spi.o
 .ARM.attributes
                0x00000620       0x31 build/obj/mmcsd.o
 .ARM.attributes
                0x00000651       0x31 build/obj/pal.o
 .ARM.attributes
                0x00000682       0x31 build/obj/pwm.o
 .ARM.attributes
                0x000006b3       0x31 build/obj/rtc.o
 .ARM.attributes
                0x000006e4       0x31 build/obj/sdc.o
 .ARM.attributes
                0x00000715       0x31 build/obj/serial.o
 .ARM.attributes
                0x00000746       0x31 build/obj/serial_usb.o
 .ARM.attributes
                0x00000777       0x31 build/obj/spi.o
 .ARM.attributes
                0x000007a8       0x31 build/obj/tm.o
 .ARM.attributes
                0x000007d9       0x31 build/obj/uart.o
 .ARM.attributes
                0x0000080a       0x31 build/obj/usb.o
 .ARM.attributes
                0x0000083b       0x31 build/obj/stm32_dma.o
 .ARM.attributes
                0x0000086c       0x31 build/obj/hal_lld.o
 .ARM.attributes
                0x0000089d       0x31 build/obj/adc_lld.o
 .ARM.attributes
                0x000008ce       0x31 build/obj/ext_lld_isr.o
 .ARM.attributes
                0x000008ff       0x31 build/obj/can_lld.o
 .ARM.attributes
                0x00000930       0x31 build/obj/ext_lld.o
 .ARM.attributes
                0x00000961       0x31 build/obj/mac_lld.o
 .ARM.attributes
                0x00000992       0x31 build/obj/sdc_lld.o
 .ARM.attributes
                0x000009c3       0x31 build/obj/pal_lld.o
 .ARM.attributes
                0x000009f4       0x31 build/obj/i2c_lld.o
 .ARM.attributes
                0x00000a25       0x31 build/obj/rtc_lld.o
 .ARM.attributes
                0x00000a56       0x31 build/obj/spi_lld.o
 .ARM.attributes
                0x00000a87       0x31 build/obj/gpt_lld.o
 .ARM.attributes
                0x00000ab8       0x31 build/obj/icu_lld.o
 .ARM.attributes
                0x00000ae9       0x31 build/obj/pwm_lld.o
 .ARM.attributes
                0x00000b1a       0x31 build/obj/serial_lld.o
 .ARM.attributes
                0x00000b4b       0x31 build/obj/uart_lld.o
 .ARM.attributes
                0x00000b7c       0x31 build/obj/usb_lld.o
 .ARM.attributes
                0x00000bad       0x31 build/obj/board.o
 .ARM.attributes
                0x00000bde       0x31 build/obj/fatfs_diskio.o
 .ARM.attributes
                0x00000c0f       0x31 build/obj/fatfs_syscall.o
 .ARM.attributes
                0x00000c40       0x31 build/obj/ff.o
 .ARM.attributes
                0x00000c71       0x31 build/obj/ccsbcs.o
 .ARM.attributes
                0x00000ca2       0x31 build/obj/evtimer.o
 .ARM.attributes
                0x00000cd3       0x31 build/obj/syscalls.o
 .ARM.attributes
                0x00000d04       0x31 build/obj/main.o
 .ARM.attributes
                0x00000d35       0x31 build/obj/dac.o
 .ARM.attributes
                0x00000d66       0x31 build/obj/playback.o
 .ARM.attributes
                0x00000d97       0x31 build/obj/3310.o
 .ARM.attributes
                0x00000dc8       0x31 build/obj/3310-backend.o
 .ARM.attributes
                0x00000df9       0x29 /home/z80/programs/code-sourcery/2011.03-42/bin/../lib/gcc/arm-none-eabi/4.5.2/../../../../arm-none-eabi/lib/thumb2/libc.a(lib_a-memset.o)

.debug_frame    0x00000000     0x2a04
 .debug_frame   0x00000000       0x50 build/obj/crt0.o
 .debug_frame   0x00000050       0x20 build/obj/vectors.o
 .debug_frame   0x00000070       0x20 build/obj/chcore.o
 .debug_frame   0x00000090       0xb0 build/obj/chcore_v7m.o
 .debug_frame   0x00000140       0x64 build/obj/nvic.o
 .debug_frame   0x000001a4       0x5c build/obj/chsys.o
 .debug_frame   0x00000200       0x48 build/obj/chvt.o
 .debug_frame   0x00000248      0x13c build/obj/chschd.o
 .debug_frame   0x00000384      0x178 build/obj/chthreads.o
 .debug_frame   0x000004fc       0x78 build/obj/chdynamic.o
 .debug_frame   0x00000574       0x40 build/obj/chregistry.o
 .debug_frame   0x000005b4      0x178 build/obj/chsem.o
 .debug_frame   0x0000072c      0x11c build/obj/chmtx.o
 .debug_frame   0x00000848      0x12c build/obj/chcond.o
 .debug_frame   0x00000974      0x1bc build/obj/chevents.o
 .debug_frame   0x00000b30       0x8c build/obj/chmsg.o
 .debug_frame   0x00000bbc      0x144 build/obj/chmboxes.o
 .debug_frame   0x00000d00      0x15c build/obj/chqueues.o
 .debug_frame   0x00000e5c       0x60 build/obj/chmemcore.o
 .debug_frame   0x00000ebc       0x9c build/obj/chheap.o
 .debug_frame   0x00000f58       0xa8 build/obj/chmempools.o
 .debug_frame   0x00001000       0x5c build/obj/hal.o
 .debug_frame   0x0000105c      0x144 build/obj/adc.o
 .debug_frame   0x000011a0      0x2bc build/obj/mmc_spi.o
 .debug_frame   0x0000145c       0x40 build/obj/mmcsd.o
 .debug_frame   0x0000149c       0x54 build/obj/pal.o
 .debug_frame   0x000014f0       0xc4 build/obj/pwm.o
 .debug_frame   0x000015b4       0xd4 build/obj/rtc.o
 .debug_frame   0x00001688      0x198 build/obj/serial.o
 .debug_frame   0x00001820      0x1d0 build/obj/spi.o
 .debug_frame   0x000019f0       0x68 build/obj/tm.o
 .debug_frame   0x00001a58      0x120 build/obj/stm32_dma.o
 .debug_frame   0x00001b78       0x58 build/obj/hal_lld.o
 .debug_frame   0x00001bd0       0xa8 build/obj/adc_lld.o
 .debug_frame   0x00001c78       0x38 build/obj/pal_lld.o
 .debug_frame   0x00001cb0       0xd8 build/obj/rtc_lld.o
 .debug_frame   0x00001d88      0x128 build/obj/spi_lld.o
 .debug_frame   0x00001eb0       0xfc build/obj/pwm_lld.o
 .debug_frame   0x00001fac       0xf4 build/obj/serial_lld.o
 .debug_frame   0x000020a0       0x3c build/obj/board.o
 .debug_frame   0x000020dc       0xb0 build/obj/fatfs_diskio.o
 .debug_frame   0x0000218c      0x270 build/obj/ff.o
 .debug_frame   0x000023fc       0x38 build/obj/ccsbcs.o
 .debug_frame   0x00002434       0x64 build/obj/evtimer.o
 .debug_frame   0x00002498       0xac build/obj/syscalls.o
 .debug_frame   0x00002544       0x2c build/obj/main.o
 .debug_frame   0x00002570       0x40 build/obj/dac.o
 .debug_frame   0x000025b0       0xac build/obj/playback.o
 .debug_frame   0x0000265c      0x220 build/obj/3310.o
 .debug_frame   0x0000287c      0x15c build/obj/3310-backend.o
 .debug_frame   0x000029d8       0x2c /home/z80/programs/code-sourcery/2011.03-42/bin/../lib/gcc/arm-none-eabi/4.5.2/../../../../arm-none-eabi/lib/thumb2/libc.a(lib_a-memset.o)

.debug_loc      0x00000000     0x38ec
 .debug_loc     0x00000000       0x98 build/obj/chcore_v7m.o
 .debug_loc     0x00000098       0x84 build/obj/nvic.o
 .debug_loc     0x0000011c       0x78 build/obj/chsys.o
 .debug_loc     0x00000194       0x40 build/obj/chvt.o
 .debug_loc     0x000001d4      0x1a8 build/obj/chschd.o
 .debug_loc     0x0000037c      0x22c build/obj/chthreads.o
 .debug_loc     0x000005a8       0xa4 build/obj/chdynamic.o
 .debug_loc     0x0000064c       0x4c build/obj/chregistry.o
 .debug_loc     0x00000698      0x238 build/obj/chsem.o
 .debug_loc     0x000008d0      0x1a8 build/obj/chmtx.o
 .debug_loc     0x00000a78      0x1c0 build/obj/chcond.o
 .debug_loc     0x00000c38      0x2a4 build/obj/chevents.o
 .debug_loc     0x00000edc       0xc4 build/obj/chmsg.o
 .debug_loc     0x00000fa0      0x1e4 build/obj/chmboxes.o
 .debug_loc     0x00001184      0x20c build/obj/chqueues.o
 .debug_loc     0x00001390       0x4c build/obj/chmemcore.o
 .debug_loc     0x000013dc       0xd0 build/obj/chheap.o
 .debug_loc     0x000014ac       0xf0 build/obj/chmempools.o
 .debug_loc     0x0000159c       0x6c build/obj/hal.o
 .debug_loc     0x00001608      0x1d8 build/obj/adc.o
 .debug_loc     0x000017e0      0x41c build/obj/mmc_spi.o
 .debug_loc     0x00001bfc       0x4c build/obj/mmcsd.o
 .debug_loc     0x00001c48       0x6c build/obj/pal.o
 .debug_loc     0x00001cb4      0x110 build/obj/pwm.o
 .debug_loc     0x00001dc4      0x128 build/obj/rtc.o
 .debug_loc     0x00001eec      0x25c build/obj/serial.o
 .debug_loc     0x00002148      0x2b4 build/obj/spi.o
 .debug_loc     0x000023fc       0x8c build/obj/tm.o
 .debug_loc     0x00002488      0x1ac build/obj/stm32_dma.o
 .debug_loc     0x00002634       0x40 build/obj/hal_lld.o
 .debug_loc     0x00002674       0xe4 build/obj/adc_lld.o
 .debug_loc     0x00002758       0x40 build/obj/pal_lld.o
 .debug_loc     0x00002798      0x119 build/obj/rtc_lld.o
 .debug_loc     0x000028b1      0x1b0 build/obj/spi_lld.o
 .debug_loc     0x00002a61      0x150 build/obj/pwm_lld.o
 .debug_loc     0x00002bb1      0x150 build/obj/serial_lld.o
 .debug_loc     0x00002d01       0x20 build/obj/board.o
 .debug_loc     0x00002d21       0xf0 build/obj/fatfs_diskio.o
 .debug_loc     0x00002e11      0x3c2 build/obj/ff.o
 .debug_loc     0x000031d3       0x40 build/obj/ccsbcs.o
 .debug_loc     0x00003213       0x84 build/obj/evtimer.o
 .debug_loc     0x00003297       0xf8 build/obj/syscalls.o
 .debug_loc     0x0000338f       0x2d build/obj/main.o
 .debug_loc     0x000033bc       0x40 build/obj/dac.o
 .debug_loc     0x000033fc       0xc4 build/obj/playback.o
 .debug_loc     0x000034c0      0x334 build/obj/3310.o
 .debug_loc     0x000037f4       0xf8 build/obj/3310-backend.o

Cross Reference Table

Symbol                                            File
ADCD1                                             build/obj/adc_lld.o
BusFaultVector                                    build/obj/vectors.o
DebugMonitorVector                                build/obj/vectors.o
HardFaultVector                                   build/obj/vectors.o
MMCD1                                             build/obj/playback.o
                                                  build/obj/fatfs_diskio.o
MMC_FS                                            build/obj/playback.o
MemManageVector                                   build/obj/vectors.o
NMIVector                                         build/obj/vectors.o
PWMD1                                             build/obj/pwm_lld.o
                                                  build/obj/playback.o
PWMD4                                             build/obj/pwm_lld.o
PendSVVector                                      build/obj/vectors.o
RTCD1                                             build/obj/rtc_lld.o
                                                  build/obj/fatfs_diskio.o
ResetHandler                                      build/obj/crt0.o
                                                  build/obj/vectors.o
SD2                                               build/obj/serial_lld.o
SPID1                                             build/obj/spi_lld.o
                                                  build/obj/3310-backend.o
                                                  build/obj/main.o
SPID2                                             build/obj/spi_lld.o
                                                  build/obj/playback.o
SVCallVector                                      build/obj/chcore_v7m.o
                                                  build/obj/vectors.o
SysTickVector                                     build/obj/chcore_v7m.o
                                                  build/obj/vectors.o
UpdateLcd                                         build/obj/3310.o
UsageFaultVector                                  build/obj/vectors.o
Vector1C                                          build/obj/vectors.o
Vector20                                          build/obj/vectors.o
Vector24                                          build/obj/vectors.o
Vector28                                          build/obj/vectors.o
Vector34                                          build/obj/vectors.o
Vector40                                          build/obj/vectors.o
Vector44                                          build/obj/vectors.o
Vector48                                          build/obj/vectors.o
Vector4C                                          build/obj/rtc_lld.o
                                                  build/obj/vectors.o
Vector50                                          build/obj/vectors.o
Vector54                                          build/obj/vectors.o
Vector58                                          build/obj/vectors.o
Vector5C                                          build/obj/vectors.o
Vector60                                          build/obj/vectors.o
Vector64                                          build/obj/vectors.o
Vector68                                          build/obj/vectors.o
Vector6C                                          build/obj/stm32_dma.o
                                                  build/obj/vectors.o
Vector70                                          build/obj/stm32_dma.o
                                                  build/obj/vectors.o
Vector74                                          build/obj/stm32_dma.o
                                                  build/obj/vectors.o
Vector78                                          build/obj/stm32_dma.o
                                                  build/obj/vectors.o
Vector7C                                          build/obj/stm32_dma.o
                                                  build/obj/vectors.o
Vector80                                          build/obj/stm32_dma.o
                                                  build/obj/vectors.o
Vector84                                          build/obj/stm32_dma.o
                                                  build/obj/vectors.o
Vector88                                          build/obj/vectors.o
Vector8C                                          build/obj/vectors.o
Vector90                                          build/obj/vectors.o
Vector94                                          build/obj/vectors.o
Vector98                                          build/obj/vectors.o
Vector9C                                          build/obj/vectors.o
VectorA0                                          build/obj/vectors.o
VectorA4                                          build/obj/pwm_lld.o
                                                  build/obj/vectors.o
VectorA8                                          build/obj/vectors.o
VectorAC                                          build/obj/pwm_lld.o
                                                  build/obj/vectors.o
VectorB0                                          build/obj/vectors.o
VectorB4                                          build/obj/vectors.o
VectorB8                                          build/obj/pwm_lld.o
                                                  build/obj/vectors.o
VectorBC                                          build/obj/vectors.o
VectorC0                                          build/obj/vectors.o
VectorC4                                          build/obj/vectors.o
VectorC8                                          build/obj/vectors.o
VectorCC                                          build/obj/vectors.o
VectorD0                                          build/obj/vectors.o
VectorD4                                          build/obj/vectors.o
VectorD8                                          build/obj/serial_lld.o
                                                  build/obj/vectors.o
VectorDC                                          build/obj/vectors.o
VectorE0                                          build/obj/vectors.o
VectorE4                                          build/obj/vectors.o
VectorE8                                          build/obj/vectors.o
__early_init                                      build/obj/board.o
                                                  build/obj/crt0.o
__fini_array_end                                  build/obj/crt0.o
__fini_array_start                                build/obj/crt0.o
__heap_base__                                     build/obj/chmemcore.o
__heap_end__                                      build/obj/chmemcore.o
__init_array_end                                  build/obj/crt0.o
__init_array_start                                build/obj/crt0.o
__late_init                                       build/obj/crt0.o
__main_stack_base__                               build/obj/crt0.o
__main_stack_end__                                build/obj/vectors.o
                                                  build/obj/crt0.o
__process_stack_base__                            build/obj/crt0.o
__process_stack_end__                             build/obj/crt0.o
_bss_end                                          build/obj/crt0.o
_bss_start                                        build/obj/crt0.o
_close_r                                          build/obj/syscalls.o
_core_init                                        build/obj/chmemcore.o
                                                  build/obj/chsys.o
_data                                             build/obj/crt0.o
_default_exit                                     build/obj/crt0.o
_edata                                            build/obj/crt0.o
_fstat_r                                          build/obj/syscalls.o
_heap_init                                        build/obj/chheap.o
                                                  build/obj/chsys.o
_idle_thread                                      build/obj/chsys.o
_idle_thread_wa                                   build/obj/chsys.o
_isatty_r                                         build/obj/syscalls.o
_lseek_r                                          build/obj/syscalls.o
_pal_lld_init                                     build/obj/pal_lld.o
                                                  build/obj/hal.o
_pal_lld_setgroupmode                             build/obj/pal_lld.o
                                                  build/obj/3310-backend.o
                                                  build/obj/playback.o
                                                  build/obj/dac.o
                                                  build/obj/main.o
                                                  build/obj/pal.o
_port_init                                        build/obj/chcore_v7m.o
                                                  build/obj/chsys.o
_port_irq_epilogue                                build/obj/chcore_v7m.o
                                                  build/obj/serial_lld.o
                                                  build/obj/pwm_lld.o
                                                  build/obj/rtc_lld.o
                                                  build/obj/stm32_dma.o
_port_switch                                      build/obj/chcore_v7m.o
                                                  build/obj/chschd.o
_port_switch_from_isr                             build/obj/chcore_v7m.o
_port_thread_start                                build/obj/chcore_v7m.o
                                                  build/obj/chthreads.o
_read_r                                           build/obj/syscalls.o
_sbrk_r                                           build/obj/syscalls.o
_scheduler_init                                   build/obj/chschd.o
                                                  build/obj/chsys.o
_stm32_dma_streams                                build/obj/stm32_dma.o
                                                  build/obj/spi_lld.o
                                                  build/obj/adc_lld.o
_textdata                                         build/obj/crt0.o
_thread_init                                      build/obj/chthreads.o
                                                  build/obj/chsys.o
_unhandled_exception                              build/obj/vectors.o
_vectors                                          build/obj/vectors.o
_vt_init                                          build/obj/chvt.o
                                                  build/obj/chsys.o
_write_r                                          build/obj/syscalls.o
adcAcquireBus                                     build/obj/adc.o
adcConvert                                        build/obj/adc.o
adcInit                                           build/obj/adc.o
                                                  build/obj/hal.o
adcObjectInit                                     build/obj/adc.o
                                                  build/obj/adc_lld.o
adcReleaseBus                                     build/obj/adc.o
adcStart                                          build/obj/adc.o
adcStartConversion                                build/obj/adc.o
adcStartConversionI                               build/obj/adc.o
adcStop                                           build/obj/adc.o
adcStopConversion                                 build/obj/adc.o