eeschema (2013-07-07 BZR 4022)-stable  >> Creation date: Mon 03 Mar 2014 12:44:20 PM MSK

#Cmp ( order = Value )
| 1n           C4        
| 2.2n         C15       
| 2.2n         C22       
| 10n          C5        
| 10n          C6        
| 10n          C9        
| 10n          C10       
| 100n         C3        
| 100n         C12       
| 100n         C16       
| 100n         C19       
| 100n         C23       
| 100n         C7        
| 100n         C8        
| 100n         C13       
| 4u7          C1        
| 4u7          C2        
| 4u7          C11       
| 4u7          C18       
| 4u7          C24       
| 4u7          C14       
| 4u7          C21       
| 54u          C17       
| 54u          C20       
| 1N5819       D3        
| 1N5819       D4        
| 1N5819       D1        
| 1N5819       D2        
| DIODESCH     D5        
| servo        K1        
| 1-wire       K2        
| 47uH         L1        
| 47uH         L2        
| batt         P1        
| speaker      P2        
| dist         P3        
| btn-1        P4        
| btn-2        P5        
| btn-3        P6        
| led          P7        
| p3           P9        
| led          P10       
| btn-4        P12       
| led          P13       
| led          P14       
| btn-5        P15       
| p1           P8        
| p2           P11       
| bc857        Q1        
| bc847        Q2        
| bc857        Q3        
| bc847        Q4        
| irlml2244    Q5        
| bc847        Q6        
| bc857        Q7        
| bc847        Q8        
| bc857        Q9        
| bc847        Q10       
| bc847        Q11       
| bc857        Q12       
| bc857        Q13       
| bc847        Q14       
| bc847        Q15       
| bc847        Q16       
| bc857        Q17       
| bc857        Q18       
| 0            R5        
| 0            R6        
| 0            R14       
| 0            R25       
| 0            R28       
| 0            R29       
| 0            R33       
| 3            R7        
| 3            R8        
| 10           R1        
| 100          R20       
| 300          R50       
| 300          R55       
| 300          R56       
| 300          R60       
| 1k           R2        
| 1k           R10       
| 1k           R12       
| 1k           R13       
| 1k           R18       
| 1k           R19       
| 1k           R24       
| 1k           R26       
| 1k           R27       
| 1k           R35       
| 1k           R36       
| 1k           R37       
| 1k           R38       
| 1k           R39       
| 1k           R40       
| 1k           R45       
| 1k           R46       
| 1k           R47       
| 1k           R49       
| 2k           R21       
| 2k           R22       
| 4k7          R51       
| 5k1          R32       
| 10k          R41       
| 10k          R9        
| 10k          R16       
| 10k          R23       
| 10k          R30       
| 10k          R53       
| 10k          R58       
| 12k          R31       
| 16k          R17       
| 20k          R34       
| 30k          R42       
| 30k          R3        
| 30k          R4        
| 30k          R11       
| 30k          R15       
| 30k          R43       
| 30k          R44       
| 30k          R48       
| 30k          R52       
| 30k          R54       
| 30k          R57       
| 30k          R59       
| SD           U3        
| NCP3063      U6        
| NCP3063      U7        
| 3310-LCD     U1        
| AD8607_2     U2        
| MINI-USB-B   U4        
| AD8607_2     U5        
| DS18S20      U8        
#End Cmp

#End List
